[   0.000000] Intiliin cgroupsubsy cuset
[   .0000] Initializing cgroup subsy cpu
[    0.000000]Initializingcgou subsys cpuacct
[    0.000000] Linux version 4.4.0-146-generic (buildd@lcy01-amd64-025) (gcc version 5.4.0 20160609 (Ubuntu 5.4.0-6ubuntu1~16.04.10) ) #172-Ubuntu SMP Wed Apr 3 09:00:08 UTC 2019 (Ubuntu 4.4.0-146.172-generic 4.4.177)
[    0.000000] Command lin: BOOT_IMAG=/oo/vmliuz4..0146-generic root=LABL=lodimg-rotfs r cnsle=tty1 conslettS0
[   .000000] KERNEL supportd pus:
[    00000]   Intl GenuineIte
    0.00000]   AMD AutenicMD
[    0.000000]   Cetau CentaurHauls
[    0.000000] x86/fpu: xstate_offset[2]:  576, xstate_sizes[2]:  256
[    0.000000] x86/fpu: Supporting XSAVE feature 0x01: 'x87 floating point registers'
[    0.000000] x86/fpu: Supporting XSAVE feature 0x02: 'SSE registers'
[    0.000000] x86/fpu: Supporting XSAVE feature 0x04: 'AVX registers'
[    0.000000] x86/fpu: Enabled xstate features 0x7, context size is 832 bytes, using 'standard' format.
[    0.000000] e820: BIOS-provided physical RAM map:
[    0.000000] BIOS-e820: [mem 0x0000000000000000-0x000000000009fbff] usable
[    0.000000] BIOS-e820: mem 0x000000000009fc00-0x000000000009ffff] reserved
[    0.000000] BIOS-e820: [mem 0x00000000000f0000-0x000000000000ffff] reserved
[    0.000000] BIOS-e820: [mem 0x0000000000100000-0x000000003ffeffff] usable
[    0.000000] BIOS-e820: [mem 0x000000003fff0000-0x000000003fffffff] ACPI data
[    0.000000] BIOS-e820: [mem 0x00000000fec00000-0x00000000fec00fff] reserved
[    0.000000] BIOS-e820: [mem 0x00000000fee00000-0x00000000fee00fff] reserved
[    0.000000] BIOS-e820: [mem 0x00000000fffc0000-0x00000000ffffffff] reserved
[    0.000000] NX (Execute Disable) protection: active
[    0.000000] SMBIOS 2.5 present.
[    0.000000] Hypervisor detected: KVM
[    0.000000] e820: last_pfn = 0x3fff0 max_ach_pfn= 0x400000000[   0.000000] MTRR: Disabled
[    0.000000] x86/PAT: MTRRs disabled, skipping PAT initialization too.
[    0.00000 CU MTRRs allblnk- irtualze sstm.
[   .000000] x8/PAT: Confiuration [0-7]: WB  WT  UC- UC  WB  WT  UC- UC  
[    0.000000] found SMP MP-table at [mem 0x0009fff0-0x0009ffff] mapped at [ffff88000009fff0]
[    0.000000] Scanning 1 areas for low memory corruption
[    0.000000] RAMDISK: [mem 0x362fc000-0x37175fff]
[    0.000000] ACPI: Early table checksum verification disabled
[    0.000000] ACPI: RSDP 0x00000000000E0000 000024 (v02 VBOX  )
[    0.000000] ACPI: XSDT 0x000000003FFF0030 00003C (v01 VBOX   VBOXXSDT 00000001 ASL  00000061)
[    0.000000] ACPI: FACP 0x000000003FFF00F0 0000F4 (v04 VBOX   VBOXFACP 00000001 ASL  00000061)
[    0.000000] ACPI: DSDT 0x000000003FFF0470 0021FF (v02 VBOX   VBOXBIOS 00000002 INTL 20100528)
[    0.000000] ACPI: FACS 0x000000003FFF0200 0000040
[    0.000000] ACPI: FACS 0x000000003FF20 000040
[   .00000] ACPI:APC x00000003FFF02400005 (v02 VBOX   VBOXAIC0000001 ASL  00000061)[   .000000] API: SSDT 000000003FFF02A0 001CC(v01 VBOX  VBXCPUT 00000 ITL 20100528)
[    0.000000] NoNUA oniguration fun
    0.000000] Fakng a od a [mem 0x0000000000000000-0x000000003ffeffff]
[    0.000000] NODE_DATA(0) allocated [mem 0x3ffeb000-0x3ffeffff]
[    0.000000] kvm-clock: Using msrs 4b564d01 and 4b564d00
[    0.000000] kvm-clock: cpu 0, msr 0:3ffe3001, primary cpu clock
[    0.000000] kvm-clock: using sched offset of 3704089662 cycles
[    0.000000] clocksource: kvm-clock: mask: 0xffffffffffffffff max_cycles: 0x1cd42e4dffb, max_idle_ns: 881590591483 ns
[    0.000000] Zone ranges:
[    0.000000]   DMA      [mem 0x0000000000001000-0x0000000000ffffff]
[    0.000000]   DMA32    [mem 0x0000000001000000-0x000000003ffeffff]
[    0.000000]   Normal   empty
[    0.000000]   Device   empty
[    0.000000] Movable zone start for each node
[    0.000000] Early memory node ranges
[    0.000000]  node   0: [mem 0x0000000000001000-0x000000000009efff]
[    0.000000]   node   0:: [mem 0x0000000000100000-0x000000003ffeffff]
[    0.000000] Itmeem seup node 0 [mem 0x0000000000001000-0x000000003ffeffff]
[    0.000000] ACPI: PM-Timer IO Port: 0x408
[    0.000000] IOAPIC[0]: apic_id 2, version 32, address 0xfec00000, GSI 0-23
[    0.000000] ACPI: INT_SRC_OVR (bus 0 bus_irq 0 global_irq 2 dfl dfl)
[    0.000000] ACPI: INT_SRC_OVR (bus 0 bus_irq 9 global_iq 9 lo levl)
[    0.000000] Using CPI MAT) for SMP configuratin infomaio
[    0.0000] mpbot: Allowig 2 CPU,  htplug CPUs
[    0.000000] PM: Registered nosave memory: [mem 0x00000000-0x00000fff]
[    0.0000]PM: Registre nsae memory: me 0009f000-0x0009ffff]
[    0.00000] PM: Registered nosave memory: [mem 0x000a00000x000fff]
[   .0000] PM: Registerednoav mmory: [em0x000f0000-0x000fffff]
[    0.000000] e820: [mem 0x4000000-0xfebfffff] available for PCI devices
[   .0000] Booting paavrtalized kernel onKV
    0.00000 cocksouce: refined-jiffies: ask: 0xfffffffma_cycles: 0xffffffff, max_idle_nss: 7645519600211568 ns
[    0.000000] setup_percpu: NR_CPUS:512 nr_cpumas_bts512 nr_cpu_ids:2 nr_node_ids:1
[    0.000000] PERCPU: Embedded 34 pages/cpu @ffff88003fc00000 s99480 r8192 d31592 u1048576
[    0.000000] Built 1 zonelists in Node order, mobility grouping on.  Total pages: 257912
[    0.000000] Policy zone: DMA32
[    0.000000] Kernel command line: BOOT_IMAGE=/boot/vmlinuz-4.4.0-146-generic root=LABEL=cloudimg-rootfs ro console=tty1 console=ttyS0
[    0.000000] PID hash table entries: 4096 (order: 3, 32768 bytes)
[    0.000000] Memory: 997736K/1048120K available (8609K kernel code, 1334K rwdata, 4028K rodata, 1484K init, 1284K bss, 50384K reserved, 0K cma-reserved)
[    0.000000] SLUB: HWalign=64, Order=0-33, MinObjects=0, CPUs=2, Node1
[    0.000000] Kernel/User page tables isolation: enabled
[    0.000000] Hierarchical RCU implementation.
[    0.000000] 	Build-time adjustment of leaf fanout to 64.
[    0.000000] 	RCU restricting CPUs from NR_CPUS=512 to nr_cpu_ids=2.
[    0.000000] RCU: Adjusting geometry for rcu_fanout_leaf=64, nr_cpu_ids=2
[    0.000000] NR_IRQS:33024 nr_irqs:440 16
[    0.000000] Console: colour VGA+ 80x25
[    0.0000000]console [tty1] enabled
[    0.00000] console [ttyS0] enabled
[    0.0000]ts: Detected 2700.000 MHz processor
[    3.356217] Calibrating delay loop (skipped) preset value.. 5400.00 BogoMIPS (lpj=10800000)
[    3.385869] pid_max: default: 32768 minimum: 301
[    3.388022] ACPI: Core revision 20150930
[    3.390461] ACPI: 2 ACPI AML tables successfully acquired and loaded
[    3.409598] Security Framework initialized
[    3.439850] Yama: becoming mindful.
[    3.464923] AppArmor: AppArmor initialized
[    3.479848] Dentry cache hash table entries: 131072 (order: 8, 1048576 bytes)
[    3.513872] Inode-cache hash table entries: 65536 (order: 7, 524288 bytes)
[    3.522537] Mount-cache hash table entries: 2048 (order: 2, 16384 bytes)
[    3.571748] Mountpoint-cache hash table entries: 2048 (order: 2, 16384 bytes)
[    3.609789] Initializing cgroup subsys io
[    3.621748] Initializing cgroup subsys memory
[    3.632320] Initializing cgroup subsys devices
[    3.652006] Initializing cgroup subsys freezer
[    3.672954] Initializing cgroup subsys net_cls
[    3.674709] Initializing cgroup subsys perf_event
[    3.688218] Initializing cgroup subsys net_prio
[    3.716874] Initializing cgroup subsys hugetlb
[    3.741253] Initializing cgroup subsys pids
[    3.771304] mce: CPU supports 0 MCE banks
[    3.784010] Last level iTLB entries: 4KB 64, 2MB 8, 4MB 8
[    3.809372] Last level dTLB entries: 4KB 64, 2MB 0, 4MB 0, 1GB 4
[    3.841824] Spectre V2 : Mitigation: Full generic retpoline
[    3.869776] Spectre V2 : Spectre v2 / SpectreRSB mitigation: Filling RSB on context switch
[    3.924124] Speculative Store Bypass: Vulnerable
[    3.955714] Freeing SMP alternatives memory: 36K
[    3.978920] ftrace: allocating 32287 entries in 127 pages
[    4.076227] smpboot: APIC(0) Converting physical 0 to logical package 0
[    4.110075] smpboot: Max logical packages: 1
[    4.121996] x2apic enabled
[    4.123525] Switched APIC routing to physical x2apic.
[    4.142443] ..TIMER: vector=0x30 apic1=0 pin1=2 apic2=-1 pin2=-1
[    4.267586] smpboot: CPU0: Intel(R) Core(TM) i5-5257U CPU @ 2.70GHz (family: 0x6, model: 0x3d, stepping: 0x4)
[    4.284405] Performance Events: unsupported p6 CPU model 61 no PMU driver, software events only.
[    4.298789] KVM setup paravirtual spinlock
[    4.301261] x86: Booting SMP configuration:
[    4.302954] .... node  #0, CPUs:      #1
[    4.304646] kvm-clock: cpu 1, msr 0:3ffe3041, secondary cpu clock
[    4.314450] mce: CPU supports 0 MCE banks
[    4.317954] x86: Booted up 1 node, 2 CPUs
[    4.323342] smpboot: Total of 2 processors activated (10800.00 BogoMIPS)
[    4.327757] devtmpfs: initialized
[    4.331903] evm: security.selinux
[    4.336411] evm: security.SMACK64
[    4.338357] evm: security.SMACK64EXEC
[    4.342189] evm: security.SMACK64TRANSMUTE
[    4.344575] evm: security.SMACK64MMAP
[    4.346383] evm: security.ima
[    4.348468] evm: security.capability
[    4.351174] clocksource: jiffies: mask: 0xffffffff max_cycles: 0xffffffff, max_idle_ns: 7645041785100000 ns
[    4.356558] futex hash table entries: 512 (order: 3, 32768 bytes)
[    4.360380] pinctrl core: initialized pinctrl subsystem
[    4.363707] RTC time: 15:38:47, date: 08/23/19
[    4.366907] NET: Registered protocol family 16
[    4.379260] cpuidle: using governor ladder
[    4.391394] cpuidle: using governor menu
[    4.393515] PCCT header not found.
[    4.397833] ACPI: bus type PCI registered
[    4.408374] acpiphp: ACPI Hot Plug PCI Controller Driver version: 0.5
[    4.415541] PCI: Using configuration type 1 for base access
[    4.429424] ACPI: Added _OSI(Module Device)
[    4.446570] ACPI: Added _OSI(Processor Device)
[    4.460064] ACPI: Added _OSI(3.0 _SCP Extensions)
[    4.474948] ACPI: Added _OSI(Processor Aggregator Device)
[    4.496224] ACPI: Executed 1 blocks of module-level executable AML code
[    4.518206] ACPI: Interpreter enabled
[    4.520102] ACPI: (supports S0 S5)
[    4.524084] ACPI: Using IOAPIC for interrupt routing
[    4.538160] PCI: Using host bridge windows from ACPI; if necessary, use "pci=nocrs" and report a bug
[    4.571968] ACPI: PCI Root Bridge [PCI0] (domain 0000 [bus 00-ff])
[    4.586246] acpi PNP0A03:00: _OSC: OS supports [ASPM ClockPM Segments MSI]
[    4.588897] acpi PNP0A03:00: _OSC: not requesting OS control; OS requires [ExtendedConfig ASPM ClockPM MSI]
[    4.623668] acpi PNP0A03:00: fail to add MMCONFIG information, can't access extended PCI configuration space under this bridge.
[    4.654313] PCI host bridge to bus 0000:00
[    4.670068] pci_bus 0000:00: root bus resource [io  0x0000-0x0cf7 window]
[    4.697471] pci_bus 0000:00: root bus resource [io  0x0d00-0xffff window]
[    4.721148] pci_bus 0000:00: root bus resource [mem 0x000a0000-0x000bffff window]
[    4.749425] pci_bus 0000:00: root bus resource [mem 0x40000000-0xfdffffff window]
[    4.778008] pci_bus 0000:00: root bus resource [bus 00-ff]
[    4.783492] pci 0000:00:01.1: legacy IDE quirk: reg 0x10: [io  0x01f0-0x01f7]
[    4.804777] pci 0000:00:01.1: legacy IDE quirk: reg 0x14: [io  0x03f6]
[    4.824496] pci 0000:00:01.1: legacy IDE quirk: reg 0x18: [io  0x0170-0x0177]
[    4.837891] pci 0000:00:01.1: legacy IDE quirk: reg 0x1c: [io  0x0376]
[    4.880133] pci 0000:00:07.0: quirk: [io  0x4000-0x403f] claimed by PIIX4 ACPI
[    4.897621] pci 0000:00:07.0: quirk: [io  0x4100-0x410f] claimed by PIIX4 SMB
[    4.942220] ACPI: PCI Interrupt Link [LNKA] (IRQs 5 9 10 *11)
[    4.964373] ACPI: PCI Interrupt Link [LNKB] (IRQs 5 9 *10 11)
[    4.974858] ACPI: PCI Interrupt Link [LNKC] (IRQs 5 *9 10 11)
[    4.987805] ACPI: PCI Interrupt Link [LNKD] (IRQs 5 9 10 *11)
[    5.009779] ACPI: Enabled 2 GPEs in block 00 to 07
[    5.025600] vgaarb: setting as boot device: PCI:0000:00:02.0
[    5.045012] vgaarb: device added: PCI:0000:00:02.0,decodes=io+mem,owns=io+mem,locks=none
[    5.072224] vgaarb: loaded
[    5.076590] vgaarb: bridge control possible 0000:00:02.0
[    5.078880] SCSI subsystem initialized
[    5.088208] ACPI: bus type USB registered
[    5.099525] usbcore: registered new interface driver usbfs
[    5.116230] usbcore: registered new interface driver hub
[    5.118277] usbcore: registered new device driver usb
[    5.123782] PCI: Using ACPI for IRQ routing
[    5.139970] NetLabel: Initializing
[    5.147365] NetLabel:  domain hash size = 128
[    5.163316] NetLabel:  protocols = UNLABELED CIPSOv4
[    5.180623] NetLabel:  unlabeled traffic allowed by default
[    5.188639] amd_nb: Cannot enumerate AMD northbridges
[    5.209867] clocksource: Switched to clocksource kvm-clock
[    .220422 AppAror: ApArorFilesstm Enabled
[    5.426047] pnp: PnP ACPI init
[    5.428995] pnp: PnP ACPI: found 3 devices

[    5.444712] clocksource: acpi_pm: mask: 0xffffff max_cycles: 0xffffff, max_idle_ns: 2085701024 ns
[    5.447400] NET: Registered protocol family 2
[    5.448935] TCP established hash tble entries: 8192 (order: 4, 65536 bytes)

[    5.490194] TCP bind hash table entries: 8192 (order: 5, 131072 bytes)
[    5494009]TC: as tbles configre (estabished 819 bnd812)
   582042] UDP hashtaleentrie: 12(order 2 138 bytes)
[   .1427]UD-Lite hash table entie: 12(order 2 16384 byte)[   .43916] NET: Registered protocol family 1
[    6.568387] pci 0000:00:00.0: Limiting direct PCI/PCI transfers
[    6.570695] pci 0000:00:01.0: Activating ISA DMA hang workarounds
[    6.573237] Unpacking initramfs...

[    6.842104] Freeing initrd memory: 14824K
[    6.877776] RAPL PMU detected, API unit is 2^-32 Joules, 4 fixed counters 10737418240 ms ovfl timer
[    6.904742] hw unit of domain pp0-core 2^-0 Joules
[    6.906604] hw unit of domain package 2^-0 Joules
[    6.908412] hw unit of domain dram 2^-0 Joules
[    6.910164] hw unit of domain pp1-gpu 2^-0 Joules
[    6.927151] platform rtc_cmos: registered platform RTC device (no PNP device found)
[    6.989653] Scanning for low memory corruption every 60 seconds
[    7.027354] audit: initializing netlink subsys (disabled)
[    7.059705] audit: type=2000 audit(1566574730.142:1): initialized
[    7.085007] Initialise system trusted keyring
[    7.094571] HugeTLB registered 2 MB page size, pre-allocated 0 pages
[    7.109527] zbud: loaded
[    7.115568] VFS: Disk quotas dquot_6.6.0
[    7.124020] VFS: Dquot-cache hash table entries: 512 (order 0, 4096 bytes)
[    7.145645] squashfs: version 4.0 (2009/01/31) Phillip Lougher
[    7.163175] fuse init (API version 7.23)
[    7.170705] Key type big_key registered
[    7.183260] Allocating IMA MOK and blacklist keyrings.
[    7.225774] Key type asymmetric registered
[    7.227138] Asymmetric key parser 'x509' registered
[    7.228583] Block layer SCSI generic (bsg) driver version 0.4 loaded (major 249)
[    7.245625] io scheduler noop registered
[    7.248494] io scheduler deadline registered (default)
[    7.264869] io scheduler cfq registered
[    7.271585] pci_hotplug: PCI Hot Plug PCI Core version: 0.5
[    7.294515] pciehp: PCI Express Hot Plug Controller Driver version: 0.4
[    7.323947] ACPI: AC Adapter [AC] (off-line)
[    7.334001] input: Power Button as /devices/LNXSYSTM:00/LNXPWRBN:00/input/input0
[    7.336880] ACPI: Power Button [PWRF]
[    7.339081] input: Sleep Button as /devices/LNXSYSTM:00/LNXSLPBN:00/input/input1
[    7.356076] ACPI: Sleep Button [SLPF]
[    7.359067] ACPI: Battery Slot [BAT0] (battery present)
[    7.366216] GHES: HEST is not enabled!
[    7.376924] Serial: 8250/16550 driver, 32 ports, IRQ sharing enabled
[   .46179] 0:0: ty0 at I/O 0x3f8 (irq = 4, base_baud= 1500 i a 16550A

[    7.695477] Linux agpgart interface v0.103
[    7.699105] loop: module loaded
[    7.701225] scsi host0: ata_piix
[    7.702966] scsi host1: ata_piix
[    7.704366] ata1: PATA max UDMA/33 cmd 0x1f0 ctl 0x3f6 bmdma 0xd000 irq 14
[    7.706985] ata2: PATA max UDMA/33 cmd 0x170 ctl 0x376 bmdma 0xd008 irq 15
[    7.710180] libphy: Fixed MDIO Bus: probed
[    7.711757] tun: Universal TUN/TAP device driver, 1.6
[    7.714391] tun: (C) 1999-2004 Max Krasnyansky <maxk@qualcomm.com>
[    7.717349] PPP generic driver version 2.4.2
[    7.719381] ehci_hcd: USB 2.0 'Enhanced' Host Controller (EHCI) Driver
[    7.723857] ehci-pci: EHCI PCI platform driver
[    7.726613] ehci-platform: EHCI generic platform driver
[    7.730700] ohci_hcd: USB 1.1 'Open' Host Controller (OHCI) Driver
[    7.733705] ohci-pci: OHCI PCI platform driver
[    7.736375] ohci-platform: OHCI generic platform driver
[    7.739146] uhci_hcd: USB Universal Host Controller Interface driver
[    7.743544] i8042: PNP: PS/2 Controller [PNP0303:PS2K,PNP0f03:PS2M] at 0x60,0x64 irq 1,12
[    7.750994] serio: i8042 KBD port at 0x60,0x64 irq 1
[    7.755163] serio: i8042 AUX port at 0x60,0x64 irq 12
[    7.758395] mousedev: PS/2 mouse device common for all mice
[    7.763147] rtc_cmos rtc_cmos: rtc core: registered rtc_cmos as rtc0
[    7.766518] input: AT Translated Set 2 keyboard as /devices/platform/i8042/serio0/input/input2
[    7.771794] rtc_cmos rtc_cmos: alarms up to one day, 114 bytes nvram
[    7.775268] i2c /dev entries driver
[    7.777851] device-mapper: uevent: version 1.0.3
[    7.781394] device-mapper: ioctl: 4.34.0-ioctl (2015-10-28) initialised: dm-devel@redhat.com
[    7.786212] ledtrig-cpu: registered to indicate activity on CPUs
[    7.790545] NET: Registered protocol family 10
[    7.795104] NET: Registered protocol family 17
[    7.821203] Key type dns_resolver registered
[    7.839657] registered taskstats version 1
[    7.859887] Loading compiled-inX.09 certificates
[    7.925946] tsc: Refined TSC clocksource calibration:2700104 MHz

[    7.925948] clocksource: tsc: mask: 0xffffffffffffffff max_cycles: 0x26eba0fa031, max_idle_ns: 440795322766 ns
[    7.9656]Lode X509 cet Buld im atogenerated kene ky:4db2c27cf43e0c20c44384f6863c0294489
[    8.548113] zswap: loaded using pool lzo/zbud
[    8.577041] Key type trusted registered
[    8.594716] Key type encrypted registered
[    8.614821] AppArmor: AppArmor sha1 policy hashing enabled
[    8.616899] ima: No TPM chip found, activating TPM-bypass!
[    8.634932] ima: Allocated hash algorithm: sha1
[    8.660044] evm: HMAC attrs: 0x1
[    8.675226]   Magic number: 15:911:639
[    8.687222] rtc_cmos rtc_cmos: setting system clock to 2019-08-23 15:38:51 UTC (1566574731)
[    8.703109] BIOS EDD facility v0.16 2004-Jun-25, 0 devices found
[    8.708537] EDD information not available.
[    8.711892] Freeing unused kernel memory: 1484K
[    8.742726] Write protecting the kernel read-only data: 14336k
[    8.770960] Freeing unused kernel memory: 1620K
[    8.867679] Freeing unused kernel memory: 68K
Loading, please wait...
starting version 229
[    8.900778] random: systemd-udevd: uninitialized urandom read (16 bytes read, 7 bits of entropy available)
[    8.901519] random: udevadm: uninitialized urandom read (16 bytes read, 7 bits of entropy available)
[    8.901544] random: udevadm: uninitialized urandom read (16 bytes read, 7 bits of entropy available)
[    8.923291] random: udevadm: uninitialized urandom read (16 bytes read, 7 bits of entropy available)
[    8.923357] random: udevadm: uninitialized urandom read (16 bytes read, 7 bits of entropy available)
[    8.923772] random: udevadm: uninitialized urandom read (16 bytes read, 7 bits of entropy available)
[    8.923972] random: udevadm: uninitialized urandom read (16 bytes read, 7 bits of entropy available)
[    8.924052] random: udevadm: uninitialized urandom read (16 bytes read, 7 bits of entropy available)
[    8.924192] random: udevadm: uninitialized urandom read (16 bytes read, 7 bits of entropy available)
[    8.924417] random: udevadm: uninitialized urandom read (16 bytes read, 7 bits of entropy available)
[    9.103006] e1000: Intel(R) PRO/1000 Network Driver - version 7.3.21-k8-NAPI
[    9.105768] e1000: Copyright (c) 1999-2006 Intel Corporation.
[    9.109522] Fusion MPT base driver 3.04.20
[    9.111114] Copyright (c) 1999-2008 LSI Corporation
[    9.131225] Fusion MPT SPI Host driver 3.04.20
[    9.135833] AVX2 version of gcm_enc/dec engaged.
[    9.137974] AES CTR mode by8 optimization enabled
[    9.320431] input: ImExPS/2 Generic Explorer Mouse as /devices/platform/i8042/serio1/input/input4
[    9.556660] e1000 0000:00:03.0 eth0: (PCI:33MHz:32-bit) 02:26:7f:6e:ca:81
[    9.568096] e1000 0000:00:03.0 eth0: Intel(R) PRO/1000 Network Connection
[    9.601154] mptbase: ioc0: Initiating bringup
[    9.618929] e1000 0000:00:03.0 enp0s3: renamed from eth0
[    9.687002] ioc0: LSI53C1030 A0: Capabilities={Initiator}
[    9.874764] scsi host2: ioc0: LSI53C1030 A0, FwRev=00000000h, Ports=1, MaxQ=256, IRQ=20
[    9.986877] scsi 2:0:0:0: Direct-Access     VBOX     HARDDISK         1.0  PQ: 0 ANSI: 5
[    9.989444] scsi target2:0:0: Beginning Domain Validation
[    9.994402] scsi target2:0:0: Domain Validation skipping write tests
[    9.996910] scsi target2:0:0: Ending Domain Validation
[    9.999615] scsi target2:0:0: asynchronous
[   10.003276] scsi 2:0:1:0: Direct-Access     VBOX     HARDDISK         1.0  PQ: 0 ANSI: 5
[   10.169467] scsi target2:0:1: Beginning Domain Validation
[   10.188775] scsi target2:0:1: Domain Validation skipping write tests
[   10.191638] scsi target2:0:1: Ending Domain Validation
[   10.210436] scsi target2:0:1: asynchronous
[   10.466776] sd 2:0:0:0: Attached scsi generic sg0 type 0
[   10.468411] sd 2:0:0:0: [sda] 20971520 512-byte logical blocks: (10.7 GB/10.0 GiB)
[   10.468768] sd 2:0:1:0: [sdb] 20480 512-byte logical blocks: (10.5 MB/10.0 MiB)
[   10.468988] sd 2:0:1:0: [sdb] Write Protect is off
[   10.469141] sd 2:0:1:0: [sdb] Incomplete mode parameter data
[   10.469142] sd 2:0:1:0: [sdb] Assuming drive cache: write through
[   10.487290] sd 2:0:1:0: Attached scsi generic sg1 type 0
[   10.489680] sd 2:0:1:0: [sdb] Attached SCSI disk
[   10.560061] sd 2:0:0:0: [sda] Write Protect is off
[   10.569376] sd 2:0:0:0: [sda] Incomplete mode parameter data
[   10.588163] sd 2:0:0:0: [sda] Assuming drive cache: write through
[   10.614504]  sda: sda1
[   10.624720] sd 2:0:0:0: [sda] Attached SCSI disk
Begin: Loading essential drivers ... [   11.954040] md: linear personality registered for level -1
[   11.964756] md: multipath personality registered for level -4
[   11.969946] md: raid0 personality registered for level 0
[   11.977507] md: raid1 personality registered for level 1
[   12.053973] raid6: sse2x1   gen()  4521 MB/s
[   12.130237] raid6: sse2x1   xor()  5598 MB/s
[   12.197929] raid6: sse2x2   gen()  6627 MB/s
[   12.282021] raid6: sse2x2   xor()  4859 MB/s
[   12.358412] raid6: sse2x4   gen()  8688 MB/s
[   12.434073] raid6: sse2x4   xor()  9484 MB/s
[   12.509827] raid6: avx2x1   gen() 18311 MB/s
[   12.609805] raid6: avx2x2   gen() 22485 MB/s
[   12.695757] raid6: avx2x4   gen() 24658 MB/s
[   12.707143] raid6: using algorithm avx2x4 gen() 24658 MB/s
[   12.709228] raid6: using avx2x2 recovery algorithm
[   12.712611] xor: automatically using best checksumming function:
[   12.761947]    avx       : 25793.000 MB/sec
[   12.781345] async_tx: api initialized (async)
[   12.794486] md: raid6 personality registered for level 6
[   12.815001] md: raid5 personality registered for level 5
[   12.839312] md: raid4 personality registered for level 4
[   12.869183] md: raid10 personality registered for level 10
done.
Begin: Running /scripts/init-premount ... done.
Begin: Mounting root file system ... Begin: Running /scripts/local-top ... done.
Begin: Running /scripts/local-premount ... [   12.912584] Btrfs loaded
Scanning for Btrfs filesystems
done.
Warning: fsck not present, so sk[   12.948904] EXT4-fs (sda1): mounted filesystem with ordered data mode. Opts: (null)
ipping root file system
done.
Begin: Running /scripts/local-bottom ... done.
Begin: Running /scripts/init-bottom ... done.
[   13.042575] systemd[1]: systemd 229 running in system mode. (+PAM +AUDIT +SELINUX +IMA +APPARMOR +SMACK +SYSVINIT +UTMP +LIBCRYPTSETUP +GCRYPT +GNUTLS +ACL +XZ -LZ4 +SECCOMP +BLKID +ELFUTILS +KMOD -IDN)
[   13.123111] systemd[1]: Detected virtualization oracle.
[   13.149420] systemd[1]: Detected architecture x86-64.

Welcome to [1mUbuntu 16.04.6 LTS[0m!

[   13.166533] systemd[1]: Set hostname to <ubuntu>.
[   13.186175] systemd[1]: Initializing machine ID from random generator.
[   13.188142] systemd[1]: Installed transient /etc/machine-id file.
[   13.316806] systemd[1]: Created slice User and Session Slice.
[[0;32m  OK  [0m] Created slice User and Session Slice.
[   13.321239] systemd[1]: Started Trigger resolvconf update for networkd DNS.
[[0;32m  OK  [0m] Started Trigger resolvconf update for networkd DNS.
[   13.333795] systemd[1]: Listening on Journal Socket.
[[0;32m  OK  [0m] Listening on Journal Socket.
[   13.352702] systemd[1]: Listening on Device-mapper event daemon FIFOs.
[[0;32m  OK  [0m] Listening on Device-mapper event daemon FIFOs.
[   13.358151] systemd[1]: Set up automount Arbitrary Executable File Formats File System Automount Point.
[[0;32m  OK  [0m] Set up automount Arbitrary Executab...ats File System Automount Point.
[   13.370375] systemd[1]: Reached target Swap.
[[0;32m  OK  [0m] Reached target Swap.
[   13.374197] systemd[1]: Listening on udev Kernel Socket.
[[0;32m  OK  [0m] Listening on udev Kernel Socket.
[   13.378900] systemd[1]: Listening on Journal Socket (/dev/log).
[[0;32m  OK  [0m] Listening on Journal Socket (/dev/log).
[   13.385694] systemd[1]: Listening on Journal Audit Socket.
[[0;32m  OK  [0m] Listening on Journal Audit Socket.
[   13.400464] systemd[1]: Listening on LVM2 poll daemon socket.
[[0;32m  OK  [0m] Listening on LVM2 poll daemon socket.
[   13.409540] systemd[1]: Reached target User and Group Name Lookups.
[[0;32m  OK  [0m] Reached target User and Group Name Lookups.
[   13.418679] systemd[1]: Listening on /dev/initctl Compatibility Named Pipe.
[[0;32m  OK  [0m] Listening on /dev/initctl Compatibility Named Pipe.
[   13.428266] systemd[1]: Started Forward Password Requests to Wall Directory Watch.
[[0;32m  OK  [0m] Started Forward Password Requests to Wall Directory Watch.
[   13.440800] systemd[1]: Reached target Encrypted Volumes.
[[0;32m  OK  [0m] Reached target Encrypted Volumes.
[   13.453393] systemd[1]: Reached target System Time Synchronized.
[[0;32m  OK  [0m] Reached target System Time Synchronized.
[   13.479949] systemd[1]: Listening on Syslog Socket.
[[0;32m  OK  [0m] Listening on Syslog Socket.
[   13.484153] systemd[1]: Listening on udev Control Socket.
[[0;32m  OK  [0m] Listening on udev Control Socket.
[   13.509161] systemd[1]: Listening on LVM2 metadata daemon socket.
[[0;32m  OK  [0m] Listening on LVM2 metadata daemon socket.
[   13.580129] systemd[1]: Created slice System Slice.
[[0;32m  OK  [0m] Created slice System Slice.
[   13.592206] systemd[1]: Reached target Slices.
[[0;32m  OK  [0m] Reached target Slices.
[   13.634752] systemd[1]: Starting Journal Service...
         Starting Journal Service...
[   13.659897] systemd[1]: Starting Set console keymap...
         Starting Set console keymap...
[   13.674129] systemd[1]: Starting Create list of required static device nodes for the current kernel...
         Starting Create list of required st... nodes for the current kernel...
[   13.688521] systemd[1]: Mounting POSIX Message Queue File System...
         Mounting POSIX Message Queue File System...
[   13.694682] systemd[1]: Starting Monitoring of LVM2 mirrors, snapshots etc. using dmeventd or progress polling...
         Starting Monitoring of LVM2 mirrors... dmeventd or progress polling...
[   13.706902] systemd[1]: Starting Remount Root and Kernel File Systems...
         [   13.713803] EXT4-fs (sda1): re-mounted. Opts: (null)
Starting Remount Root and Kernel File Systems...
[   13.718274] systemd[1]: Mounting Huge Pages File System...
         Mounting Huge Pages File System...
[   13.726437] systemd[1]: Starting Uncomplicated firewall...
         Starting Uncomplicated firewall...
[   13.735375] systemd[1]: Starting Load Kernel Modules...
         Starting Load Kernel Modules...
[   13.763597] systemd[1]: Mounting Debug File System...
         Mounting Debug File System...[   13.767464] random: nonblocking pool is initialized
[   13.769746] Loading iSCSI transport class v2.0-870.

[   13.771888] systemd[1]: Created slice system-serial\x2dgetty.slice.
[[0;32m  OK  [0m] Created slice sy[   13.778483] iscsi: registered transport (tcp)
stem-serial\x2dgetty.slice.
[   13.806057] systemd[1]: Starting Nameserver information manager...
         Starting Nameserver information manager...
[   13.813337] systemd[1]: Mounted Debug File System.
[[0;32m  OK  [0m] Mounted Debug File System.
[   13.818135] systemd[1]: Mounted Huge Pages File System.
[[0;32m  OK  [0m] Mounted Huge Pag[   13.825149] iscsi: registered transport (iser)
es File System.
[   13.855341] systemd[1]: Mounted POSIX Message Queue File System.
[[0;32m  OK  [0m] Mounted POSIX Message Queue File System.
[   1.890362] systemd[]:StartedJornl Servce
[[0;32m  OK  [0m] Started Journal Service.
[[0;32m  OK  [0m] Started Set console keymap.
[[0;32m  OK  [0m] Started Create list of required sta...ce nodes for the current kernel.
[[0;32m  OK  [0m] Started Remount Root and Kernel File Systems.
[[0;32m  OK  [0m] Started Uncomplicated firewall.
[[0;32m  OK  [0m] Started Load Kernel Modules.
[[0;32m  OK  [0m] Started Nameserver information manager.
[[0;32m  OK  [0m] Started LVM2 metadata daemon.
         Starting Apply Kernel Variables...
         Mounting FUSE Control File System...
         Starting Load/Save Random Seed...
         Starting udev Coldplug all Devices...
         Starting Create Static Device Nodes in /dev...
         Starting Flush Journal to Persistent Storage...
[[0;32m  OK  [0m] Mounted FUSE Control File System.
[[0;32m  OK  [0m] Started Apply Kernel Variables.
[[0;32m  OK  [0m] Started Load/Save Random Seed.
[[0;32m  OK  [0m] Started Create Static Device Nodes in /dev.
[[0;32m  OK  [0m] Started udev Coldplug all Devices.
[[0;32m  OK  [0m] Started Flush Journal to Persistent Storage.
         Starting udev Kernel Device Manager...
[[0;32m  OK  [0m] Started udev Kernel Device Manager.
[[0;32m  OK  [0m] Started Dispatch Password Requests to Console Directory Watch.
[[0;32m  OK  [0m] Found device /dev/ttyS0.
[[0;32m  OK  [0m] Listening on Load/Save RF Kill Switch Status /dev/rfkill Watch.
[[0;32m  OK  [0m] Started Monitoring of LVM2 mirrors,...ng dmeventd or progress polling.
[[0;32m  OK  [0m] Reached target Local File Systems (Pre).
[[0;32m  OK  [0m] Reached target Local File Systems.
         Starting LSB: AppArmor initialization...
         Starting Commit a transient machine-id on disk...
         Starting Create Volatile Files and Directories...
         Starting Set console font and keymap...
         Starting Tell Plymouth To Write Out Runtime Data...
         Starting Initial cloud-init job (pre-networking)...
[[0;32m  OK  [0m] Started Commit a transient machine-id on disk.
[[0;32m  OK  [0m] Started Create Volatile Files and Directories.
[[0;32m  OK  [0m] Started Tell Plymouth To Write Out Runtime Data.
         Starting Update UTMP about System Boot/Shutdown...
[[0;32m  OK  [0m] Started Update UTMP about System Boot/Shutdown.
[[0;32m  OK  [0m] Started Set console font and keymap.
[[0;32m  OK  [0m] Created slice system-getty.slice.
[[0;32m  OK  [0m] Started LSB: AppArmor initialization.
[   12.017259] cloud-init[638]: Cloud-init v. 18.5-45-g3554ffe8-0ubuntu1~16.04.1 running 'init-local' at Fri, 23 Aug 2019 15:38:59 +0000. Up 11.71 seconds.
[[0;32m  OK  [0m] Started Initial cloud-init job (pre-networking).
[[0;32m  OK  [0m] Reached target Network (Pre).
         Starting Raise network interfaces...
[[0;32m  OK  [0m] Started Raise network interfaces.
         Starting Initial cloud-init job (metadata service crawler)...
[[0;32m  OK  [0m] Reached target Network.
[   13.523396] cloud-init[935]: Cloud-init v. 18.5-45-g3554ffe8-0ubuntu1~16.04.1 running 'init' at Fri, 23 Aug 2019 15:39:00 +0000. Up 12.72 seconds.
[   13.538089] cloud-init[935]: ci-info: ++++++++++++++++++++++++++++++++++++++Net device info++++++++++++++++++++++++++++++++++++++
[   13.590484] [[0;32m  OK  [0m] Started Initial cloud-init job (metadata service crawler).
[[0;32m  OK  [0m] Reached target System Initialization.
[[0;32m  OK  [0m] Started Daily apt download activities.
cloud-init[935]: ci-info: +--------+------+----------------------------+---------------+--------+-------------------+
[   13.662581] [[0;32m  OK  [0m] Listening on UUID daemon activation socket.
cloud-init[935]: ci-info: | Device |  Up  |          Address           |      Mask     | Scope  |     Hw-Address    |
[[0;32m  OK  [0m] Started ACPI Events Check.
[[0;32m  OK  [0m] Reached target Paths.
         Starting Socket activation for snappy daemon.
[[   13.719592] [0;32m  OK  [0mcloud-init] [935]: Started Daily apt upgrade and clean activities.ci-info: +--------+------+----------------------------+---------------+--------+-------------------+

[   13.832226] [[0;32m  OK  [0m] Listening on D-Bus System Message Bus Socket.
cloud-init[935]: ci-info: | enp0s3 | True |         10.0.2.15          | 255.255.255.0 | global | 02:26:7f:6e:ca:81 |
[   13.888766]          Starting LXD - unix socket.
[[0;32m  OK  [0m] Listening on ACPID Listen Socket.
[[0;32m  OK  [0m] Started Daily Cleanup of Temporary Directories.
cloud-init[935]: ci-info: | enp0s3 | True | fe80::26:7fff:fe6e:ca81/64 |       .       |  link  | 02:26:7f:6e:ca:81 |
[   13.922285] [[0;32m  OK  [0m] Reached target Timers.
[[0;32m  OK  [0m] Reached target Network is Online.
cloud-init[935]: ci-info: |   lo   | True |         127.0.0.1          |   255.0.0.0   |  host  |         .         |
[   14.005651] cloud-init         Starting iSCSI initiator daemon (iscsid)...
[[0;32m  OK  [0m] Reached target Cloud-config availability.
[[0;32m  OK  [0m] Listening on Socket activation for snappy daemon.
[935]: ci-info: |   lo   | True |          ::1/128           |       .       |  host  |         .         |
[   14.063483] [[0;32m  OK  [0m] Listening on LXD - unix socket.
cloud-init[935]: ci-info: +--------+------+----------------------------+---------------+--------+-------------------+
[   14.080632] cloud-init[935]: [[0;32m  OK  [0m] Started iSCSI initiator daemon (iscsid).
ci-info: +++++++++++++++++++++++++++Route IPv4 info++++++++++++++++++++++++++++         Starting Login to default iSCSI targets...
[[0;32m  OK  [0m] Reached target Sockets.
[[0;32m  OK  [0m] Reached target Basic System.

         Starting Accounts Service...
[   14.096424] cloud-init[935]: ci-info: +-------+-------------+----------+---------------+-----------+-------+
         Starting Pollinate to seed the pseudo random number generator...
[[0;32m  OK  [0m] Started D-Bus System Message Bus.
[   14.154799] cloud-init[935]: ci-info: | Route | Destination | Gateway  |    Genmask    | Interface | Flags |
         Starting /etc/rc.local Compatibility...
         Starting LXD - container startup/shutdown...
[   14.182522] cloud-init[935]: ci-info: +-------+-------------+----------+---------------+-----------+-------+
[   14.228918] cloud-init[935]: ci-info: |   0   |   0.0.0.0   | 10.0.2.2 |    0.0.0.0    |   enp0s3  |   UG  |
[[0;32m  OK  [0m] Started Regular background program processing daemon.
[   14.231688] cloud-init[935]: ci-info: |   1   |   10.0.2.0  | 0.0.0.0  | 255.255.255.0 |   enp0s3  |   U   |
[   14.262071]          Starting LSB: MD monitoring daemon...
         Starting Virtualbox guest utils...
[[0;32m  OK  [0m] Started ACPI event daemon.
         Starting Login Service...
[[0;32m  OK  [0m] Started FUSE filesystem for LXC.
cloud-init[935]: ci-info: +-------+-------------+----------+---------------+-----------+-------+
[   14.309662] [[0;32m  OK  [0m] Started Deferred execution scheduler.
cloud-init[935]: ci-info: +++++++++++++++++++Route IPv6 info+++++++++++++++++++
[   14.321943]          Starting LSB: Record successful boot for GRUB...
cloud-init[935]: ci-info: +-------+-------------+---------+-----------+-------+
[   14.356810]          cloud-initStarting System Logging Service...[935]: 
ci-info: | Route | Destination | Gateway | Interface | Flags |
[   14.436476]          cloud-initStarting Snappy daemon...[935]: 
ci-info: +-------+-------------+---------+-----------+-------+
[[0;32m  OK  [0m] Started System Logging Service.
[   14.500340] cloud-init[935]: ci-info: |   0   |  fe80::/64  |    ::   |   enp0s3  |   U   |
[   14.546803] cloud-init[935]: ci-info: |   3   |   ff00::/8  |    ::   |   enp0s3  |   U   |
[[0;32m  OK  [0m] Started /etc/rc.local Compatibility.
[   14.577863] [[0;32m  OK  [0m] Started LXD - container startup/shutdown.
cloud-init[935]: ci-info: +-------+-------------+---------+-----------+-------+
[   14.601899] cloud-init[935]: Generating public/private rsa key pair.
[   14.618278] cloud-init[935]: Your identification has been saved in /etc/ssh/ssh_host_rsa_key.
[   14.637291] cloud-init[935]: Your public key has been saved in /etc/ssh/ssh_host_rsa_key.pub.
[   14.642486] cloud-init[935]: The key fingerprint is:
[   14.652770] cloud-init[935]: SHA256:v+6Dsm6ueKo+HwrvtvZ3fqysJrcXU/bH0Q/trmpSn/E root@ubuntu-xenial
[   14.661439] cloud-init[935]: The key's randomart image is:
[   14.675236] cloud-init[935]: +---[RSA 2048]----+
[[0;32m  OK  [0m] Started Login to default iSCSI targets.
[   14.682966] cloud-init[935]: |                 |
[   14.689156] [[0;32m  OK  [0m] Started Snappy daemon.
cloud-init[935]: |                 |
[   14.706443] cloud-init[935]: |               o |
[   14.714043] cloud-init[935]: |          o   o o|
[   14.722568] cloud-init[935]: |        So . . +.|
[   14.736802] cloud-init[935]: |        o.  o + o|
[   14.768665] cloud-init[935]: |.  .     =.. o = |
[   14.812709] cloud-init[935]: |.o+.+ *.+ =.. o E|
[   14.813495] cloud-init[935]: |oBO*oX*O+=++.... |
[[0;32m  OK  [0m] Started LSB: MD monitoring daemon.
[[   14.814138] cloud-init[935]: +----[SHA256]-----+
[   14.870359] cloud-init[935]: Generating public/private dsa key pair.
[0;32m  OK  [0m] Started Virtualbox guest utils.
[   14.875276] cloud-init[935]: Your identification has been saved in /etc/ssh/ssh_host_dsa_key.
[   14.895135] cloud-init[935]: Your public key has been saved in /etc/ssh/ssh_host_dsa_key.pub.
[   14.902281] cloud-init[935]: The key fingerprint is:
[   14.908566] cloud-init[935]: SHA256:vvoRyEg1RaiYt7q6o/MwL/0HXo6iOTyJkul7bAkSvSQ root@ubuntu-xenial
[   14.924217] cloud-init[935]: The key's randomart image is:
[[0;32m  OK  [0m[   14.929293] ] cloud-initStarted LSB: Record successful boot for GRUB.[935]: 
+---[DSA 1024]----+
[   14.932735] cloud-init[935]: |      o+o        |
[   14.951557] cloud-init[935]: |     ...         |
[   14.955976] cloud-init[935]: | . o..           |
[   14.960637] cloud-init[935]: |E =.oo .         |
         Starting Authenticate and Authorize Users to Run Privileged Tasks...
[   14.984036] cloud-init[935]: | + o..o S        |
[   14.998749] cloud-init[935]: |... o .. .       |
[   15.004554] cloud-init[935]: |*++o.=  o        |
[   15.005242] cloud-init[935]: |XO+=o o  o       |
[   15.006232]          Starting Wait until snapd is fully seeded...
[[0;32m  OK  [0m] Reached target Remote File Systems (Pre).
cloud-init[935]: |X%O+...oo        |
[   15.037682] cloud-init[935]: +----[SHA256]-----+
[   15.048911] cloud-init[935]: Generating public/private ecdsa key pair.
[   15.049286] cloud-init[[0;32m  OK  [0m] Reached target Remote File Systems.
[935]: Your identification has been saved in /etc/ssh/ssh_host_ecdsa_key.
[   15.080525] cloud-init[935]: Your public key has been saved in /etc/ssh/ssh_host_ecdsa_key.pub.
[   15.116221] cloud-init[935]: The key fingerprint is:
[   15.117942] cloud-init[935]: SHA256:FTZS85UM8dlXKZfnfE0y4YglCIW1maXwPaOmiLVAcL8 root@ubuntu-xenial
[   15.118285] cloud-init[935]: The key's randomart image is:
[   15.118791] cloud-init[935]: +---[ECDSA 256]---+
[   15.119463] cloud-init[935]: |. .   o=+oO ++oo+|
[   15.123159] cloud-init[935]: | o .  .o.X O *=*+|
[   15.123340] cloud-init[935]: |  . .   * * o **=|
[   15.123507] cloud-init[935]: | .   .   o o    *|
[   15.123646] cloud-init[935]: |  . E   S       .|
[   15.123787] cloud-init[935]: |   + o o         |
[   15.123918] cloud-init[935]: |  . o .          |
         Starting LSB: daemon to balance interrupts for SMP systems...
[   15.124139] cloud-init[935]: |                 |
[   15.209602] cloud-init[935]: |                 |
[   15.216474] cloud-init[935]: +----[SHA256]-----+
[   15.222786] cloud-init[935]: Generating public/private ed25519 key pair.
         Starting LSB: automatic crash report generation...
[   15.252246] cloud-init[935]: Your identification has been saved in /etc/ssh/ssh_host_ed25519_key.
[   15.301344]          Starting Permit User Sessions...
cloud-init[935]: Your public key has been saved in /etc/ssh/ssh_host_ed25519_key.pub.
         Starting LSB: Set the CPU Frequency Scaling governor to "ondemand"...
[   15.321107] cloud-init[935]: The key fingerprint is:
[[0;32m  OK  [0m] Started Pollinate to seed the pseudo random number generator.
[   15.338664] [[0;32m  OK  [0m] Started Permit User Sessions.
cloud-init[[935]: [0;32m  OK  [0mSHA256:oUr3JIWCjkDu4B5cc4AgpAcbi0a6Vrz/A5DFg2TdBRE root@ubuntu-xenial] 
Started Login Service.
[[0;32m  OK  [0m] Started Authenticate and Authorize Users to Run Privileged Tasks.
[   15.372315] cloud-init[935]: The key's randomart image is:
[   15.400733] [[0;32m  OK  [0m] Started Accounts Service.
cloud-init[935]: +--[ED25519 256]--+
[   15.416063] cloud-init[935]: |B+o++ .E=.       |
[   15.420934] cloud-init[935]: |O*oo.= o         |
[   15.430558] cloud-init[935]: |Ooo=+.o o        |
[[0;32m  OK  [0m] Started Unattended Upgrades Shutdown.
         Starting Hold until boot process finishes up...
         Starting Terminate Plymouth Boot Screen...
[   15.460280] cloud-init[935]: |B=oo+. o .       |
[   15.480828] cloud-init[935]: |o*..o + S        |
[   15.486493] cloud-init[935]: |o ...+ +         |
[   15.504345]          Starting OpenBSD Secure Shell server...
[[0;32m  OK  [0m] Started LSB: daemon to balance interrupts for SMP systems.
[[0;32m  OK  [0m] Started LSB: automatic crash report generation.
[[0;32m  OK  [0m] Started LSB: Set the CPU Frequency Scaling governor to "ondemand".
[[0;32m  OK  [0m] Started Hold until boot process finishes up.
[[0;32m  OK  [0m] Started Terminate Plymouth Boot Screen.
cloud-init[935]: | .  ... .        |
[   15.573895] cloud-init[935]: |      ..         |
[[0;32m  OK  [0m] Started Serial Getty on ttyS0.
         Starting Set console scheme...
[[0;32m  OK  [0m] Started Getty on tty1.
[[0;32m  OK  [0m] Reached target Login Prompts.
[[0;32m  OK  [0m] Started OpenBSD Secure Shell server.
[[0;32m  OK  [0m] Started Set console scheme.
[   15.584386] cloud-init[935]: |       ..        |
[   15.672860] cloud-init[935]: +----[SHA256]-----+
[[0;32m  OK  [0m] Created slice User Slice of vagrant.
         Starting User Manager for UID 1000...
[[0;32m  OK  [0m] Started User Manager for UID 1000.
[[0;32m  OK  [0m] Started Session 1 of user vagrant.
         Stopping User Manager for UID 1000...
[[0;32m  OK  [0m] Stopped User Manager for UID 1000.
[[0;32m  OK  [0m] Removed slice User Slice of vagrant.
[[0;32m  OK  [0m] Started Wait until snapd is fully seeded.
[[0;32m  OK  [0m] Reached target Multi-User System.
[[0;32m  OK  [0m] Reached target Graphical Interface.
         Starting Update UTMP about System Runlevel Changes...
         Starting Apply the settings specified in cloud-config...
[[0;32m  OK  [0m] Started Update UTMP about System Runlevel Changes.
[[0;32m  OK  [0m] Created slice User Slice of vagrant.
         Starting User Manager for UID 1000...
[[0;32m  OK  [0m] Started Session 2 of user vagrant.
[[0;32m  OK  [0m] Started User Manager for UID 1000.
[   18.126257] cloud-init[1496]: Generating locales (this might take a while)...
[   18.928329] cloud-init[1496]:   en_US.UTF-8... done
[   18.931298] cloud-init[1496]: Generation complete.
[   19.296349] cloud-init[1496]: Cloud-init v. 18.5-45-g3554ffe8-0ubuntu1~16.04.1 running 'modules:config' at Fri, 23 Aug 2019 15:39:05 +0000. Up 17.99 seconds.
[[0;32m  OK  [0m] Started Apply the settings specified in cloud-config.
         Starting Execute cloud user/final scripts...
         Stopping User Manager for UID 1000...
[[0;32m  OK  [0m] Stopped User Manager for UID 1000.
[[0;32m  OK  [0m] Removed slice User Slice of vagrant.
ci-info: no authorized ssh keys fingerprints found for user ubuntu.
<14>Aug 23 15:39:07 ec2: 
<14>Aug 23 15:39:07 ec2: #############################################################
<14>Aug 23 15:39:07 ec2: -----BEGIN SSH HOST KEY FINGERPRINTS-----
<14>Aug 23 15:39:07 ec2: 1024 SHA256:vvoRyEg1RaiYt7q6o/MwL/0HXo6iOTyJkul7bAkSvSQ root@ubuntu-xenial (DSA)
<14>Aug 23 15:39:07 ec2: 256 SHA256:FTZS85UM8dlXKZfnfE0y4YglCIW1maXwPaOmiLVAcL8 root@ubuntu-xenial (ECDSA)
<14>Aug 23 15:39:07 ec2: 256 SHA256:oUr3JIWCjkDu4B5cc4AgpAcbi0a6Vrz/A5DFg2TdBRE root@ubuntu-xenial (ED25519)
<14>Aug 23 15:39:07 ec2: 2048 SHA256:v+6Dsm6ueKo+HwrvtvZ3fqysJrcXU/bH0Q/trmpSn/E root@ubuntu-xenial (RSA)
<14>Aug 23 15:39:07 ec2: -----END SSH HOST KEY FINGERPRINTS-----
<14>Aug 23 15:39:07 ec2: #############################################################
-----BEGIN SSH HOST KEY KEYS-----
ecdsa-sha2-nistp256 AAAAE2VjZHNhLXNoYTItbmlzdHAyNTYAAAAIbmlzdHAyNTYAAABBBIvZbyi7sLVZaXcYVS3I9RKZXvfOnak5+mbAY4QQBUBRpoxj81BW1AXTPBt7A5EE6lg3gG6d+jwniEOQThKGx90= root@ubuntu-xenial
ssh-ed25519 AAAAC3NzaC1lZDI1NTE5AAAAIJWL7CcGbtHAABvt96u8q/wDGirn0hPEtQqSiZPvH6t3 root@ubuntu-xenial
ssh-rsa AAAAB3NzaC1yc2EAAAADAQABAAABAQDx3bTDR5Gf8YSICFcL72tyrlLd/24Lc5E/fF2NNch+XsSc5JfD0s6StU/YLh6JXMJHmPu6DbWTygPEMz8SHEbLASn48UbkVUqrX+DKaSz/FBxHC1eVwckeGDasLjwPD7E1noj8kc/+oQneB6RaVn/vceJz7XoPicTMl+xEHQUmXXJDyk7KZkGSZoO20+lojuyGO6M13/fuJtcUD3fDkDExROL3D78Y1SPI8StxD6uQAF+AtmAMrnu0pvq6Ymt4Bw+aZAwJNegVFOh4INGfUsuvHE1XDFAU7kfZm31kWWuNJwtpj6V98XtrmbvOljs71Mnt4uU2wT1Tz/H0yc4VaMXH root@ubuntu-xenial
-----END SSH HOST KEY KEYS-----
[   20.197747] cloud-init[1610]: Cloud-init v. 18.5-45-g3554ffe8-0ubuntu1~16.04.1 running 'modules:final' at Fri, 23 Aug 2019 15:39:07 +0000. Up 19.73 seconds.
[   20.202674] cloud-init[1610]: ci-info: no authorized ssh keys fingerprints found for user ubuntu.
[   20.206651] cloud-init[1610]: Cloud-init v. 18.5-45-g3554ffe8-0ubuntu1~16.04.1 finished at Fri, 23 Aug 2019 15:39:07 +0000. Datasource DataSourceNoCloud [seed=/dev/sdb][dsmode=net].  Up 20.19 seconds
[[0;32m  OK  [0m] Started Execute cloud user/final scripts.
[[0;32m  OK  [0m] Reached target Cloud-init target.

Ubuntu 16.04.6 LTS ubuntu-xenial ttyS0

ubuntu-xenial login: 