[    0.000000] Initializing cgroup subsys cpuset
[    0.000000] Initializing cgroup subsys cpu
[    0.000000] Initializing cgroup subsys cpuacct
[    0.000000] Linux version 4.4.0-146-generic (buildd@lcy01-amd64-025) (gcc version 5.4.0 20160609 (Ubuntu 5.4.0-6ubuntu1~16.04.10) ) #172-Ubuntu SMP Wed Apr 3 09:00:08 UTC 2019 (Ubuntu 4.4.0-146.172-generic 4.4.177)
[    0.000000] Command line: BOOT_IMAGE=/boot/vmlinuz-4.4.0-146-generic root=LABEL=cloudimg-rootfs ro console=tty1 console=ttyS0
[    0.000000] KERNEL supported cpus:
[    0.000000]   Intel GenuineIntel
[    0.000000]   AMD AuthenticAMD
[    0.000000]   Centaur CentaurHauls
[    0.000000] x86/fpu: xstate_offset[2]:  576, xstate_sizes[2]:  256
[    0.000000] x86/fpu: Supporting XSAVE feature 0x01: 'x87 floating point registers'
[    0.000000] x86/fpu: Supporting XSAVE feature 0x02: 'SSE registers'
[    0.000000] x86/fpu: Supporting XSAVE feature 0x04: 'AVX registers'
[    0.000000] x86/fpu: Enabled xstate features 0x7, context size is 832 bytes, using 'standard' format.
[    0.000000] e820: BIOS-provided physical RAM map:
[    0.000000] BIOS-e820: [mem 0x0000000000000000-0x000000000009fbff] usable
[    0.000000] BIOS-e820: [mem 0x000000000009fc00-0x000000000009ffff] reserved
[    0.000000] BIOS-e820: [mem 0x00000000000f0000-0x00000000000fffff] reserved
[    0.000000] BIOS-e820: [mem 0x0000000000100000-0x000000002cfeffff] usable
[    0.000000] BIOS-e820: [mem 0x000000002cff0000-0x000000002cffffff] ACPI data
[    0.000000] BIOS-e820: [mem 0x00000000fec00000-0x00000000fec00fff] reserved
[    0.000000] BIOS-e820: [mem 0x00000000fee00000-0x00000000fee00fff] reserved
[    0.000000] BIOS-e820: [mem 0x00000000fffc0000-0x00000000ffffffff] reserved
[    0.000000] NX (Execute Disable) protection: active
[    0.000000] SMBIOS 2.5 present.
[    0.000000] Hypervisor detected: KVM
[    0.000000] e820: last_pfn = 0x2cff0 max_arch_pfn = 0x400000000
[    0.000000] MTRR: Disabled
[    0.000000] x86/PAT: MTRRs disabled, skipping PAT initialization too.
[    0.000000] CPU MTRRs all blank - virtualized system.
[    0.000000] x86/PAT: Configuration [0-7]: WB  WT  UC- UC  WB  WT  UC- UC  
[    0.000000] found SMP MP-table at [mem 0x0009fff0-0x0009ffff] mapped at [ffff88000009fff0]
[    0.000000] Scanning 1 areas for low memory corruption
[    0.000000] RAMDISK: [mem 0x2b8d8000-0x2c751fff]
[    0.000000] ACPI: Early table checksum verification disabled
[    0.000000] ACPI: RSDP 0x00000000000E0000 000024 (v02 VBOX  )
[    0.000000] ACPI: XSDT 0x000000002CFF0030 00003C (v01 VBOX   VBOXXSDT 00000001 ASL  00000061)
[    0.000000] ACPI: FACP 0x000000002CFF00F0 0000F4 (v04 VBOX   VBOXFACP 00000001 ASL  00000061)
[    0.000000] ACPI: DSDT 0x000000002CFF0470 0021FF (v02 VBOX   VBOXBIOS 00000002 INTL 20100528)
[    0.000000] ACPI: FACS 0x000000002CFF0200 000040
[    0.000000] ACPI: FACS 0x000000002CFF0200 000040
[    0.000000] ACPI: APIC 0x000000002CFF0240 000054 (v02 VBOX   VBOXAPIC 00000001 ASL  00000061)
[    0.000000] ACPI: SSDT 0x000000002CFF02A0 0001CC (v01 VBOX   VBOXCPUT 00000002 INTL 20100528)
[    0.000000] No NUMA configuration found
[    0.000000] Faking a node at [mem 0x0000000000000000-0x000000002cfeffff]
[    0.000000] NODE_DATA(0) allocated [mem 0x2cfeb000-0x2cfeffff]
[    0.000000] kvm-clock: Using msrs 4b564d01 and 4b564d00
[    0.000000] kvm-clock: cpu 0, msr 0:2cfe3001, primary cpu clock
[    0.000000] kvm-clock: using sched offset of 5405085014 cycles
[    0.000000] clocksource: kvm-clock: mask: 0xffffffffffffffff max_cycles: 0x1cd42e4dffb, max_idle_ns: 881590591483 ns
[    0.000000] Zone ranges:
[    0.000000]   DMA      [mem 0x0000000000001000-0x0000000000ffffff]
[    0.000000]   DMA32    [mem 0x0000000001000000-0x000000002cfeffff]
[    0.000000]   Normal   empty
[    0.000000]   Device   empty
[    0.000000] Movable zone start for each node
[    0.000000] Early memory node ranges
[    0.000000]   node   0: [mem 0x0000000000001000-0x000000000009efff]
[    0.000000]   node   0: [mem 0x0000000000100000-0x000000002cfeffff]
[    0.000000] Initmem setup node 0 [mem 0x0000000000001000-0x000000002cfeffff]
[    0.000000] ACPI: PM-Timer IO Port: 0x4008
[    0.000000] IOAPIC[0]: apic_id 1, version 32, address 0xfec00000, GSI 0-23
[    0.000000] ACPI: INT_SRC_OVR (bus 0 bus_irq 0 global_irq 2 dfl dfl)
[    0.000000] ACPI: INT_SRC_OVR (bus 0 bus_irq 9 global_irq 9 low level)
[    0.000000] Using ACPI (MADT) for SMP configuration information
[    0.000000] smpboot: Allowing 1 CPUs, 0 hotplug CPUs
[    0.000000] PM: Registered nosave memory: [mem 0x00000000-0x00000fff]
[    0.000000] PM: Registered nosave memory: [mem 0x0009f000-0x0009ffff]
[    0.000000] PM: Registered nosave memory: [mem 0x000a0000-0x000effff]
[    0.000000] PM: Registered nosave memory: [mem 0x000f0000-0x000fffff]
[    0.000000] e820: [mem 0x2d000000-0xfebfffff] available for PCI devices
[    0.000000] Booting paravirtualized kernel on KVM
[    0.000000] clocksource: refined-jiffies: mask: 0xffffffff max_cycles: 0xffffffff, max_idle_ns: 7645519600211568 ns
[    0.000000] setup_percpu: NR_CPUS:512 nr_cpumask_bits:512 nr_cpu_ids:1 nr_node_ids:1
[    0.000000] PERCPU: Embedded 34 pages/cpu @ffff88002cc00000 s99480 r8192 d31592 u2097152
[    0.000000] Built 1 zonelists in Node order, mobility grouping on.  Total pages: 181304
[    0.000000] Policy zone: DMA32
[    0.000000] Kernel command line: BOOT_IMAGE=/boot/vmlinuz-4.4.0-146-generic root=LABEL=cloudimg-rootfs ro console=tty1 console=ttyS0
[    0.000000] PID hash table entries: 4096 (order: 3, 32768 bytes)
[    0.000000] Memory: 690672K/736824K available (8609K kernel code, 1334K rwdata, 4028K rodata, 1484K init, 1284K bss, 46152K reserved, 0K cma-reserved)
[    0.000000] SLUB: HWalign=64, Order=0-3, MinObjects=0, CPUs=1, Nodes=1
[    0.000000] Kernel/User page tables isolation: enabled
[    0.000000] Hierarchical RCU implementation.
[    0.000000] 	Build-time adjustment of leaf fanout to 64.
[    0.000000] 	RCU restricting CPUs from NR_CPUS=512 to nr_cpu_ids=1.
[    0.000000] RCU: Adjusting geometry for rcu_fanout_leaf=64, nr_cpu_ids=1
[    0.000000] NR_IRQS:33024 nr_irqs:256 16
[    0.000000] Console: colour VGA+ 80x25
[    0.000000] console [tty1] enabled
[    0.000000] console [ttyS0] enabled
[    0.000000] tsc: Detected 2700.000 MHz processor
[    0.963725] Calibrating delay loop (skipped) preset value.. 5400.00 BogoMIPS (lpj=10800000)
[    0.967393] pid_max: default: 32768 minimum: 301
[    1.020314] ACPI: Core revision 20150930
[    1.022841] ACPI: 2 ACPI AML tables successfully acquired and loaded
[    1.025765] Security Framework initialized
[    1.027554] Yama: becoming mindful.
[    1.028890] AppArmor: AppArmor initialized
[    1.046090] Dentry cache hash table entries: 131072 (order: 8, 1048576 bytes)
[    1.049129] Inode-cache hash table entries: 65536 (order: 7, 524288 bytes)
[    1.052042] Mount-cache hash table entries: 2048 (order: 2, 16384 bytes)
[    1.054785] Mountpoint-cache hash table entries: 2048 (order: 2, 16384 bytes)
[    1.057920] Initializing cgroup subsys io
[    1.059765] Initializing cgroup subsys memory
[    1.062186] Initializing cgroup subsys devices
[    1.064141] Initializing cgroup subsys freezer
[    1.126959] Initializing cgroup subsys net_cls
[    1.141544] Initializing cgroup subsys perf_event
[    1.143693] Initializing cgroup subsys net_prio
[    1.146870] Initializing cgroup subsys hugetlb
[    1.148768] Initializing cgroup subsys pids
[    1.151590] mce: CPU supports 0 MCE banks
[    1.153371] process: using mwait in idle threads
[    1.155424] Last level iTLB entries: 4KB 64, 2MB 8, 4MB 8
[    1.157679] Last level dTLB entries: 4KB 64, 2MB 0, 4MB 0, 1GB 4
[    1.167051] Spectre V2 : Mitigation: Full generic retpoline
[    1.169378] Spectre V2 : Spectre v2 / SpectreRSB mitigation: Filling RSB on context switch
[    1.173072] Speculative Store Bypass: Vulnerable
[    1.252259] Freeing SMP alternatives memory: 36K
[    1.259755] ftrace: allocating 32287 entries in 127 pages
[    1.368966] smpboot: APIC(0) Converting physical 0 to logical package 0
[    1.371768] smpboot: Max logical packages: 1
[    1.373906] x2apic enabled
[    1.440692] Switched APIC routing to physical x2apic.
[    1.444765] ..TIMER: vector=0x30 apic1=0 pin1=2 apic2=-1 pin2=-1
[    1.644128] APIC calibration not consistent with PM-Timer: 178ms instead of 100ms
[    1.647625] APIC delta adjusted to PM-Timer: 6146626 (10976692)
[    1.650176] smpboot: CPU0: Intel(R) Core(TM) i5-5257U CPU @ 2.70GHz (family: 0x6, model: 0x3d, stepping: 0x4)
[    1.654607] Performance Events: unsupported p6 CPU model 61 no PMU driver, software events only.
[    1.667912] KVM setup paravirtual spinlock
[    1.670349] x86: Booted up 1 node, 1 CPUs
[    1.672086] smpboot: Total of 1 processors activated (5400.00 BogoMIPS)
[    1.675274] devtmpfs: initialized
[    1.678000] evm: security.selinux
[    1.680878] evm: security.SMACK64
[    1.682483] evm: security.SMACK64EXEC
[    1.684107] evm: security.SMACK64TRANSMUTE
[    1.685904] evm: security.SMACK64MMAP
[    1.687506] evm: security.ima
[    1.688852] evm: security.capability
[    1.690610] clocksource: jiffies: mask: 0xffffffff max_cycles: 0xffffffff, max_idle_ns: 7645041785100000 ns
[    1.747280] futex hash table entries: 256 (order: 2, 16384 bytes)
[    1.762201] pinctrl core: initialized pinctrl subsystem
[    1.764507] RTC time: 16:06:13, date: 08/23/19
[    1.766689] NET: Registered protocol family 16
[    1.768763] cpuidle: using governor ladder
[    1.770515] cpuidle: using governor menu
[    1.772243] PCCT header not found.
[    1.773803] ACPI: bus type PCI registered
[    1.775578] acpiphp: ACPI Hot Plug PCI Controller Driver version: 0.5
[    1.779262] PCI: Using configuration type 1 for base access
[    1.782705] ACPI: Added _OSI(Module Device)
[    1.784663] ACPI: Added _OSI(Processor Device)
[    1.786778] ACPI: Added _OSI(3.0 _SCP Extensions)
[    1.788781] ACPI: Added _OSI(Processor Aggregator Device)
[    1.791840] ACPI: Executed 1 blocks of module-level executable AML code
[    1.846931] ACPI: Interpreter enabled
[    1.848582] ACPI: (supports S0 S5)
[    1.850080] ACPI: Using IOAPIC for interrupt routing
[    1.852315] PCI: Using host bridge windows from ACPI; if necessary, use "pci=nocrs" and report a bug
[    1.862296] ACPI: PCI Root Bridge [PCI0] (domain 0000 [bus 00-ff])
[    1.864918] acpi PNP0A03:00: _OSC: OS supports [ASPM ClockPM Segments MSI]
[    1.867818] acpi PNP0A03:00: _OSC: not requesting OS control; OS requires [ExtendedConfig ASPM ClockPM MSI]
[    1.871852] acpi PNP0A03:00: fail to add MMCONFIG information, can't access extended PCI configuration space under this bridge.
[    1.877570] PCI host bridge to bus 0000:00
[    1.879621] pci_bus 0000:00: root bus resource [io  0x0000-0x0cf7 window]
[    1.882329] pci_bus 0000:00: root bus resource [io  0x0d00-0xffff window]
[    1.885145] pci_bus 0000:00: root bus resource [mem 0x000a0000-0x000bffff window]
[    1.893693] pci_bus 0000:00: root bus resource [mem 0x2d000000-0xfdffffff window]
[    1.947098] pci_bus 0000:00: root bus resource [bus 00-ff]
[    1.969608] pci 0000:00:01.1: legacy IDE quirk: reg 0x10: [io  0x01f0-0x01f7]
[    2.049659] pci 0000:00:01.1: legacy IDE quirk: reg 0x14: [io  0x03f6]
[    2.077658] pci 0000:00:01.1: legacy IDE quirk: reg 0x18: [io  0x0170-0x0177]
[    2.154397] pci 0000:00:01.1: legacy IDE quirk: reg 0x1c: [io  0x0376]
[    2.190395] pci 0000:00:07.0: quirk: [io  0x4000-0x403f] claimed by PIIX4 ACPI
[    2.265000] pci 0000:00:07.0: quirk: [io  0x4100-0x410f] claimed by PIIX4 SMB
[    2.305215] ACPI: PCI Interrupt Link [LNKA] (IRQs 5 9 10 *11)
[    2.308578] ACPI: PCI Interrupt Link [LNKB] (IRQs 5 9 *10 11)
[    2.312083] ACPI: PCI Interrupt Link [LNKC] (IRQs 5 *9 10 11)
[    2.315953] ACPI: PCI Interrupt Link [LNKD] (IRQs 5 9 10 *11)
[    2.319254] ACPI: Enabled 2 GPEs in block 00 to 07
[    2.359971] vgaarb: setting as boot device: PCI:0000:00:02.0
[    2.367215] vgaarb: device added: PCI:0000:00:02.0,decodes=io+mem,owns=io+mem,locks=none
[    2.370971] vgaarb: loaded
[    2.372269] vgaarb: bridge control possible 0000:00:02.0
[    2.384577] SCSI subsystem initialized
[    2.403924] ACPI: bus type USB registered
[    2.462138] usbcore: registered new interface driver usbfs
[    2.479988] usbcore: registered new interface driver hub
[    2.497643] usbcore: registered new device driver usb
[    2.499893] PCI: Using ACPI for IRQ routing
[    2.502218] NetLabel: Initializing
[    2.568548] NetLabel:  domain hash size = 128
[    2.584529] NetLabel:  protocols = UNLABELED CIPSOv4
[    2.665163] NetLabel:  unlabeled traffic allowed by default
[    2.667551] amd_nb: Cannot enumerate AMD northbridges
[    2.676374] clocksource: Switched to clocksource kvm-clock
[    2.700648] AppArmor: AppArmor Filesystem Enabled
[    2.704103] pnp: PnP ACPI init
[    2.708917] pnp: PnP ACPI: found 3 devices
[    2.774138] clocksource: acpi_pm: mask: 0xffffff max_cycles: 0xffffff, max_idle_ns: 2085701024 ns
[    2.782601] NET: Registered protocol family 2
[    2.814123] TCP established hash table entries: 8192 (order: 4, 65536 bytes)
[    2.882596] TCP bind hash table entries: 8192 (order: 5, 131072 bytes)
[    2.899523] TCP: Hash tables configured (established 8192 bind 8192)
[    2.902172] UDP hash table entries: 512 (order: 2, 16384 bytes)
[    2.904607] UDP-Lite hash table entries: 512 (order: 2, 16384 bytes)
[    2.918982] NET: Registered protocol family 1
[    2.980774] pci 0000:00:00.0: Limiting direct PCI/PCI transfers
[    2.990822] pci 0000:00:01.0: Activating ISA DMA hang workarounds
[    3.014521] Unpacking initramfs...
[    3.507289] Freeing initrd memory: 14824K
[    3.520456] RAPL PMU detected, API unit is 2^-32 Joules, 4 fixed counters 10737418240 ms ovfl timer
[    3.605983] hw unit of domain pp0-core 2^-0 Joules
[    3.610861] hw unit of domain package 2^-0 Joules
[    3.614528] hw unit of domain dram 2^-0 Joules
[    3.626642] hw unit of domain pp1-gpu 2^-0 Joules
[    3.692931] platform rtc_cmos: registered platform RTC device (no PNP device found)
[    3.711474] Scanning for low memory corruption every 60 seconds
[    3.714520] audit: initializing netlink subsys (disabled)
[    3.729493] audit: type=2000 audit(1566576380.055:1): initialized
[    3.794336] Initialise system trusted keyring
[    3.796538] HugeTLB registered 2 MB page size, pre-allocated 0 pages
[    3.800314] zbud: loaded
[    3.802223] VFS: Disk quotas dquot_6.6.0
[    3.805827] VFS: Dquot-cache hash table entries: 512 (order 0, 4096 bytes)
[    3.808922] squashfs: version 4.0 (2009/01/31) Phillip Lougher
[    3.815623] fuse init (API version 7.23)
[    3.818295] Key type big_key registered
[    3.820677] Allocating IMA MOK and blacklist keyrings.
[    3.823912] Key type asymmetric registered
[    3.826562] Asymmetric key parser 'x509' registered
[    3.829931] Block layer SCSI generic (bsg) driver version 0.4 loaded (major 249)
[    3.834817] io scheduler noop registered
[    3.837814] io scheduler deadline registered (default)
[    3.840852] io scheduler cfq registered
[    3.843559] pci_hotplug: PCI Hot Plug PCI Core version: 0.5
[    3.900124] pciehp: PCI Express Hot Plug Controller Driver version: 0.4
[    3.919045] ACPI: AC Adapter [AC] (off-line)
[    3.924875] input: Power Button as /devices/LNXSYSTM:00/LNXPWRBN:00/input/input0
[    3.946846] ACPI: Power Button [PWRF]
[    4.001706] input: Sleep Button as /devices/LNXSYSTM:00/LNXSLPBN:00/input/input1
[    4.007178] ACPI: Sleep Button [SLPF]
[    4.020728] ACPI: Battery Slot [BAT0] (battery present)
[    4.048056] GHES: HEST is not enabled!
[    4.103820] Serial: 8250/16550 driver, 32 ports, IRQ sharing enabled
[    4.206247] 00:02: ttyS0 at I/O 0x3f8 (irq = 4, base_baud = 115200) is a 16550A
[    4.230621] Linux agpgart interface v0.103
[    4.246651] loop: module loaded
[    4.250429] scsi host0: ata_piix
[    4.252447] scsi host1: ata_piix
[    4.253968] ata1: PATA max UDMA/33 cmd 0x1f0 ctl 0x3f6 bmdma 0xd000 irq 14
[    4.314818] ata2: PATA max UDMA/33 cmd 0x170 ctl 0x376 bmdma 0xd008 irq 15
[    4.339143] libphy: Fixed MDIO Bus: probed
[    4.346435] tun: Universal TUN/TAP device driver, 1.6
[    4.414872] tun: (C) 1999-2004 Max Krasnyansky <maxk@qualcomm.com>
[    4.436120] PPP generic driver version 2.4.2
[    4.448127] ehci_hcd: USB 2.0 'Enhanced' Host Controller (EHCI) Driver
[    4.520370] ehci-pci: EHCI PCI platform driver
[    4.547621] ehci-platform: EHCI generic platform driver
[    4.620132] ohci_hcd: USB 1.1 'Open' Host Controller (OHCI) Driver
[    4.664638] ohci-pci: OHCI PCI platform driver
[    4.729737] tsc: Refined TSC clocksource calibration: 2701.614 MHz
[    4.749817] clocksource: tsc: mask: 0xffffffffffffffff max_cycles: 0x26f133721fa, max_idle_ns: 440795318523 ns
[    4.830177] ohci-platform: OHCI generic platform driver
[    4.839605] uhci_hcd: USB Universal Host Controller Interface driver
[    4.865504] i8042: PNP: PS/2 Controller [PNP0303:PS2K,PNP0f03:PS2M] at 0x60,0x64 irq 1,12
[    4.929873] serio: i8042 KBD port at 0x60,0x64 irq 1
[    4.931828] serio: i8042 AUX port at 0x60,0x64 irq 12
[    4.933610] mousedev: PS/2 mouse device common for all mice
[    4.935748] input: AT Translated Set 2 keyboard as /devices/platform/i8042/serio0/input/input2
[    4.939359] rtc_cmos rtc_cmos: rtc core: registered rtc_cmos as rtc0
[    4.943275] rtc_cmos rtc_cmos: alarms up to one day, 114 bytes nvram
[    4.946214] i2c /dev entries driver
[    4.949098] device-mapper: uevent: version 1.0.3
[    4.953031] device-mapper: ioctl: 4.34.0-ioctl (2015-10-28) initialised: dm-devel@redhat.com
[    4.958330] ledtrig-cpu: registered to indicate activity on CPUs
[    4.962964] NET: Registered protocol family 10
[    4.966342] NET: Registered protocol family 17
[    4.968819] Key type dns_resolver registered
[    4.971872] registered taskstats version 1
[    4.974672] Loading compiled-in X.509 certificates
[    5.030608] Loaded X.509 cert 'Build time autogenerated kernel key: 4dcb2dc2c7cf43e0c20c44384f68683c20294489'
[    5.039614] zswap: loaded using pool lzo/zbud
[    5.050608] Key type trusted registered
[    5.062851] Key type encrypted registered
[    5.079697] AppArmor: AppArmor sha1 policy hashing enabled
[    5.137949] ima: No TPM chip found, activating TPM-bypass!
[    5.140664] ima: Allocated hash algorithm: sha1
[    5.149790] evm: HMAC attrs: 0x1
[    5.151671]   Magic number: 15:502:136
[    5.153402] rtc_cmos rtc_cmos: setting system clock to 2019-08-23 16:06:16 UTC (1566576376)
[    5.176032] BIOS EDD facility v0.16 2004-Jun-25, 0 devices found
[    5.178527] EDD information not available.
[    5.183025] Freeing unused kernel memory: 1484K
[    5.257133] Write protecting the kernel read-only data: 14336k
[    5.274113] Freeing unused kernel memory: 1620K
[    5.295491] Freeing unused kernel memory: 68K
Loading, please wait...
starting version 229
[    5.360253] random: udevadm: uninitialized urandom read (16 bytes read, 5 bits of entropy available)
[    5.376219] random: systemd-udevd: uninitialized urandom read (16 bytes read, 5 bits of entropy available)
[    5.380815] random: systemd-udevd: uninitialized urandom read (16 bytes read, 5 bits of entropy available)
[    5.450444] random: udevadm: uninitialized urandom read (16 bytes read, 5 bits of entropy available)
[    5.489402] random: udevadm: uninitialized urandom read (16 bytes read, 5 bits of entropy available)
[    5.559534] random: systemd-udevd: uninitialized urandom read (16 bytes read, 5 bits of entropy available)
[    5.566104] random: systemd-udevd: uninitialized urandom read (16 bytes read, 5 bits of entropy available)
[    5.593335] random: systemd-udevd: uninitialized urandom read (16 bytes read, 5 bits of entropy available)
[    5.685980] random: udevadm: uninitialized urandom read (16 bytes read, 5 bits of entropy available)
[    5.761193] random: systemd-udevd: uninitialized urandom read (16 bytes read, 5 bits of entropy available)
[    5.874289] e1000: Intel(R) PRO/1000 Network Driver - version 7.3.21-k8-NAPI
[    5.892635] e1000: Copyright (c) 1999-2006 Intel Corporation.
[    5.978117] Fusion MPT base driver 3.04.20
[    5.999885] Copyright (c) 1999-2008 LSI Corporation
[    6.106698] AVX2 version of gcm_enc/dec engaged.
[    6.165848] AES CTR mode by8 optimization enabled
[    6.186922] Fusion MPT SPI Host driver 3.04.20
[    6.266759] input: ImExPS/2 Generic Explorer Mouse as /devices/platform/i8042/serio1/input/input4
[    7.088105] e1000 0000:00:03.0 eth0: (PCI:33MHz:32-bit) 02:26:7f:6e:ca:81
[    7.180245] e1000 0000:00:03.0 eth0: Intel(R) PRO/1000 Network Connection
[    7.185035] e1000 0000:00:03.0 enp0s3: renamed from eth0
[    7.188314] mptbase: ioc0: Initiating bringup
[    7.253367] ioc0: LSI53C1030 A0: Capabilities={Initiator}
[    7.419353] scsi host2: ioc0: LSI53C1030 A0, FwRev=00000000h, Ports=1, MaxQ=256, IRQ=20
[    7.533786] scsi 2:0:0:0: Direct-Access     VBOX     HARDDISK         1.0  PQ: 0 ANSI: 5
[    7.549274] scsi target2:0:0: Beginning Domain Validation
[    7.598716] scsi target2:0:0: Domain Validation skipping write tests
[    7.616126] scsi target2:0:0: Ending Domain Validation
[    7.630169] scsi target2:0:0: asynchronous
[    7.702532] scsi 2:0:1:0: Direct-Access     VBOX     HARDDISK         1.0  PQ: 0 ANSI: 5
[    7.711684] scsi target2:0:1: Beginning Domain Validation
[    7.715196] scsi target2:0:1: Domain Validation skipping write tests
[    7.739940] scsi target2:0:1: Ending Domain Validation
[    7.746434] scsi target2:0:1: asynchronous
[    7.809125] sd 2:0:0:0: Attached scsi generic sg0 type 0
[    7.811324] sd 2:0:0:0: [sda] 20971520 512-byte logical blocks: (10.7 GB/10.0 GiB)
[    7.814695] sd 2:0:1:0: Attached scsi generic sg1 type 0
[    7.831080] sd 2:0:1:0: [sdb] 20480 512-byte logical blocks: (10.5 MB/10.0 MiB)
[    7.906172] sd 2:0:0:0: [sda] Write Protect is off
[    7.914096] sd 2:0:0:0: [sda] Incomplete mode parameter data
[    7.917345] sd 2:0:0:0: [sda] Assuming drive cache: write through
[    7.919778] sd 2:0:1:0: [sdb] Write Protect is off
[    7.922434] sd 2:0:1:0: [sdb] Incomplete mode parameter data
[    7.924353] sd 2:0:1:0: [sdb] Assuming drive cache: write through
[    7.927485]  sda: sda1
[    7.930780] sd 2:0:0:0: [sda] Attached SCSI disk
[    7.942186] sd 2:0:1:0: [sdb] Attached SCSI disk
Begin: Loading essential drivers[    9.648879] md: linear personality registered for level -1
 ... [    9.661451] md: multipath personality registered for level -4
[    9.677683] md: raid0 personality registered for level 0
[    9.693250] md: raid1 personality registered for level 1
[    9.846901] raid6: sse2x1   gen()  4681 MB/s
[    9.949104] raid6: sse2x1   xor()  4670 MB/s
[   10.051145] raid6: sse2x2   gen()  7805 MB/s
[   10.155202] raid6: sse2x2   xor()  4401 MB/s
[   10.261051] raid6: sse2x4   gen()  6168 MB/s
[   10.363425] raid6: sse2x4   xor()  5297 MB/s
[   10.464265] raid6: avx2x1   gen()  6535 MB/s
[   10.570441] raid6: avx2x2   gen()  7959 MB/s
[   10.672977] raid6: avx2x4   gen() 13749 MB/s
[   10.680194] raid6: using algorithm avx2x4 gen() 13749 MB/s
[   10.682092] raid6: using avx2x2 recovery algorithm
[   10.685783] xor: automatically using best checksumming function:
[   10.824779]    avx       : 51745.000 MB/sec
[   10.887320] async_tx: api initialized (async)
[   10.916449] md: raid6 personality registered for level 6
[   10.982206] md: raid5 personality registered for level 5
[   11.005079] md: raid4 personality registered for level 4
[   11.017815] md: raid10 personality registered for level 10
done.
Begin: Running /scripts/init-premount ... done[   11.121951] Btrfs loaded
.
Begin: Mounting root file system ... Begin: Running /scripts/local-top ... done.
Begin: Running /scripts/local-premount ... Scanning for Btrfs filesystems
done.
Warning: fsck not present, so skipping root file system
[   11.215809] EXT4-fs (sda1): mounted filesystem with ordered data mode. Opts: (null)
done.
Begin: Running /scripts/local-bottom ... done.
Begin: Running /scripts/init-bottom ... done.
[   11.335160] systemd[1]: systemd 229 running in system mode. (+PAM +AUDIT +SELINUX +IMA +APPARMOR +SMACK +SYSVINIT +UTMP +LIBCRYPTSETUP +GCRYPT +GNUTLS +ACL +XZ -LZ4 +SECCOMP +BLKID +ELFUTILS +KMOD -IDN)
[   11.414977] systemd[1]: Detected virtualization oracle.
[   11.500274] systemd[1]: Detected architecture x86-64.

Welcome to [1mUbuntu 16.04.6 LTS[0m!

[   11.530393] systemd[1]: Set hostname to <ubuntu>.
[   11.551946] systemd[1]: Initializing machine ID from random generator.
[   11.604558] systemd[1]: Installed transient /etc/machine-id file.
[   11.846704] systemd[1]: Created slice User and Session Slice.
[[0;32m  OK  [0m] Created slice User and Session Slice.
[   11.852846] systemd[1]: Listening on Device-mapper event daemon FIFOs.
[[0;32m  OK  [0m] Listening on Device-mapper event daemon FIFOs.
[   11.875373] systemd[1]: Listening on udev Control Socket.
[[0;32m  OK  [0m] Listening on udev Control Socket.
[   11.925326] systemd[1]: Listening on Journal Audit Socket.
[[0;32m  OK  [0m] Listening on Journal Audit Socket.
[   11.969788] systemd[1]: Listening on Journal Socket.
[[0;32m  OK  [0m] Listening on Journal Socket.
[   11.982059] systemd[1]: Reached target User and Group Name Lookups.
[[0;32m  OK  [0m] Reached target User and Group Name Lookups.
[   12.056944] systemd[1]: Reached target System Time Synchronized.
[[0;32m  OK  [0m] Reached target System Time Synchronized.
[   12.141836] systemd[1]: Listening on LVM2 metadata daemon socket.
[[0;32m  OK  [0m] Listening on LVM2 metadata daemon socket.
[   12.197175] systemd[1]: Listening on Journal Socket (/dev/log).
[[0;32m  OK  [0m] Listening on Journal Socket (/dev/log).
[   12.246182] systemd[1]: Started Trigger resolvconf update for networkd DNS.
[[0;32m  OK  [0m] Started Trigger resolvconf update for networkd DNS.
[   12.258979] systemd[1]: Listening on LVM2 poll daemon socket.
[[0;32m  OK  [0m] Listening on LVM2 poll daemon socket.
[   12.293360] systemd[1]: Started Forward Password Requests to Wall Directory Watch.
[[0;32m  OK  [0m] Started Forward Password Requests to Wall Directory Watch.
[   12.355070] systemd[1]: Listening on udev Kernel Socket.
[[0;32m  OK  [0m] Listening on udev Kernel Socket.
[   12.453838] systemd[1]: Listening on Syslog Socket.
[[0;32m  OK  [0m] Listening on Syslog Socket.
[   12.487297] systemd[1]: Created slice System Slice.
[[0;32m  OK  [0m] Created slice System Slice.
[   12.492583] systemd[1]: Reached target Slices.
[[0;32m  OK  [0m] Reached target Slices.
[   12.551289] systemd[1]: Mounting Huge Pages File System...
[   12.570252] random: nonblocking pool is initialized
         Mounting Huge Pages File System...
[   12.599289] systemd[1]: Mounting POSIX Message Queue File System...
         Mounting POSIX Message Queue File System...
[   12.675571] systemd[1]: Created slice system-serial\x2dgetty.slice.
[[0;32m  OK  [0m] Created slice system-serial\x2dgetty.slice.
[   12.701702] systemd[1]: Starting Create list of required static device nodes for the current kernel...
         Starting Create list of required st... nodes for the current kernel...
[   12.785539] systemd[1]: Starting Load Kernel Modules...
         Starting Load Ke[   12.803813] Loading iSCSI transport class v2.0-870.
rnel Modules...
[   12.859583] systemd[1]: Starting Uncomplicated firewall...
         Starting Uncomplicated firewall...
[   12.873593] systemd[1]: Starting Monitoring of LVM2 mirrors, snapshots etc. using dmeventd or progress polling...
         Starting Monitoring of LVM2 mirrors... dmeventd or progress polling...
[   12.888821] systemd[1]: Mounting Debug File System...
         Mounting Debug File System...
[   12.960707] systemd[1]: Set up automount Arbitrary Executable File Formats File System Automount Point.
[[0;32m  OK  [0[   12.998396] iscsi: registered transport (tcp)
m] Set up automount Arbitrary Executab...ats File System Automount Point.
[   13.067358] systemd[1]: Starting Journal Service...
         Starting Journal Service...
[   13.105716] systemd[1]: Reached target Encrypted Volumes.
[[0;32m  OK  [0m] Reached targe[   13.185370] iscsi: registered transport (iser)
t Encrypted Volumes.
[   13.280380] systemd[1]: Listening on /dev/initctl Compatibility Named Pipe.
[[0;32m  OK  [0m] Listening on /dev/initctl Compatibility Named Pipe.
[   13.388714] systemd[1]: Starting Remount Root and Kernel File Systems...
[   13.414091] EXT4-fs (sda1): re-mounted. Opts: (null)
         Starting Remount Root and Kernel File Systems...
[   13.486056] systemd[1]: Starting Nameserver information manager...
         Starting Nameserver information manager...
[   13.542212] systemd[1]: Starting Set console keymap...
         Starting Set console keymap...
[   13.584795] systemd[1]: Reached target Swap.
[[0;32m  OK  [0m] Reached target Swap.
[   13.683451] systemd[1]: Mounted Debug File System.
[[0;32m  OK  [0m] Mounted Debug File System.
[   13.782418] systemd[1]: Mounted Huge Pages File System.
[[0;32m  OK  [0m] Mounted Huge Pages File System.
[   13.799220] systemd[1]: Mounted POSIX Message Queue File System.
[[0;32m  OK  [0m] Mounted POSIX Message Queue File System.
[   13.844666] systemd[1]: Started Journal Service.
[[0;32m  OK  [0m] Started Journal Service.
[[0;32m  OK  [0m] Started Create list of required sta...ce nodes for the current kernel.
[[0;32m  OK  [0m] Started Load Kernel Modules.
[[0;32m  OK  [0m] Started Uncomplicated firewall.
[[0;32m  OK  [0m] Started Remount Root and Kernel File Systems.
[[0;32m  OK  [0m] Started Set console keymap.
[[0;32m  OK  [0m] Started Nameserver information manager.
[[0;32m  OK  [0m] Started LVM2 metadata daemon.
         Starting udev Coldplug all Devices...
         Starting Load/Save Random Seed...
         Starting Apply Kernel Variables...
         Mounting FUSE Control File System...
         Starting Create Static Device Nodes in /dev...
         Starting Flush Journal to Persistent Storage...
[[0;32m  OK  [0m] Mounted FUSE Control File System.
[[0;32m  OK  [0m] Started Load/Save Random Seed.
[[0;32m  OK  [0m] Started Apply Kernel Variables.
[[0;32m  OK  [0m] Started Create Static Device Nodes in /dev.
[[0;32m  OK  [0m] Started udev Coldplug all Devices.
[[0;32m  OK  [0m] Started Flush Journal to Persistent Storage.
         Starting udev Kernel Device Manager...
[[0;32m  OK  [0m] Started udev Kernel Device Manager.
[[0;32m  OK  [0m] Started Dispatch Password Requests to Console Directory Watch.
[[0;32m  OK  [0m] Started Monitoring of LVM2 mirrors,...ng dmeventd or progress polling.
[[0;32m  OK  [0m] Reached target Local File Systems (Pre).
[[0;32m  OK  [0m] Reached target Local File Systems.
         Starting Initial cloud-init job (pre-networking)...
         Starting Tell Plymouth To Write Out Runtime Data...
         Starting Create Volatile Files and Directories...
         Starting Commit a transient machine-id on disk...
         Starting Set console font and keymap...
         Starting LSB: AppArmor initialization...
[[0;32m  OK  [0m] Started Tell Plymouth To Write Out Runtime Data.
[[0;32m  OK  [0m] Started Commit a transient machine-id on disk.
[[0;32m  OK  [0m] Started Create Volatile Files and Directories.
[[0;32m  OK  [0m] Found device /dev/ttyS0.
[[0;32m  OK  [0m] Listening on Load/Save RF Kill Switch Status /dev/rfkill Watch.
         Starting Update UTMP about System Boot/Shutdown...
[[0;32m  OK  [0m] Started Update UTMP about System Boot/Shutdown.
[   16.944433] cloud-init[483]: Cloud-init v. 18.5-45-g3554ffe8-0ubuntu1~16.04.1 running 'init-local' at Fri, 23 Aug 2019 16:06:29 +0000. Up 15.49 seconds.
[[0;32m  OK  [0m] Started Initial cloud-init job (pre-networking).
[[0;32m  OK  [0m] Started LSB: AppArmor initialization.
[[0;32m  OK  [0m] Reached target Network (Pre).
         Starting Raise network interfaces...
[[0;32m  OK  [0m] Started Set console font and keymap.
[[0;32m  OK  [0m] Created slice system-getty.slice.
[[0;32m  OK  [0m] Started Raise network interfaces.
[[0;32m  OK  [0m] Reached target Network.
         Starting Initial cloud-init job (metadata service crawler)...
[   20.166852] cloud-init[941]: Cloud-init v. 18.5-45-g3554ffe8-0ubuntu1~16.04.1 running 'init' at Fri, 23 Aug 2019 16:06:32 +0000. Up 18.99 seconds.
[   20.264431] cloud-init[941]: ci-info: ++++++++++++++++++++++++++++++++++++++Net device info++++++++++++++++++++++++++++++++++++++
[   20.333150] cloud-init[941]: ci-info: +--------+------+----------------------------+---------------+--------+-------------------+
[[0;32m  OK  [0m] Started Initial cloud-init job (metadata service crawler).
[   20.356896] cloud-init[941]: ci-info: | Device |  Up  |          Address           |      Mask     | Scope  |     Hw-Address    |
[[0;32m  OK  [0m] Reached target Network is Online.
[   20.392559] cloud-init[941]: ci-info: +--------+------+----------------------------+---------------+--------+-------------------+
[   20.439011]          Starting iSCSI initiator daemon (iscsid)...
[[0;32m  OK  [0m] Reached target Cloud-config availability.
[[0;32m  OK  [0m] Reached target System Initialization.
cloud-init[941]: ci-info: | enp0s3 | True |         10.0.2.15          | 255.255.255.0 | global | 02:26:7f:6e:ca:81 |
[[0;32m  OK  [0m[   20.476146] cloud-init[941]: ci-info: | enp0s3 | True | fe80::26:7fff:fe6e:ca81/64 |       .       |  link  | 02:26:7f:6e:ca:81 |
[   20.476192] cloud-init[941]: ci-info: |   lo   | True |         127.0.0.1          |   255.0.0.0   |  host  |         .         |
[   20.476226] cloud-init[941]: ci-info: |   lo   | True |          ::1/128           |       .       |  host  |         .         |
[   20.476258] cloud-init[941]: ci-info: +--------+------+----------------------------+---------------+--------+-------------------+
[   20.476289] cloud-init[941]: ci-info: +++++++++++++++++++++++++++Route IPv4 info++++++++++++++++++++++++++++
[   20.476328] cloud-init[941]: ci-info: +-------+-------------+----------+---------------+-----------+-------+
[   20.476361] cloud-init[941]: ci-info: | Route | Destination | Gateway  |    Genmask    | Interface | Flags |
[   20.476393] cloud-init[941]: ci-info: +-------+-------------+----------+---------------+-----------+-------+
[   20.476426] cloud-init[941]: ci-info: |   0   |   0.0.0.0   | 10.0.2.2 |    0.0.0.0    |   enp0s3  |   UG  |
[   20.476458] cloud-init[941]: ci-info: |   1   |   10.0.2.0  | 0.0.0.0  | 255.255.255.0 |   enp0s3  |   U   |
[   20.476489] cloud-init[941]: ci-info: +-------+-------------+----------+---------------+-----------+-------+
[   20.476520] cloud-init[941]: ci-info: +++++++++++++++++++Route IPv6 info+++++++++++++++++++
[   20.476550] cloud-init[941]: ci-info: +-------+-------------+---------+-----------+-------+
[   20.476581] cloud-init[941]: ci-info: | Route | Destination | Gateway | Interface | Flags |
[   20.476611] cloud-init[941]: ci-info: +-------+-------------+---------+-----------+-------+
[   20.476642] cloud-init[941]: ci-info: |   0   |  fe80::/64  |    ::   |   enp0s3  |   U   |
[   20.476675] cloud-init[941]: ci-info: |   3   |   ff00::/8  |    ::   |   enp0s3  |   U   |
[   20.476706] cloud-init[941]: ci-info: +-------+-------------+---------+-----------+-------+
[   20.476906] cloud-init[941]: Generating public/private rsa key pair.
[   20.476944] cloud-init[941]: Your identification has been saved in /etc/ssh/ssh_host_rsa_key.
[   20.476975] cloud-init[941]: Your public key has been saved in /etc/ssh/ssh_host_rsa_key.pub.
[   20.477008] cloud-init[941]: The key fingerprint is:
[   20.477038] cloud-init[941]: SHA256:0fBWJqAATYXjt6Rbg1/YNKmETlv6gcxESHy6VAvn+LQ root@ubuntu-xenial
[   20.477072] cloud-init[941]: The key's randomart image is:
[   20.477104] cloud-init[941]: +---[RSA 2048]----+
[   20.477134] cloud-init[941]: | oo=oo. o.. o    |
[   20.477165] cloud-init[941]: |  + O. . + +     |
[   20.477195] cloud-init[941]: |   @ +. ..+      |
[   20.477225] cloud-init[941]: |  + O = +o       |
[   20.477256] cloud-init[941]: | . X % *S.       |
[   20.477287] cloud-init[941]: |  . E B o        |
[   20.477317] cloud-init[941]: |     = +         |
[   20.477349] cloud-init[941]: |    . o          |
[   20.477380] cloud-init[941]: |                 |
[   20.477413] cloud-init[941]: +----[SHA256]-----+
[   20.477443] cloud-init[941]: Generating public/private dsa key pair.
[   20.477474] cloud-init[941]: Your identification has been saved in /etc/ssh/ssh_host_dsa_key.
[   20.477505] cloud-init[941]: Your public key has been saved in /etc/ssh/ssh_host_dsa_key.pub.
[   20.477536] cloud-init[941]: The key fingerprint is:
[   20.477566] cloud-init[941]: SHA256:KshoxBB3vypAMV0DpSO7gVM22cUBPlwj51fum+7n9nQ root@ubuntu-xenial
[   20.477597] cloud-init[941]: The key's randomart image is:
[   20.477628] cloud-init[941]: +---[DSA 1024]----+
[   20.477658] cloud-init[941]: |.oo.B**.  .      |
[   20.477691] cloud-init[941]: | ooB.Bo. o       |
[   20.477721] cloud-init[941]: |.o=o= o . .      |
[   20.477752] cloud-init[941]: |=oo... o .       |
[   20.477783] cloud-init[941]: |+=    . S .      |
[   20.477814] cloud-init[941]: |.=o. . .   o     |
[   20.477845] cloud-init[941]: |.o+ o .   o   . E|
[   20.477878] cloud-init[941]: |.  . .   .  o. . |
[   20.477909] cloud-init[941]: |         .o+...  |
] Started ACPI Events Check.
[[0;32m  OK  [0m] Reached target Paths.
         Starting Socket activation for snappy daemon.[   20.864470] cloud-init[941]: +----[SHA256]-----+
[   20.867168] cloud-init
[[0;32m  OK  [0m] Listening on D-Bus System Message Bus Socket.
[[0;32m  OK  [0m[941]: Generating public/private ecdsa key pair.
[   20.874879] cloud-init[941]: Your identification has been saved in /etc/ssh/ssh_host_ecdsa_key.
[   20.878088] cloud-init[941]: Your public key has been saved in /etc/ssh/ssh_host_ecdsa_key.pub.] Listening on ACPID Listen Socket.

[   20.886026] cloud-init         Starting LXD - unix socket.
[[0;32m  OK  [0m[941]: The key fingerprint is:
[   20.936443] cloud-init[941]: SHA256:K36MwctdgqIW/iyUwAEtFhbt9+ncuxUUA6kAke9ly2U root@ubuntu-xenial
[   20.942449] cloud-init[941]: The key's randomart image is:
[   20.946861] cloud-init[941]: +---[ECDSA 256]---+
[   20.950610] cloud-init[941]: |o=+o+    .oo     |
[   20.954209] cloud-init[941]: |oo.o .   .  o    |
[   20.954333] cloud-init[941]: |o.o . . .  .     |
[   20.954384] cloud-init[941]: |.. . o + E.      |
[   20.954437] cloud-init[941]: | . .o.=.S  .     |
[   20.954483] cloud-init[941]: |  + ..+=... .    |
[   20.954572] cloud-init[941]: | o o o+*oo .     |
[   20.954625] cloud-init[941]: |  =. .+++..      |
[   20.954670] cloud-init[941]: | . oo .. oo      |
[   20.954755] cloud-init[941]: +----[SHA256]-----+
[   20.954795] cloud-init[941]: Generating public/private ed25519 key pair.
[   20.954846] cloud-init[941]: Your identification has been saved in /etc/ssh/ssh_host_ed25519_key.
[   20.954888] cloud-init[941]: Your public key has been saved in /etc/ssh/ssh_host_ed25519_key.pub.
[   20.961194] cloud-init[941]: The key fingerprint is:
[   20.961915] cloud-init[941]: SHA256:vhYvbdIMex6mcYnCWQt7Gia3aiDm4EZkDJC4vow01Nw root@ubuntu-xenial
[   20.962314] cloud-init[941]: The key's randomart image is:
[   20.964733] cloud-init[941]: +--[ED25519 256]--+
[   20.964824] cloud-init[941]: |+.               |
[   20.964891] cloud-init[941]: |+                |
[   20.966472] cloud-init[941]: |o.o .            |
[   20.966691] cloud-init[941]: |.= o E           |
[   20.967044] cloud-init[941]: |=     . S        |
[   20.967300] cloud-init[941]: |o*.  . *oo .     |
[   20.969214] cloud-init[941]: |X.o.. O *O=      |
[   20.969275] cloud-init[941]: |.*  .+ *=*B.     |
[   20.969553] cloud-init[941]: |.  ...o.o*.      |
[   20.969593] cloud-init[941]: +----[SHA256]-----+
] Started Daily apt download activities.
[[0;32m  OK  [0m] Started Daily apt upgrade and clean activities.
[[0;32m  OK  [0m] Listening on UUID daemon activation socket.
[[0;32m  OK  [0m] Started Daily Cleanup of Temporary Directories.
[[0;32m  OK  [0m] Reached target Timers.
[[0;32m  OK  [0m] Listening on Socket activation for snappy daemon.
[[0;32m  OK  [0m] Listening on LXD - unix socket.
[[0;32m  OK  [0m] Started iSCSI initiator daemon (iscsid).
         Starting Login to default iSCSI targets...
[[0;32m  OK  [0m] Reached target Sockets.
[[0;32m  OK  [0m] Reached target Basic System.
         Starting Virtualbox guest utils...
         Starting Accounts Service...
[[0;32m  OK  [0m] Started Deferred execution scheduler.
         Starting System Logging Service...
         Starting LSB: Record successful boot for GRUB...
[[0;32m  OK  [0m] Started ACPI event daemon.
         Starting LXD - container startup/shutdown...
[[0;32m  OK  [0m] Started Regular background program processing daemon.
         Starting Snappy daemon...
         Starting LSB: MD monitoring daemon...
         Starting /etc/rc.local Compatibility...
         Starting Login Service...
[[0;32m  OK  [0m] Started FUSE filesystem for LXC.
[[0;32m  OK  [0m] Started D-Bus System Message Bus.
         Starting Pollinate to seed the pseudo random number generator...
[[0;32m  OK  [0m] Started System Logging Service.
[[0;32m  OK  [0m] Started LXD - container startup/shutdown.
[[0;32m  OK  [0m] Started /etc/rc.local Compatibility.
[[0;32m  OK  [0m] Started Snappy daemon.
         Starting Authenticate and Authorize Users to Run Privileged Tasks...
         Starting Wait until snapd is fully seeded...
[[0;32m  OK  [0m] Started LSB: Record successful boot for GRUB.
[[0;32m  OK  [0m] Started LSB: MD monitoring daemon.
[[0;32m  OK  [0m] Started Login Service.
[[0;32m  OK  [0m] Started Authenticate and Authorize Users to Run Privileged Tasks.
[[0;32m  OK  [0m] Started Virtualbox guest utils.
[[0;32m  OK  [0m] Started Login to default iSCSI targets.
[[0;32m  OK  [0m] Started Accounts Service.
[[0;32m  OK  [0m] Reached target Remote File Systems (Pre).
[[0;32m  OK  [0m] Reached target Remote File Systems.
         Starting LSB: Set the CPU Frequency Scaling governor to "ondemand"...
         Starting LSB: automatic crash report generation...
         Starting LSB: daemon to balance interrupts for SMP systems...
         Starting Permit User Sessions...
[[0;32m  OK  [0m] Started Unattended Upgrades Shutdown.
[[0;32m  OK  [0m] Started Permit User Sessions.
[[0;32m  OK  [0m] Started LSB: Set the CPU Frequency Scaling governor to "ondemand".
[[0;32m  OK  [0m] Started LSB: automatic crash report generation.
         Starting Hold until boot process finishes up...
         Starting Terminate Plymouth Boot Screen...
[[0;32m  OK  [0m] Started LSB: daemon to balance interrupts for SMP systems.
[[0;32m  OK  [0m] Started Hold until boot process finishes up.
[[0;32m  OK  [0m] Started Pollinate to seed the pseudo random number generator.
[[0;32m  OK  [0m] Started Terminate Plymouth Boot Screen.
         Starting OpenBSD Secure Shell server...
         Starting Set console scheme...
[[0;32m  OK  [0m] Started Serial Getty on ttyS0.
[[0;32m  OK  [0m] Started Getty on tty1.
[[0;32m  OK  [0m] Reached target Login Prompts.
[[0;32m  OK  [0m] Started Set console scheme.
[[0;32m  OK  [0m] Started OpenBSD Secure Shell server.
[[0;32m  OK  [0m] Created slice User Slice of vagrant.
         Starting User Manager for UID 1000...
[[0;32m  OK  [0m] Started Session 1 of user vagrant.
[[0;32m  OK  [0m] Started User Manager for UID 1000.
[[0;32m  OK  [0m] Started Wait until snapd is fully seeded.
[[0;32m  OK  [0m] Reached target Multi-User System.
[[0;32m  OK  [0m] Reached target Graphical Interface.
         Starting Update UTMP about System Runlevel Changes...
         Starting Apply the settings specified in cloud-config...
[[0;32m  OK  [0m] Started Update UTMP about System Runlevel Changes.
[   26.807249] cloud-init[1371]: Generating locales (this might take a while)...

Ubuntu 16.04.6 LTS ubuntu-xenial ttyS0

ubuntu-xenial login: [   29.657170] cloud-init[1371]:   en_US.UTF-8... done
[   29.660923] cloud-init[1371]: Generation complete.
[   30.985053] cloud-init[1371]: Cloud-init v. 18.5-45-g3554ffe8-0ubuntu1~16.04.1 running 'modules:config' at Fri, 23 Aug 2019 16:06:39 +0000. Up 26.32 seconds.
ci-info: no authorized ssh keys fingerprints found for user ubuntu.
<14>Aug 23 16:06:45 ec2: 
<14>Aug 23 16:06:45 ec2: #############################################################
<14>Aug 23 16:06:45 ec2: -----BEGIN SSH HOST KEY FINGERPRINTS-----
<14>Aug 23 16:06:45 ec2: 1024 SHA256:KshoxBB3vypAMV0DpSO7gVM22cUBPlwj51fum+7n9nQ root@ubuntu-xenial (DSA)
<14>Aug 23 16:06:45 ec2: 256 SHA256:K36MwctdgqIW/iyUwAEtFhbt9+ncuxUUA6kAke9ly2U root@ubuntu-xenial (ECDSA)
<14>Aug 23 16:06:45 ec2: 256 SHA256:vhYvbdIMex6mcYnCWQt7Gia3aiDm4EZkDJC4vow01Nw root@ubuntu-xenial (ED25519)
<14>Aug 23 16:06:45 ec2: 2048 SHA256:0fBWJqAATYXjt6Rbg1/YNKmETlv6gcxESHy6VAvn+LQ root@ubuntu-xenial (RSA)
<14>Aug 23 16:06:45 ec2: -----END SSH HOST KEY FINGERPRINTS-----
<14>Aug 23 16:06:45 ec2: #############################################################
-----BEGIN SSH HOST KEY KEYS-----
ecdsa-sha2-nistp256 AAAAE2VjZHNhLXNoYTItbmlzdHAyNTYAAAAIbmlzdHAyNTYAAABBBGJKzpTZDy+qxpL4msNfHv7B6uXd9Nz6gqWZKzWRvDgiuXrx8PUmIx5aSHunN6EdiqbSj7U+TRCC0uWtOUteOVw= root@ubuntu-xenial
ssh-ed25519 AAAAC3NzaC1lZDI1NTE5AAAAIFQ6uBIQmFrCYMOlHn2ky7CeZw2u9kbNB4VVcMfT5Cgz root@ubuntu-xenial
ssh-rsa AAAAB3NzaC1yc2EAAAADAQABAAABAQDKqF1svUP4aCWCSig5tQEb9xLP9PCk5/Tpj/CVlGjUbd0/Zemr4NH7oiSqQpK7lwFeWRjLfVNDlhWBs1dgpSDdY/RGGLaSR/Ru5oDR4u3CanZEiRSRJHCLAgJgyBxpuBnmws3bHQxqqRnfWCzVLYAFXzclfMeT/WeHL7Qryrev5zQg3eYfIITYr+S1qcOo8Y/L1Ck14fycltG+V+zvSMsYuV5UNZM6qVUOBmkwrk7UMWDboenKiEdM+dGIF/bHoq77g+VpUQAlBV89fcbZYgtK2Uh51x+wX+1caVeLd26zDXKUnQcTJP9ogX7Uixs5Qw9QDD25e2YZq7QeOqt7l45P root@ubuntu-xenial
-----END SSH HOST KEY KEYS-----
[   32.308196] cloud-init[1609]: Cloud-init v. 18.5-45-g3554ffe8-0ubuntu1~16.04.1 running 'modules:final' at Fri, 23 Aug 2019 16:06:45 +0000. Up 31.89 seconds.
[   32.308382] cloud-init[1609]: ci-info: no authorized ssh keys fingerprints found for user ubuntu.
[   32.308484] cloud-init[1609]: Cloud-init v. 18.5-45-g3554ffe8-0ubuntu1~16.04.1 finished at Fri, 23 Aug 2019 16:06:45 +0000. Datasource DataSourceNoCloud [seed=/dev/sdb][dsmode=net].  Up 32.23 seconds
