[   0.00000] Initializing cgrop ubsy cpuset
[    0.000000] Intiliing cgrop subsys cpu
[    0.000000] Initalzing cgroup subsys cpuacct
[    0.000000] Linux versin .4.0-46generic (buildd@lcy01amd64-025) (gcc verion .4.0 20160609 (Ubuntu .4.0-6ubunt1~6.04.10) ) 172-Ubntu SM Wd pr 3 09:00:08 TC2019 (Ubuntu 4.4.0-146.172-generic 4.4.177)
[    0.000000] Command line: BOOT_IMAGE=/boot/vmlinuz-4.4.0-146-generic root=LABEL=cloudimg-rootfs ro console=tty1 console=ttyS0
[    0.000000] KERNEL supported cpus:
[    0.000000]   Intel GenuineIntel
[    0.000000]   AMD AuthenticAMD
[    0.000000]   Centaur CentaurHauls
[    0.000000] x86/fpu: xstate_offset[2]:  576, xstate_sizes[2]:  256
[    0.000000] x86/fpu: Supporting XSAVE feature 0x01: 'x87 floating point registers'
[    0.000000] x86/fpu: Supporting XSAVE feature 0x02: 'SSE registers'
[    0.000000] x86/fpu: Supporting XSAVE feature 0x04: 'AVX registers'
[    0.000000] x86/fpu: Enabled xstate features 0x7, context size is 832 bytes, using 'standard' format.
[    0.000000] e820: BIOS-provided physical RAM map:
[    0.000000] BIOS-e820: [mem 0x000000000000000-0x000000000009fbff] usable
[    0.000000] BIOS-e820: [mem 0x000000000009fc00-0x000000000009ffff] reserved
[    0.000000] BIOS-e820: [mem 0x00000000000f0000-0x00000000000fffff] reserved
[    0.000000] BIOS-e820: [mem 0x0000000000100000-0x000000003ffeffff] usable
[    0.000000] BIOS-e820: [mem 0x000000003fff0000-0x000000003fffffff] ACPI data
[    0.000000] BIOS-e820: [mem 0x00000000fec00000-0x00000000fec00fff] reserved
[    0.000000] BIOS-e820: mem 0x00000000fee00000-0x00000000fee00fff] reserved
[    0.000000] BIOS-e820: [mem 0x00000000fffc0000-0x00000000ffffffff] reserved
[    0.000000] NX (Execute Disable) protction: active
[    0.000000] SMBIOS 2.5 present.
[    0.000000] Hypervisor detected: KVM
[    0.000000]e820: last_pfn = 0x3fff0 max_arch_pfn = 0x400000000
[    0.000000] MTRR: Disabled
[    0.000000] x86/PAT: MTRRs disabled, skipping PAT initialization too.
[    0.000000] CPU MTRRsall blank - irtualized system.
[   .00000] x86/PAT: Configuration [0-7]: WB  WT  UC- UC  WB  WT  UC- UC  
[    0.000000] found SMP MP-table at [em 0009fff0-00009ffff] appe a [fff88000009fff0]
[    0.000000] Scanning 1 areas for low memory corruption
    000000] RAMDISK: [mem 0x362fc000-0x37175fff]
[  000000] ACPI: ary able checksum verification disaled
    0000000] ACPI: RSDP 0x00000000000E00 000024 (v02 VBOX  )
[    0.000000] ACPI: XDT 0x000000003FFF0030 00003C (v01 BO   VBOXXSDT 00000001 SL  00000061)
[    0.00000] API: FACP 0x00000003FFF00F0 0000F4 (v04 VBOX  VBOXFACP 00000001 ASL  00000061)
[    0.000000] ACPI: DSDT 0x000000003FFF0470 0021FF (v02 VBOX   VBXBIOS 00000002 INTL 20100528)
[    0.000000] ACPI: FACS 0x000000003FFF0200 000040
[    0.000000] ACPI: FACS 0x000000003FFF0200 000040
[    0.000000]ACPI: PI 0x000000003FF020 0005C (v02 VBOX   VBOXAPIC 00000001 ASL  00000061)
[    0.000000] ACPI: SSDT 0x00000003FFF02A0 0001CC (v01 VBOX   VBOXCPU 0000002 INTL 20100528)
[    0.000000] No NUMA configuationfound
[    0.000000] Fakig a node at [me 0x000000000000000-0x00000003fefff]
[    0.000000] NODE_DATA(0) allocated [mem 0x3ffeb000-0x3ffefff]
[    0.000000] kvm-clock: Using msrs 4b564d01 and 4b564d00
[    0.000000] kvm-clock: cpu 0, msr 0:3ffe3001, primary cpu clock
[    0.000000] kvm-clock: using sched offset of 4218755439 cycles
[    0.000000] clocksource: kvm-clock: mask: 0ffffffffffffffff max_cycles: 0x1cd42e4dffb, max_idle_ns: 881590591483 ns
[    0.000000] Zone ranges:
[    0.000000]   DMA      [mem 0x0000000000001000-0x0000000000ffffff]
[    0.000000]   DMA32    [mem 0x0000000001000000-0x000000003ffeffff]
[    0.000000]   Normal   ety
[    0.000000]   evce  empty
[    0.000000] Movable zone start for each node
[    0.000000] Early memory node rangs[    0.000000]   node   0: [mem 0x0000000000001000-0x000000000009efff]
[    0.000000]   node   0: [mem 0x0000000000100000-0x000000003ffeffff]
[    0.000000] Initmem setup node 0 [mem 0x0000000000001000-0x000000003ffeffff]
[    0.000000] ACPI:PM-Timr IO Port 0x4008
[    0.000000] IOAPC[0]:apic_id 2, version 32, address 0xfec00000, GSI 03
[   0.000000] ACI: INTRC_OVR (bus 0 busir 0 global_irq 2 dfl dfl)
[    0.000000] ACPI INT_SRRC_OVR (bus  bus_irq 9 global_irq 9 low level)
[    0.000000] Using ACPI (MADT) for SMP configuration information
[    0.000000] smpboot: Allowing 2 CPUs, 0 hotplug CPUs
[    0.000000] PM: Registeednosave meory: [mem 00000000-0x00000fff]
[    0.000000] P: egistered osave mery [mem 0x0009f000-0x0009ffff]
[    0.000000] PM: Registered nosave memory: [mem 0x000a0000-x00efff]
[   0.00000] PM: Registered nosave memor: [mem 0x000f0000-0x000fffff]
[    0.000000] 82: [mem 0x0000000-0xfbfffff avaiablefor PCI devices
[    0.000000] Booting paravirtualized kernel on KVM
[    0.000000] clocksource: refined-jiffies: mask: 0xffffffff max_cycles: 0xffffffff, max_idle_ns: 76455960021156 ns
[    0.00000] seup_percpu: NR_CPUS:512 nr_cpumask_bits:512 nr_cpu_ids:2 nr_node_ids:1
[    0.000000] PERCPU: Embedded 34 pagecpu @ffff88003fc0000 s99480 r8192 d3159 u04576
[    0.000000] Built 1 zonelists in Node order, mobility grouping on.  Total pages: 257912
[    0.000000] Policy zone: DMA32
[    0.000000] Kernel command line: BOOT_IMAGE=/boot/vmlinuz-4.4.0-146-generic root=LABEL=cloudimg-rootfs ro console=tty1 console=ttyS
[    0.000000] PID hash table entries: 4096 (order: 3, 32768 bytes)
[    0.000000] Memory: 997736K/1048120K available (8609K kernel code, 1334K rwdata, 4028K rodata, 1484K init, 1284K bss, 50384K reserved, 0K cma-reserved)
[    0.000000 SLUB:HWalign=64, rder=0-, MinObjects=0, CPUs=2, Nodes=1
[    0.000000] Kernel/User page tables isolation: enabled
[    0.000000] Hierarchical RCU implementation.
[    0.000000] 	Build-time adjustment of leaf fanout to 64.
[    0.000000] 	RCU restricting CPUs from NR_CPUS=512 to nr_cpu_ids=2.
[    0.000000] RCU: Adjusting geometry for rcu_faanout_leaf=64, nr_cpu_ids=2
[    .000000] NR_IRQS:33024 nr_irqs:440 16
[    0.000000] Console: colour VGA+ 80x25
[    0.000000] console [tty1] enabled
[    0.000000] console [ttyS0] enabled
[    0.000000] tsc: Detected 2700.000 MHz processor
[    .1111069] Calibrating delay loop (skipped) preset value.. 5400.00 BogoMIPS (lpj=10800000)
[    3.147801] pid_max: default: 32768 minimum: 301
[    3.150295] ACPI: Core revision 20150930
[    3.154946] ACPI: 2 ACPI AML tables successfully acquired and loaded
[    3.188925] Security Framework initialized
[    3.229246] Yama: becoming mindful.
[    3.265881] AppArmor: AppArmor initialized
[    3.287174] Dentry cache hash table entries: 131072 (order: 8, 1048576 bytes)
[    3.317996] Inode-cache hash table entries: 65536 (order: 7, 524288 bytes)
[    3.362762] Mount-cache hash table entries: 2048 (order: 2, 16384 bytes)
[    3.402119] Mountpoint-cache hash table entries: 2048 (order: 2, 16384 bytes)
[    3.429532] Initializing cgroup subsys io
[    3.454399] Initializing cgroup subsys memory
[    3.469542] Initializing cgroup subsys devices
[    3.494474] Initializing cgroup subsys freezer
[    3.513764] Initializing cgroup subsys net_cls
[    3.515638] Initializing cgroup subsys perf_event
[    3.517554] Initializing cgroup subsys net_prio
[    3.520400] Initializing cgroup subsys hugetlb
[    3.529523] Initializing cgroup subsys pids
[    3.555656] mce: CPU supports 0 MCE banks
[    3.570035] Last level iTLB entries: 4KB 64, 2MB 8, 4MB 8
[    3.605939] Last level dTLB entries: 4KB 64, 2MB 0, 4MB 0, 1GB 4
[    3.646283] Spectre V2 : Mitigation: Full generic retpoline
[    3.670828] Spectre V2 : Spectre v2 / SpectreRSB mitigation: Filling RSB on context switch
[    3.717438] Speculative Store Bypass: Vulnerable
[    3.748262] Freeing SMP alternatives memory: 36K
[    3.776104] ftrace: allocating 32287 entries in 127 pages
[    3.844991] smpboot: APIC(0) Converting physical 0 to logical package 0
[    3.874551] smpboot: Max logical packages: 1
[    3.885869] x2apic enabled
[    3.901849] Switched APIC routing to physical x2apic.
[    3.924649] ..TIMER: vector=0x30 apic1=0 pin1=2 apic2=-1 pin2=-1
[    4.056813] smpboot: CPU0: Intel(R) Core(TM) i5-5257U CPU @ 2.70GHz (family: 0x6, model: 0x3d, stepping: 0x4)
[    4.063251] Performance Events: unsupported p6 CPU model 61 no PMU driver, software events only.
[    4.076056] KVM setup paravirtual spinlock
[    4.079363] x86: Booting SMP configuration:
[    4.081028] .... node  #0, CPUs:      #1
[    4.089385] kvm-clock: cpu 1, msr 0:3ffe3041, secondary cpu clock
[    4.114394] mce: CPU supports 0 MCE banks
[    4.119876] x86: Booted up 1 node, 2 CPUs
[    4.122321] smpboot: Total of 2 processors activated (10800.00 BogoMIPS)
[    4.132741] devtmpfs: initialized
[    4.140606] evm: security.selinux
[    4.142470] evm: security.SMACK64
[    4.144606] evm: security.SMACK64EXEC
[    4.146722] evm: security.SMACK64TRANSMUTE
[    4.150212] evm: security.SMACK64MMAP
[    4.152466] evm: security.ima
[    4.154327] evm: security.capability
[    4.160256] clocksource: jiffies: mask: 0xffffffff max_cycles: 0xffffffff, max_idle_ns: 7645041785100000 ns
[    4.178640] futex hash table entries: 512 (order: 3, 32768 bytes)
[    4.182525] pinctrl core: initialized pinctrl subsystem
[    4.196941] RTC time: 16:58:55, date: 08/22/19
[    4.199034] NET: Registered protocol family 16
[    4.218303] cpuidle: using governor ladder
[    4.246276] cpuidle: using governor menu
[    4.253340] PCCT header not found.
[    4.262251] ACPI: bus type PCI registered
[    4.272652] acpiphp: ACPI Hot Plug PCI Controller Driver version: 0.5
[    4.286999] PCI: Using configuration type 1 for base access
[    4.327241] ACPI: Added _OSI(Module Device)
[    4.335035] ACPI: Added _OSI(Processor Device)
[    4.348687] ACPI: Added _OSI(3.0 _SCP Extensions)
[    4.359551] ACPI: Added _OSI(Processor Aggregator Device)
[    4.362653] ACPI: Executed 1 blocks of module-level executable AML code
[    4.368006] ACPI: Interpreter enabled
[    4.380436] ACPI: (supports S0 S5)
[    4.388659] ACPI: Using IOAPIC for interrupt routing
[    4.398170] PCI: Using host bridge windows from ACPI; if necessary, use "pci=nocrs" and report a bug
[    4.415225] ACPI: PCI Root Bridge [PCI0] (domain 0000 [bus 00-ff])
[    4.423753] acpi PNP0A03:00: _OSC: OS supports [ASPM ClockPM Segments MSI]
[    4.434813] acpi PNP0A03:00: _OSC: not requesting OS control; OS requires [ExtendedConfig ASPM ClockPM MSI]
[    4.439067] acpi PNP0A03:00: fail to add MMCONFIG information, can't access extended PCI configuration space under this bridge.
[    4.444265] PCI host bridge to bus 0000:00
[    4.445962] pci_bus 0000:00: root bus resource [io  0x0000-0x0cf7 window]
[    4.448562] pci_bus 0000:00: root bus resource [io  0x0d00-0xffff window]
[    4.455300] pci_bus 0000:00: root bus resource [mem 0x000a0000-0x000bffff window]
[    4.458539] pci_bus 0000:00: root bus resource [mem 0x40000000-0xfdffffff window]
[    4.461796] pci_bus 0000:00: root bus resource [bus 00-ff]
[    4.467639] pci 0000:00:01.1: legacy IDE quirk: reg 0x10: [io  0x01f0-0x01f7]
[    4.470638] pci 0000:00:01.1: legacy IDE quirk: reg 0x14: [io  0x03f6]
[    4.473126] pci 0000:00:01.1: legacy IDE quirk: reg 0x18: [io  0x0170-0x0177]
[    4.476078] pci 0000:00:01.1: legacy IDE quirk: reg 0x1c: [io  0x0376]
[    4.504950] pci 0000:00:07.0: quirk: [io  0x4000-0x403f] claimed by PIIX4 ACPI
[    4.508741] pci 0000:00:07.0: quirk: [io  0x4100-0x410f] claimed by PIIX4 SMB
[    4.534755] ACPI: PCI Interrupt Link [LNKA] (IRQs 5 9 10 *11)
[    4.539182] ACPI: PCI Interrupt Link [LNKB] (IRQs 5 9 *10 11)
[    4.542378] ACPI: PCI Interrupt Link [LNKC] (IRQs 5 *9 10 11)
[    4.547518] ACPI: PCI Interrupt Link [LNKD] (IRQs 5 9 10 *11)
[    4.551549] ACPI: Enabled 2 GPEs in block 00 to 07
[    4.554327] vgaarb: setting as boot device: PCI:0000:00:02.0
[    4.561753] vgaarb: device added: PCI:0000:00:02.0,decodes=io+mem,owns=io+mem,locks=none
[    4.565593] vgaarb: loaded
[    4.580994] vgaarb: bridge control possible 0000:00:02.0
[    4.589133] SCSI subsystem initialized
[    4.597946] ACPI: bus type USB registered
[    4.599439] usbcore: registered new interface driver usbfs
[    4.607004] usbcore: registered new interface driver hub
[    4.617757] usbcore: registered new device driver usb
[    4.620896] PCI: Using ACPI for IRQ routing
[    4.622914] NetLabel: Initializing
[    4.624445] NetLabel:  domain hash size = 128
[    4.627393] NetLabel:  protocols = UNLABELED CIPSOv4
[    4.631025] NetLabel:  unlabeled traffic allowed by default
[    4.633498] amd_nb: Cannot enumerate AMD northbridges
[    4.635823] clocksource: Switched to clocksource kvm-clock
[    4.649415] AppArmor: AppArmor Filesystem Enabled
[    4.652420] pnp: PnP ACPI init
[    4.655081] pnp: PnP ACPI: found 3 devices
[    4.670003] clocksource: acpi_pm: mask: 0xffffff max_cycles: 0xffffff, max_idle_ns: 2085701024 ns
[    4.673564] NET: Registered protocol family 2
[    4.675558] TCP established hash table entries: 8192 (order: 4, 65536 bytes)
[    4.685583] TCP bind hash table entries: 8192 (order: 5, 131072 bytes)
[    4.688103] TCP: Hash tables configured (established 8192 bind 8192)
[    4.690533] UDP hash table entries: 512 (order: 2, 16384 bytes)
[    4.692967] UDP-Lite hash table entries: 512 (order: 2, 16384 bytes)
[    4.6954] NET: Registered protocol family 1
[    4.755555] pci 0000:00:00.0: Limiting direct PCI/PCI transfers
[    4.757869] pci 0000:00:01.0: Activating ISA DMA hang workarounds
[    4.760785] Unpacking initramfs...

[    5.031485] Freeing initrd memory: 14824K
[    5.038780] RAPL PMU detected, API unit is 2^-32 Joules, 4 fixed counters 10737418240 ms ovfl timer
[    5.041460] hw unit of domain pp0-core 2^-0 Joules
[    5.054937] hw unit of domain package 2^-0 Joules
[    5.056868] hw unit of domain dram 2^-0 Joules
[    5.058707] hw unit of domain pp1-gpu 2^-0 Joules
[    5.068330] platform rtc_cmos: registered platform RTC device (no PNP device found)
[    5.074951] Scanning for low memory corruption every 60 seconds
[    5.084162] audit: initializing netlink subsys (disabled)
[    5.107633] audit: type=2000 audit(1566493138.472:1): initialized
[    5.116302] Initialise system trusted keyring
[    5.118909] HugeTLB registered 2 MB page size, pre-allocated 0 pages
[    5.124326] zbud: loaded
[    5.126423] VFS: Disk quotas dquot_6.6.0
[    5.129971] VFS: Dquot-cache hash table entries: 512 (order 0, 4096 bytes)
[    5.140309] squashfs: version 4.0 (2009/01/31) Phillip Lougher
[    5.143756] fuse init (API version 7.23)
[   5.155777] Key type big_key registered
[    5.224151] Allocating IMA MOK and blacklist keyrings.
[    5.253260] Key type asymmetric registered
[    5.262207] Asymmetric key parser 'x509' registered
[    5.272048] Block layer SCSI generic (bsg) driver version 0.4 loaded (major 249)
[    5.292630] io scheduler noop registered
[    5.301448] io scheduler deadline registered (default)
[    5.316168] io scheduler cfq registered
[    5.330086] pci_hotplug: PCI Hot Plug PCI Core version: 0.5
[    5.343782] pciehp: PCI Express Hot Plug Controller Driver version: 0.4
[    5.366572] ACPI: AC Adapter [AC] (off-line)
[    5.379400] input: Power Button as /devices/LNXSYSTM:00/LNXPWRBN:00/input/input0
[    5.382926] ACPI: Power Button [PWRF]
[    5.384786] input: Sleep Button as /devices/LNXSYSTM:00/LNXSLPBN:00/input/input1
[    5.396574] ACPI: Sleep Button [SLPF]
[    5.399427] GHES: HEST is not enabled!
[    5.401491] ACPI: Battery Slot [BAT0] (battery present)
[    5.413913] Serial: 8250/16550 driver, 32 ports, IRQ sharing enabled
[    5.445411] 00:02: ttyS0 at I/O 0x3f8 (irq = 4, base_baud = 115200) is a 16550A
[    5.455132] Linux agpgart interface v0.103
[    5.460589] loop: module loaded
[    5.462849] scsi host0: ata_piix
[    5.464264] scsi host1: ata_piix
[    5.465816] ata1: PATA max UDMA/33 cmd 0x1f0 ctl 0x3f6 bmdma 0xd000 irq 14
[    5.474847] ata2: PATA max UDMA/33 cmd 0x170 ctl 0x376 bmdma 0xd008 irq 15
[    5.498410] libphy: Fixed MDIO Bus: probed
[    5.500829] tun: Universal TUN/TAP device driver, 1.6
[    5.504783] tun: (C) 1999-2004 Max Krasnyansky <maxk@qualcomm.com>
[    5.507202] PPP generic driver version 2.4.2
[    5.509460] ehci_hcd: USB 2.0 'Enhanced' Host Controller (EHCI) Driver
[    5.513641] ehci-pci: EHCI PCI platform driver
[    5.515546] ehci-platform: EHCI generic platform driver
[    5.517339] ohci_hcd: USB 1.1 'Open' Host Controller (OHCI) Driver
[    5.521081] ohci-pci: OHCI PCI platform driver
[    5.523816] ohci-platform: OHCI generic platform driver
[    5.526194] uhci_hcd: USB Universal Host Controller Interface driver
[    5.529074] i8042: PNP: PS/2 Controller [PNP0303:PS2K,PNP0f03:PS2M] at 0x60,0x64 irq 1,12
[    5.533484] serio: i8042 KBD port at 0x60,0x64 irq 1
[    5.535611] serio: i8042 AUX port at 0x60,0x64 irq 12
[    5.543681] mousedev: PS/2 mouse device common for all mice
[    5.547149] input: AT Translated Set 2 keyboard as /devices/platform/i8042/serio0/input/input2
[    5.551216] rtc_cmos rtc_cmos: rtc core: registered rtc_cmos as rtc0
[    5.555392] rtc_cmos rtc_cmos: alarms up to one day, 114 bytes nvram
[    5.569905] i2c /dev entries driver
[    5.572306] device-mapper: uevent: version 1.0.3
[    5.581153] device-mapper: ioctl: 4.34.0-ioctl (2015-10-28) initialised: dm-devel@redhat.com
[    5.584473] ledtrig-cpu: registered to indicate activity on CPUs
[    5.619613] NET: Registered protocol family 10
[    5.635924] NET: Registered protocol family 17
[    5.638415] Key type dns_resolver registered
[    5.641448] registered taskstats version 1
[    5.643524] Loading compiled-in X.509 certificates
[    5.660416] Loaded X.509 cert 'Build time autogenerated kernel key: 4dcb2dc2c7cf43e0c20c44384f68683c20294489'
[    5.666493] zswap: loaded using pool lzo/zbud
[    5.671331] Key type trusted registered
[    5.678327] Key type encrypted registered
[    5.679706] AppArmor: AppArmor sha1 policy hashing enabled
[    5.685017] ima: No TPM chip found, activating TPM-bypass!
[    5.687244] ima: Allocated hash algorithm: sha1
[    5.690860] evm: HMAC attrs: 0x1
[    5.692872]   Magic number: 15:804:995
[    5.694473] rtc_cmos rtc_cmos: setting system clock to 2019-08-22 16:58:56 UTC (1566493136)
[    5.721536] BIOS EDD facility v0.16 2004-Jun-25, 0 devices found
[    5.724331] EDD information not available.
[    5.729497] Freeing unused kernel memory: 1484K
[    5.739992] Write protecting the kernel read-only data: 14336k
[    5.743065] Freeing unused kernel memory: 1620K
[    5.752082] Freeing unused kernel memory: 68K
Loading, please wait...
starting version 229
[    5.779418] random: systemd-udevd: uninitialized urandom read (16 bytes read, 5 bits of entropy available)
[    5.780900] random: udevadm: uninitialized urandom read (16 bytes read, 5 bits of entropy available)
[    5.780938] random: udevadm: uninitialized urandom read (16 bytes read, 5 bits of entropy available)
[    5.791939] random: udevadm: uninitialized urandom read (16 bytes read, 5 bits of entropy available)
[    5.791990] random: udevadm: uninitialized urandom read (16 bytes read, 5 bits of entropy available)
[    5.792128] random: udevadm: uninitialized urandom read (16 bytes read, 5 bits of entropy available)
[    5.792178] random: udevadm: uninitialized urandom read (16 bytes read, 5 bits of entropy available)
[    5.792226] random: udevadm: uninitialized urandom read (16 bytes read, 5 bits of entropy available)
[    5.792274] random: udevadm: uninitialized urandom read (16 bytes read, 5 bits of entropy available)
[    5.792323] random: udevadm: uninitialized urandom read (16 bytes read, 5 bits of entropy available)
[    6.023696] e1000: Intel(R) PRO/1000 Network Driver - version 7.3.21-k8-NAPI
[    6.026024] e1000: Copyright (c) 1999-2006 Intel Corporation.
[    6.026062] Fusion MPT base driver 3.04.20
[    6.026062] Copyright (c) 1999-2008 LSI Corporation
[    6.035751] Fusion MPT SPI Host driver 3.04.20
[    6.072204] tsc: Refined TSC clocksource calibration: 2701.173 MHz
[    6.080214] clocksource: tsc: mask: 0xffffffffffffffff max_cycles: 0x26ef92a0453, max_idle_ns: 440795252413 ns
[    6.087307] AVX2 version of gcm_enc/dec engaged.
[    6.091851] AES CTR mode by8 optimization enabled
[    6.251376] input: ImExPS/2 Generic Explorer Mouse as /devices/platform/i8042/serio1/input/input4
[    6.532436] e1000 0000:00:03.0 eth0: (PCI:33MHz:32-bit) 02:26:7f:6e:ca:81
[    6.541518] e1000 0000:00:03.0 eth0: Intel(R) PRO/1000 Network Connection
[    6.545356] mptbase: ioc0: Initiating bringup
[    6.546452] e1000 0000:00:03.0 enp0s3: renamed from eth0
[    6.623188] ioc0: LSI53C1030 A0: Capabilities={Initiator}
[    7.777892] scsi host2: ioc0: LSI53C1030 A0, FwRev=00000000h, Ports=1, MaxQ=256, IRQ=20
[    8.694832] scsi 2:0:0:0: Direct-Access     VBOX     HARDDISK         1.0  PQ: 0 ANSI: 5
[    8.700318] scsi target2:0:0: Beginning Domain Validation
[    8.703183] scsi target2:0:0: Domain Validation skipping write tests
[    8.709115] scsi target2:0:0: Ending Domain Validation
[    8.711394] scsi target2:0:0: asynchronous
[    8.714073] scsi 2:0:1:0: Direct-Access     VBOX     HARDDISK         1.0  PQ: 0 ANSI: 5
[    8.727061] scsi target2:0:1: Beginning Domain Validation
[    8.731212] scsi target2:0:1: Domain Validation skipping write tests
[    9.147791] scsi target2:0:1: Ending Domain Validation
[    9.212722] scsi target2:0:1: asynchronous
[    9.238389] sd 2:0:0:0: Attached scsi generic sg0 type 0
[    9.240523] sd 2:0:0:0: [sda] 20971520 512-byte logical blocks: (10.7 GB/10.0 GiB)
[    9.268856] sd 2:0:1:0: Attached scsi generic sg1 type 0
[    9.269279] sd 2:0:1:0: [sdb] 20480 512-byte logical blocks: (10.5 MB/10.0 MiB)
[    9.298813] sd 2:0:0:0: [sda] Write Protect is off
[    9.310570] sd 2:0:1:0: [sdb] Write Protect is off
[    9.314926] sd 2:0:0:0: [sda] Incomplete mode parameter data
[    9.315154] sd 2:0:1:0: [sdb] Incomplete mode parameter data
[    9.315156] sd 2:0:1:0: [sdb] Assuming drive cache: write through
[    9.323827] sd 2:0:0:0: [sda] Assuming drive cache: write through
[    9.327959] sd 2:0:1:0: [sdb] Attached SCSI disk
[    9.341279]  sda: sda1
[    9.358446] sd 2:0:0:0: [sda] Attached SCSI disk
Begin: Loading e[   10.729936] md: linear personality registered for level -1
ssential drivers[   10.756660] md: multipath personality registered for level -4
 ... [   10.777922] md: raid0 personality registered for level 0
[   10.790172] md: raid1 personality registered for level 1
[   10.868050] raid6: sse2x1   gen()  8958 MB/s
[   10.944007] raid6: sse2x1   xor()  6578 MB/s
[   11.012096] raid6: sse2x2   gen()  9981 MB/s
[   11.079983] raid6: sse2x2   xor()  3620 MB/s
[   11.168062] raid6: sse2x4   gen()  8797 MB/s
[   11.243913] raid6: sse2x4   xor()  8460 MB/s
[   11.323937] raid6: avx2x1   gen() 16276 MB/s
[   11.392016] raid6: avx2x2   gen() 18510 MB/s
[   11.460138] raid6: avx2x4   gen() 21766 MB/s
[   11.461888] raid6: using algorithm avx2x4 gen() 21766 MB/s
[   11.464122] raid6: using avx2x2 recovery algorithm
[   11.473014] xor: automatically using best checksumming function:
[   11.520023]    avx       : 22162.000 MB/sec
[   11.523197] async_tx: api initialized (async)
[   11.557320] md: raid6 personality registered for level 6
[   11.577189] md: raid5 personality registered for level 5
[   11.585469] md: raid4 personality registered for level 4
[   11.618855] md: raid10 personality registered for level 10
done.
Begin: Running /scripts/init-premount ... done.
Begin: Mounting root file system ... Begin: Running /scripts/local-top ... done.
Begin: Running[   11.701599] Btrfs loaded
 /scripts/local-premount ... Scanning for Btrfs filesystems
done.
Warning: fsck not present, so skipping root file[   11.798012] EXT4-fs (sda1): mounted filesystem with ordered data mode. Opts: (null)
 system
done.
Begin: Running /scripts/local-bottom ... done.
Begin: Running /scripts/init-bottom ... done.
[   11.956486] systemd[1]: systemd 229 running in system mode. (+PAM +AUDIT +SELINUX +IMA +APPARMOR +SMACK +SYSVINIT +UTMP +LIBCRYPTSETUP +GCRYPT +GNUTLS +ACL +XZ -LZ4 +SECCOMP +BLKID +ELFUTILS +KMOD -IDN)
[   11.977223] systemd[1]: Detected virtualization oracle.
[   11.979281] systemd[1]: Detected architecture x86-64.

Welcome to [1mUbuntu 16.04.6 LTS[0m!

[   11.986545] systemd[1]: Set hostname to <ubuntu>.
[   11.992324] systemd[1]: Initializing machine ID from random generator.
[   11.995020] systemd[1]: Installed transient /etc/machine-id file.
[   12.218560] systemd[1]: Listening on Syslog Socket.
[[0;32m  OK  [0m] Listening on Syslog Socket.
[   12.234644] systemd[1]: Listening on Journal Socket (/dev/log).
[[0;32m  OK  [0m] Listening on Journal Socket (/dev/log).
[   12.276906] systemd[1]: Listening on udev Control Socket.
[[0;32m  OK  [0m] Listening on udev Control Socket.
[   12.295669] systemd[1]: Created slice System Slice.
[[0;32m  OK  [0m] Created slice System Slice.
[   12.319910] systemd[1]: Reached target Encrypted Volumes.
[[0;32m  OK  [0m] Reached target Encrypted Volumes.
[   12.328503] systemd[1]: Listening on Journal Audit Socket.
[[0;32m  OK  [0m] Listening on Journal Audit Socket.
[   12.333530] systemd[1]: Listening on Journal Socket.
[[0;32m  OK  [0m] Listening on Journal Socket.
[   12.356553] systemd[1]: Starting Set console keymap...
         Starting Set console keymap...
[   12.369748] systemd[1]: Starting Load Kernel Modules...
         Starting Load Kernel Modules...
[   12.374810] systemd[1]: Mounting POSIX Message Queue File System...
         Mounting POSIX Message Queue File System...
[   12.381384] systemd[1]: Set up automount Arbitrary Executable File Formats File System Automount Point.
[[0;32m  OK  [0m] Set up automount Arbitrary Executab...ats File S[   12.404654] Loading iSCSI transport class v2.0-870.
ystem Automount Point.
[   12.427366] systemd[1]: Reached target User and Group Name Lookups.
[[0;32m  OK  [0m] Reached target User and Group Name Lookups.
[   12.433442] systemd[1]: Started Trigger resolvconf update for networkd DNS.
[[0;32m  OK  [0[   12.447077] iscsi: registered transport (tcp)
m] Started Trigger resolvconf update for networkd DNS.
[   12.452092] systemd[1]: Listening on /dev/initctl Compatibility Named Pipe.
[[0;32m  OK  [0m] Listening on /dev/initctl Compatibility Named Pipe.
[   12.473462] systemd[1]: Reached target System Time Synchronized.
[[0;32m  OK  [0m] Reached target System Time Synchronized.
[   12.483084] systemd[1]: Listening on Device-mapper event daemon FIFOs.
[[0;32m  OK  [0m] Listening on Device-mapper event daemon FIFOs.
[   12.506677] iscsi: registered transport (iser)
[   12.532474] systemd[1]: Mounting Debug File System...
         Mounting Debug File System...
[   12.550224] systemd[1]: Starting Uncomplicated firewall...
         Starting Uncomplicated firewall...
[   12.565048] systemd[1]: Mounting Huge Pages File System...
         Mounting Huge Pages File System...
[   12.570400] systemd[1]: Listening on udev Kernel Socket.
[[0;32m  OK  [0m] Listening on udev Kernel Socket.
[   12.582938] systemd[1]: Created slice system-serial\x2dgetty.slice.
[[0;32m  OK  [0m] Created slice system-serial\x2dgetty.slice.
[   12.913452] systemd[1]: Starting Remount Root and Kernel File Systems...
[   12.925299] random: nonblocking pool is initialized
         Starting Remount Root and Kernel File Systems...
[   12.935978] EXT4-fs (sda1): re-mounted. Opts: (null)
[   12.936645] systemd[1]: Starting Create list of required static device nodes for the current kernel...
         Starting Create list of required st... nodes for the current kernel...
[   13.011655] systemd[1]: Started Forward Password Requests to Wall Directory Watch.
[[0;32m  OK  [0m] Started Forward Password Requests to Wall Directory Watch.
[   13.080151] systemd[1]: Starting Journal Service...
         Starting Journal Service...
[   13.087286] systemd[1]: Starting Nameserver information manager...
         Starting Nameserver information manager...
[   13.098981] systemd[1]: Listening on LVM2 metadata daemon socket.
[[0;32m  OK  [0m] Listening on LVM2 metadata daemon socket.
[   13.105156] systemd[1]: Starting Monitoring of LVM2 mirrors, snapshots etc. using dmeventd or progress polling...
         Starting Monitoring of LVM2 mirrors... dmeventd or progress polling...
[   13.126316] systemd[1]: Listening on LVM2 poll daemon socket.
[[0;32m  OK  [0m] Listening on LVM2 poll daemon socket.
[   13.131504] systemd[1]: Created slice User and Session Slice.
[[0;32m  OK  [0m] Created slice User and Session Slice.
[   13.144554] systemd[1]: Reached target Slices.
[[0;32m  OK  [0m] Reached target Slices.
[   13.151456] systemd[1]: Reached target Swap.
[[0;32m  OK  [0m] Reached target Swap.
[   13.184940] systemd[1]: Mounted Debug File System.
[[0;32m  OK  [0m] Mounted Debug File System.
[   13.213384] systemd[1]: Mounted Huge Pages File System.
[[0;32m  OK  [0m] Mounted Huge Pages File System.
[   13.235458] systemd[1]: Mounted POSIX Message Queue File System.
[[0;32m  OK  [0m] Mounted POSIX Message Queue File System.
[   13.257752] systemd[1]: Started Journal Service.
[[0;32m  OK  [0m] Started Journal Service.
[[0;32m  OK  [0m] Started Set console keymap.
[[0;32m  OK  [0m] Started Load Kernel Modules.
[[0;32m  OK  [0m] Started Uncomplicated firewall.
[[0;32m  OK  [0m] Started Remount Root and Kernel File Systems.
[[0;32m  OK  [0m] Started Create list of required sta...ce nodes for the current kernel.
[[0;32m  OK  [0m] Started Nameserver information manager.
[[0;32m  OK  [0m] Started LVM2 metadata daemon.
         Starting Create Static Device Nodes in /dev...
         Starting udev Coldplug all Devices...
         Starting Load/Save Random Seed...
         Mounting FUSE Control File System...
         Starting Apply Kernel Variables...
         Starting Flush Journal to Persistent Storage...
[[0;32m  OK  [0m] Mounted FUSE Control File System.
[[0;32m  OK  [0m] Started Create Static Device Nodes in /dev.
[[0;32m  OK  [0m] Started Monitoring of LVM2 mirrors,...ng dmeventd or progress polling.
[[0;32m  OK  [0m] Started Load/Save Random Seed.
[[0;32m  OK  [0m] Started Apply Kernel Variables.
[[0;32m  OK  [0m] Started udev Coldplug all Devices.
[[0;32m  OK  [0m] Started Flush Journal to Persistent Storage.
[[0;32m  OK  [0m] Reached target Local File Systems (Pre).
[[0;32m  OK  [0m] Reached target Local File Systems.
         Starting Commit a transient machine-id on disk...
         Starting Create Volatile Files and Directories...
         Starting Initial cloud-init job (pre-networking)...
         Starting Tell Plymouth To Write Out Runtime Data...
         Starting Set console font and keymap...
         Starting LSB: AppArmor initialization...
         Starting udev Kernel Device Manager...
[[0;32m  OK  [0m] Started Commit a transient machine-id on disk.
[[0;32m  OK  [0m] Started Create Volatile Files and Directories.
[[0;32m  OK  [0m] Started Tell Plymouth To Write Out Runtime Data.
[[0;32m  OK  [0m] Started udev Kernel Device Manager.
[[0;32m  OK  [0m] Started Dispatch Password Requests to Console Directory Watch.
         Starting Update UTMP about System Boot/Shutdown...
[[0;32m  OK  [0m] Started Update UTMP about System Boot/Shutdown.
[[0;32m  OK  [0m] Found device /dev/ttyS0.
[[0;32m  OK  [0m] Listening on Load/Save RF Kill Switch Status /dev/rfkill Watch.
[[0;32m  OK  [0m] Started LSB: AppArmor initialization.
[[0;32m  OK  [0m] Started Set console font and keymap.
[[0;32m  OK  [0m] Created slice system-getty.slice.
[   11.852532] cloud-init[462]: Cloud-init v. 18.5-45-g3554ffe8-0ubuntu1~16.04.1 running 'init-local' at Thu, 22 Aug 2019 16:59:05 +0000. Up 11.08 seconds.
[[0;32m  OK  [0m] Started Initial cloud-init job (pre-networking).
[[0;32m  OK  [0m] Reached target Network (Pre).
         Starting Raise network interfaces...
[[0;32m  OK  [0m] Started Raise network interfaces.
         Starting Initial cloud-init job (metadata service crawler)...
[[0;32m  OK  [0m] Reached target Network.
[   13.156793] cloud-init[931]: Cloud-init v. 18.5-45-g3554ffe8-0ubuntu1~16.04.1 running 'init' at Thu, 22 Aug 2019 16:59:07 +0000. Up 12.56 seconds.
[   13.191933] cloud-init[931]: ci-info: ++++++++++++++++++++++++++++++++++++++Net device info++++++++++++++++++++++++++++++++++++++
[   13.247370] [[0;32m  OK  [0m] Started Initial cloud-init job (metadata service crawler).
[[0;32m  OK  [0m] Reached target Cloud-config availability.
cloud-init[931]: ci-info: +--------+------+----------------------------+---------------+--------+-------------------+
[   13.336573] [[0;32m  OK  [0m] Reached target System Initialization.
[[0;32m  OK  [0m] Started Daily Cleanup of Temporary Directories.
cloud-init[931]: ci-info: | Device |  Up  |          Address           |      Mask     | Scope  |     Hw-Address    |
[   13.423173] [[0;32m  OK  [0m] Started Daily apt download activities.
cloud-init[931]: ci-info: +--------+------+----------------------------+---------------+--------+-------------------+
[[0;32m  OK  [0m] Listening on D-Bus System Message Bus Socket.
         Starting Socket activation for snappy daemon.
[   13.425093] cloud-init[931]: ci-info: | enp0s3 | True |         10.0.2.15          | 255.255.255.0 | global | 02:26:7f:6e:ca:81 |
[   13.536965] [[0;32m  OK  [0m] Started ACPI Events Check.
[[0;32m  OK  [0m] Reached target Paths.
cloud-init[931]: ci-info: | enp0s3 | True | fe80::26:7fff:fe6e:ca81/64 |       .       |  link  | 02:26:7f:6e:ca:81 |
[[0;32m  OK  [0m] Started Daily apt upgrade and clean activities.
[   13.539937] [[0;32m  OK  [0m] Reached target Timers.
cloud-init[931]: ci-info: |   lo   | True |         127.0.0.1          |   255.0.0.0   |  host  |         .         |
[   13.625179]          Starting LXD - unix socket.
[[0;32m  OK  [0m] Listening on UUID daemon activation socket.
cloud-init[931]: ci-info: |   lo   | True |          ::1/128           |       .       |  host  |         .         |
[[0;32m  OK  [0m] Listening on ACPID Listen Socket.
[[0;32m  OK  [0m] Reached target Network is Online.
[   13.627940] cloud-init[931]: ci-info: +--------+------+----------------------------+---------------+--------+-------------------+
[   13.704299]          Starting iSCSI initiator daemon (iscsid)...
cloud-init[[0;32m  OK  [0m] Listening on Socket activation for snappy daemon.
[[931]: [0;32m  OK  [0mci-info: +++++++++++++++++++++++++++Route IPv4 info++++++++++++++++++++++++++++] 
Listening on LXD - unix socket.
[   13.707875] cloud-init[931]: ci-info: +-------+-------------+----------+---------------+-----------+-------+
[   13.772714] cloud-init[931]: ci-info: | Route | Destination | Gateway  |    Genmask    | Interface | Flags |
[   13.784020] cloud-init[931]: ci-info: +-------+-------------+----------+---------------+-----------+-------+
[[0;32m  OK  [0m] Reached target Sockets.
[[0;32m  OK  [0m] Reached target Basic System.
         Starting System Logging Service...
         Starting LXD - container startup/shutdown...
[   13.789001] cloud-init[931]: ci-info: |   0   |   0.0.0.0   | 10.0.2.2 |    0.0.0.0    |   enp0s3  |   UG  |
[   13.844450] cloud-init[931]: ci-info: |   1   |   10.0.2.0  | 0.0.0.0  | 255.255.255.0 |   enp0s3  |   U   |
[   13.844554] cloud-init[931]: ci-info: +-------+-------------+----------+---------------+-----------+-------+
[   13.845508] cloud-init[931]: ci-info: +++++++++++++++++++Route IPv6 info+++++++++++++++++++
[   13.845562] cloud-init[931]: ci-info: +-------+-------------+---------+-----------+-------+
[   13.845604] cloud-init[931]: ci-info: | Route | Destination | Gateway | Interface | Flags |
[   13.845642] cloud-init[931]: ci-info: +-------+-------------+---------+-----------+-------+
         Starting Pollinate to seed the pseudo random number generator...
[   13.845700] cloud-init[931]: ci-info: |   0   |  fe80::/64  |    ::   |   enp0s3  |   U   |
[   13.940497]          Starting Virtualbox guest utils...
[cloud-init[0;32m  OK  [0m[931]: ] ci-info: |   3   |   ff00::/8  |    ::   |   enp0s3  |   U   |Started FUSE filesystem for LXC.

[   13.945227] cloud-init[931]: ci-info: +-------+-------------+---------+-----------+-------+
[   14.000914] cloud-init[931]: Generating public/private rsa key pair.
[   14.001238] cloud-init[931]: Your identification has been saved in /etc/ssh/ssh_host_rsa_key.
[   14.004633] cloud-init[931]: Your public key has been saved in /etc/ssh/ssh_host_rsa_key.pub.
[   14.004849] cloud-init[931]: The key fingerprint is:
         Starting LSB: MD monitoring daemon...
[   14.006347] cloud-init[931]: SHA256:eTKOrAMC4KnEqSVIJDJGwYCd5g5yGTudnOOzxmLaWBs root@ubuntu-xenial
[   14.089030] cloud-init[931]: The key's randomart image is:
         Starting Login Service...
[   14.093339] cloud-init[931]: +---[RSA 2048]----+
[   14.103978] cloud-init[931]: |@*..             |
[   14.107213] cloud-init[931]: |*+=              |
[   14.111081] cloud-init[931]: |*oo* o           |
[   14.119292] cloud-init[931]: |**B *    .       |
[   14.139542] cloud-init[931]: |** o .  S .      |
[   14.140789] cloud-init[931]: |+ o o. o +       |
         Starting Accounts Service...
[   14.142957] cloud-init[931]: | .Eo oo .        |
[[0;32m  OK  [0m[   14.161010] cloud-init[931]: | +oo=.           |
[   14.163918] cloud-init[931]: |oooo..           |
[   14.165676] cloud-init[931]: +----[SHA256]-----+
[   14.165799] cloud-init[931]: Generating public/private dsa key pair.
[   14.165955] cloud-init[931]: Your identification has been saved in /etc/ssh/ssh_host_dsa_key.
[   14.166155] cloud-init[931]: Your public key has been saved in /etc/ssh/ssh_host_dsa_key.pub.
[   14.166303] cloud-init[931]: The key fingerprint is:
[   14.166470] cloud-init[931]: SHA256:88MzQlpVsGUrvNeMRPVf/u3OCbhqnnRNtObmY8wqjWI root@ubuntu-xenial
[   14.166636] cloud-init[931]: The key's randomart image is:
[   14.166719] cloud-init[931]: +---[DSA 1024]----+
[   14.166851] cloud-init[931]: |          ..=..  |
[   14.167072] cloud-init[931]: |         . * . . |
[   14.167161] cloud-init[931]: |          = o.  o|
[   14.167225] cloud-init[931]: |         . +.+..o|
[   14.167285] cloud-init[931]: |        S . o+o o|
[   14.167343] cloud-init[931]: |       + + .*   o|
[   14.167540] cloud-init[931]: |      . ..Ooo=  o|
[   14.167626] cloud-init[931]: |       E.=o=+=.o.|
] Started Deferred execution scheduler.
[   14.169002] cloud-init[931]: |      . ++ooo..o+|
[   14.483533] cloud-init[931]: +----[SHA256]-----+
[   14.490386] cloud-init[931]: Generating public/private ecdsa key pair.
[[0;32m  OK  [0m] Started D-Bus System Message Bus.
[   14.501903] cloud-init[931]: Your identification has been saved in /etc/ssh/ssh_host_ecdsa_key.
[   14.524607] cloud-init[931]: Your public key has been saved in /etc/ssh/ssh_host_ecdsa_key.pub.
[   14.540947] cloud-init[931]: The key fingerprint is:
[   14.551321] cloud-init[931]: SHA256:HfDaajEgkP/k+QT5wN3Fc2X7S1IPLrcamWu8CeHHeNY root@ubuntu-xenial
[   14.565082] cloud-init[931]: The key's randomart image is:
[   14.573983] cloud-init[931]: +---[ECDSA 256]---+
[   14.584688] cloud-init[931]: |  ..    .  .   .o|
[   14.590917] cloud-init[931]: |  ..     o  + ...|
[   14.602873] cloud-init[931]: |   ....o .o. o.o |
[   14.608253] cloud-init[931]: |    ..*..+.. ...o|
[   14.614008] cloud-init[[0;32m  OK  [0m] Started ACPI event daemon.
[931]: |     + =S + ..o.o|
[[0;32m  OK  [0m] Started Regular background program processing daemon.
         Starting /etc/rc.local Compatibility...
         Starting LSB: Record successful boot for GRUB...
[   14.633970] cloud-init[931]: |      + o= + *o..|
         [   14.681260] cloud-init[931]: |       oo +.O E. |
[   14.684624] cloud-init[931]: |       ..  =o=   |
Starting Snappy daemon...
[   14.685682] [[0;32m  OK  [0m] Started System Logging Service.
[[0;32m  OK  [0m] Started iSCSI initiator daemon (iscsid).
cloud-init[931]: |           .=.   |
[[0;32m  OK  [0m] Started LXD - container startup/shutdown.
[   14.722061] [cloud-init[0;32m  OK  [0m[931]: ] Started Pollinate to seed the pseudo random number generator.
+----[SHA256]-----+
[   14.784633] [[0;32m  OK  [0m] Started /etc/rc.local Compatibility.
cloud-init[931]: Generating public/private ed25519 key pair.
[   14.820647] cloud-init[931]: Your identification has been saved in /etc/ssh/ssh_host_ed25519_key.
[   14.837316] cloud-init[931]: Your public key has been saved in /etc/ssh/ssh_host_ed25519_key.pub.
[   14.860818] cloud-init[931]: The key fingerprint is:
[   14.867011] cloud-init[931]: SHA256:Npq9T//ml9Zi0SDq+YiFq4sw9t6sTmQ0beeJgDdXiC0 root@ubuntu-xenial
[   14.879035] cloud-init[931]: The key's randomart image is:
[   14.895429] cloud-init[931]: +--[ED25519 256]--+
[[0;32m  OK  [0m] Started LSB: MD monitoring daemon.
[   14.903519] cloud-init[931]: |     o ..        |
[   14.915788] cloud-init[931]: |   .E.o.         |
[   14.926277] cloud-init[931]: |  . *.+ .        |
[[0;32m  OK  [0m] Started Login Service.
[   14.944873] cloud-init[931]: |   o * + .  . .  |
[   14.955171] cloud-init[931]: |    o . S  . . o |
[   14.966011] cloud-init[931]: |   o   = o.   . .|
[   14.993525] [cloud-init[0;32m  OK  [0m[931]: ] |  + . o o.o.   .o|Started Unattended Upgrades Shutdown.

         Starting Authenticate and Authorize Users to Run Privileged Tasks...
[   15.022322] cloud-init[931]: | . = +   *oo  +oo|
         Starting OpenBSD Secure Shell server...
         Starting Login to default iSCSI targets...
[[0;32m  OK  [0m] Started Snappy daemon.
[   15.094118] cloud-init[931]: |   o*.=o+.o.o=+o |
[   15.150019] [[0;32m  OK  [0m] Started Virtualbox guest utils.
cloud-init[931]: +----[SHA256]-----+
[[0;32m  OK  [0m] Started LSB: Record successful boot for GRUB.
[[0;32m  OK  [0m] Started Authenticate and Authorize Users to Run Privileged Tasks.
[[0;32m  OK  [0m] Started OpenBSD Secure Shell server.
[[0;32m  OK  [0m] Started Accounts Service.
         Starting Wait until snapd is fully seeded...
[[0;32m  OK  [0m] Started Login to default iSCSI targets.
[[0;32m  OK  [0m] Reached target Remote File Systems (Pre).
[[0;32m  OK  [0m] Reached target Remote File Systems.
         Starting LSB: Set the CPU Frequency Scaling governor to "ondemand"...
         Starting Permit User Sessions...
         Starting LSB: daemon to balance interrupts for SMP systems...
         Starting LSB: automatic crash report generation...
[[0;32m  OK  [0m] Started Permit User Sessions.
         Starting Terminate Plymouth Boot Screen...
         Starting Hold until boot process finishes up...
[[0;32m  OK  [0m] Started LSB: Set the CPU Frequency Scaling governor to "ondemand".
[[0;32m  OK  [0m] Started LSB: daemon to balance interrupts for SMP systems.
[[0;32m  OK  [0m] Started LSB: automatic crash report generation.
[[0;32m  OK  [0m] Started Terminate Plymouth Boot Screen.
[[0;32m  OK  [0m] Started Hold until boot process finishes up.
[[0;32m  OK  [0m] Started Serial Getty on ttyS0.
         Starting Set console scheme...
[[0;32m  OK  [0m] Started Getty on tty1.
[[0;32m  OK  [0m] Reached target Login Prompts.
[[0;32m  OK  [0m] Started Set console scheme.
[[0;32m  OK  [0m] Created slice User Slice of vagrant.
[[0;32m  OK  [0m] Started Session 1 of user vagrant.
         Starting User Manager for UID 1000...
[[0;32m  OK  [0m] Started User Manager for UID 1000.
[[0;32m  OK  [0m] Started Wait until snapd is fully seeded.
         Starting Apply the settings specified in cloud-config...
[[0;32m  OK  [0m] Reached target Multi-User System.
[[0;32m  OK  [0m] Reached target Graphical Interface.
         Starting Update UTMP about System Runlevel Changes...
[[0;32m  OK  [0m] Started Update UTMP about System Runlevel Changes.
         Stopping User Manager for UID 1000...
[[0;32m  OK  [0m] Stopped User Manager for UID 1000.
[[0;32m  OK  [0m] Removed slice User Slice of vagrant.
[[0;32m  OK  [0m] Created slice User Slice of vagrant.
         Starting User Manager for UID 1000...
[[0;32m  OK  [0m] Started Session 2 of user vagrant.
[[0;32m  OK  [0m] Started User Manager for UID 1000.
[   18.744415] cloud-init[1443]: Generating locales (this might take a while)...
[   19.604209] cloud-init[1443]:   en_US.UTF-8... done
[   19.616732] cloud-init[1443]: Generation complete.
[   20.016819] cloud-init[1443]: Cloud-init v. 18.5-45-g3554ffe8-0ubuntu1~16.04.1 running 'modules:config' at Thu, 22 Aug 2019 16:59:13 +0000. Up 18.60 seconds.
[[0;32m  OK  [0m] Started Apply the settings specified in cloud-config.
         Starting Execute cloud user/final scripts...
ci-info: no authorized ssh keys fingerprints found for user ubuntu.
<14>Aug 22 16:59:15 ec2: 
<14>Aug 22 16:59:15 ec2: #############################################################
<14>Aug 22 16:59:15 ec2: -----BEGIN SSH HOST KEY FINGERPRINTS-----
<14>Aug 22 16:59:15 ec2: 1024 SHA256:88MzQlpVsGUrvNeMRPVf/u3OCbhqnnRNtObmY8wqjWI root@ubuntu-xenial (DSA)
<14>Aug 22 16:59:15 ec2: 256 SHA256:HfDaajEgkP/k+QT5wN3Fc2X7S1IPLrcamWu8CeHHeNY root@ubuntu-xenial (ECDSA)
<14>Aug 22 16:59:15 ec2: 256 SHA256:Npq9T//ml9Zi0SDq+YiFq4sw9t6sTmQ0beeJgDdXiC0 root@ubuntu-xenial (ED25519)
<14>Aug 22 16:59:15 ec2: 2048 SHA256:eTKOrAMC4KnEqSVIJDJGwYCd5g5yGTudnOOzxmLaWBs root@ubuntu-xenial (RSA)
<14>Aug 22 16:59:15 ec2: -----END SSH HOST KEY FINGERPRINTS-----
<14>Aug 22 16:59:15 ec2: #############################################################
-----BEGIN SSH HOST KEY KEYS-----
ecdsa-sha2-nistp256 AAAAE2VjZHNhLXNoYTItbmlzdHAyNTYAAAAIbmlzdHAyNTYAAABBBEz95jbNik0NPIY7pFE6h2mgSEw5rg1XrU07iNpQ+SIxxZo5XeKe68T4XK1py7guMSynxDTaeUrN+L4ygpl9K0s= root@ubuntu-xenial
ssh-ed25519 AAAAC3NzaC1lZDI1NTE5AAAAIAXzuIoTEmupwNs9fpdQ069XNgS1ztfeQTOqDkqZVcKP root@ubuntu-xenial
ssh-rsa AAAAB3NzaC1yc2EAAAADAQABAAABAQC0qWAAfI/vo7WDCoQ7iR50A4gCE/A5a/egzFgolVFzix3t2Jg5u4UlsV8u1JNjgzlA51rRMpheSKdkwfSpFrmzYFZx5eCyC+V6aJavsFmLhffUUgwVc71W8/g3n7n8jwj8PpITyG1E27mvLGHcZUnyD9svdD+wCsMMe37tTQ3H3+Pd2u5pUV98YK2MQge+52Yc3exGBNojtXLv35J/QFfO5OslUODarvOI4xzupOfMf6Q56tPfs1fxQ+Wuk8Q95wnbz6eHUUUG20YnpS/vOJ7Y3kApJoAV4V8/Qb3yTrIBfkuChFYUeoU2QVtOGnF4LAK0ZeKNP8nFIcEYl0I44QFn root@ubuntu-xenial
-----END SSH HOST KEY KEYS-----
[   21.016584] cloud-init[1588]: Cloud-init v. 18.5-45-g3554ffe8-0ubuntu1~16.04.1 running 'modules:final' at Thu, 22 Aug 2019 16:59:15 +0000. Up 20.62 seconds.
[   21.016803] cloud-init[1588]: ci-info: no authorized ssh keys fingerprints found for user ubuntu.
[   21.017022] cloud-init[1588]: Cloud-init v. 18.5-45-g3554ffe8-0ubuntu1~16.04.1 finished at Thu, 22 Aug 2019 16:59:15 +0000. Datasource DataSourceNoCloud [seed=/dev/sdb][dsmode=net].  Up 20.97 seconds

Ubuntu 16.04.6 LTS ubuntu-xenial ttyS0

ubuntu-xenial login: 