[    0.000000] Initializig cgroup subsys cpuset
[    0.000000] Initializing cgroup subsys cpu
[    0.000000] Initializing cgroup subsys cpuacct
[    0.00000] Linux version 4.4.0-46-generic (buildd@lcy01-amd64-025) (gcc version 5.4.0 20160609 (Ubuntu 5.4.0-6ubuntu1~16.04.10) ) #172-Ubuntu SMP Wed Apr 3 09:00:8 UTC 2019 (Ubuntu 4.4.0-146.172-generic 4.4.177)
[    0.000000] Command line: BOOT_IMAGE=/boot/vmlinuz-4.4.0-146-genericroot=LABEL=cloudimg-rootfs ro console=tty1 console=ttyS0
[    0.000000] KERNEL supported cpus:
[    0.000000]   Intel GenuineIntel
[    0000000]   AMD AuthenticAMD
[    0.000000]   Centaur CentaurHauls
[    0.000000] x86/fpu: xstate_offset[2]:  576, xstate_sizes[2]:  256
[    0.000000 x86/fpu: Supporting XSAVE feature 0x01: 'x87floating point registers'
[    0.000000] x86/fpu: Supporting XSAVE feature 0x02: 'SSE registers'
[    0.000000] x86/fpu: Supporting XSAVE feture 0x04: 'AVX registers'
[    0.000000] x86/fpu: Enabled xstate features 0x7, context size is 832 bytes, using 'standard' format.
[    0.000000] e820: BIOS-provided physical RAM map:
[    0.000000] BIOS-e820: [mem 0x0000000000000000-0x000000000009fbff] usable
[    0.000000] BIOS-e820: [mem 0x000000000009fc00-0x000000000009ffff] reserved
[    0.000000] BIOS-e820: [mem 0x00000000000f0000-0x00000000000fffff] reserved
[    0.000000] BIOS-e820: [mem 0x000000000100000-0x00000000ffffff] usable
[    0.000000] BIOS-e820: [mem 0x000000003fff0000-0x000000003fffffff] ACPI data
[    0.000000] BIOS-e820: [mem 0x00000000fec00000-0x00000000fec00fff] reserved
[    0.000000] BIOS-e820: [mem 0x00000000fee00000-0x00000000fee00fff] reserved
[    0.000000] BIOS-e820: [mem 000000000fffc0000-0x00000000ffffffff] reserved
[    0.000000] NX (Execute Disable) protection: ative
[    0.000000] SMBIOS 2.5 present.
[    0.000000] Hypervisor detected: KVM
[    0.000000] e820: last_pfn = 0x3fff0 max_arh_pfn = 0x400000000
[    0.00000] MTRRDiisabed
[    0.0000] x86/PAT: MTRRs disabled, skipping PAT initialization too.
[    0.000000] CPU MTRRs all blank - virtualized system.
[    0.000000] x86/PAT: Configuration [0-7]: WB  WT  UC- UC  WB  WT  UC- UC 
    0.00000] found SMP P-table t mem 0x0009fff0-0x0009ffff] mapped at [ffff88000009fff0]
[    0.000000] Scanning 1 areas for low memory corruption
[    0.000000] RAMDIK: [mem 0x362f000-0x37175fff]
[    0.000000] ACPI: Early table checkum verification disabled
[    0.000000] ACPI: RSDP 0x00000000000E0000 000024 (v02 VBOX  )
[    0.000000] ACPI: XSDT 0x000000003FFF0030 00003C (v01 VBOX   VBOXXSDT 0000001 ASL  00000061)
[    0.000000] ACPI: FACP 0x000000003FFF00F0 0000F4 (v04 VBOX   VBOXFACP00000001 ASL  00000061)
[    0.000000] ACPI: DSDT 0x000000003FFF0470 0021FF (v02 VBOX   VBOXBIOS 0000002 INTL 20100528)
[    0.000000] ACPI: FACS 0x000000003FFF0200 000040
[    0.000000] ACPI: FACS 0x00000003FFF0200 000040
[    0.000000] ACPI: APIC 0x000000003FFF0240 00005C (v02 VBOX   VBOXAPIC 00000001 ASL  00000061)
[    0.000000] ACPI: SSDT 0x000000003FFF02A0 0001CC (v01 VBOX   VBOXCPUT 00000002 INTL 20100528)
[    0.000000] No NUMA configuration found
[    0.000000] Faking a node at [mem 0x0000000000000000-0x000000003ffeffff]
[    0.000000] NODE_DATA(0) allocated [mem 0x3ffeb000-0x3ffeffff]
[    0.000000] kvm-clock: Using msrs 4b564d01 and 4b564d00
[    0.000000] kvm-clock: cpu 0, msr 0:3ffe3001, primary cpu clock
[    0.000000] kvm-clock: using sched offset of 414616886 cycles
[    0.000000] clocksource: kvm-clock: mask: 0xffffffffffffffff max_cycles: 0x1cd42e4dffb, max_idle_ns: 881590591483 ns
[    0.000000] Zone ranges:
[    0.000000]   DMA      [mem 0x0000000000001000-0x0000000000ffffff]
[    0.000000]   DMA32    [mem 0x0000000001000000-0x000000003ffeffff]
[    0.000000]   Normal   empty
[    0.000000]   Devicee   empty
[    0.000000] Movable zone start for each node
[    0.000000] Early memory node ranges
[    0.000000]   node   0: [mem 0x000000000001000-0x000000000009efff]
[    0.000000]   node   0: [mem 0x0000000000100000-0x000000003ffeffff]
[    0.000000] Initmem setup node 0 [mem 0x0000000000001000-0x000000003ffeffff]
[    0.000000] ACPI: PM-Timer IO Port: 0x4008
[    0.000000] IOAPIC[0]: apic_id 2, version 32, address 0xfec00000, GSI 0-23
[    0.000000] ACPI: INT_SRC_OVR (bus 0 bus_irq 0 global_irq 2 dfl dfl)
[    0.0000]ACPI: INT_SRC_OV (bus 0 busirq 9 global_irq 9 lo level)
[    0.00000]UsingACI (MADT) for SMP configuraion information
[    0.000000] smpboot: Allowing 2 CPUs, 0 hotplug CPUs
[    0.000000] PM: Registered nosave memory: [mem 0x00000000-0x00000fff]
[    0.000000] PM: Registered nosave memory: [mem 0x0009f000-0x0009ffff]
[    0.000000] PM: Registered nosave memory: [mem 0x000a0000-0x000effff]
[    0.000000] PM: Registered nosave memory: [mem 0x000f0000-0x000fffff]
[    0.000000] e820: [mem 0x40000000-0xfebfffff] available for PCI devices
[    0.000000] Booting paravirtualized kernel on KVM
[    0.000000] clocksource: refined-jiffies: mask: 0xffffffff max_cycles: 0xffffffff, max_idle_ns: 7645519600211568 ns
[    0.000000] setup_percpu: NR_CPUS:512 nr_cpumask_bits:512 nr_cpu_ids:2 nr_node_ids:1
[    0.000000] PERCPU: Embedded 34 pages/cpu @ffff88003fc00000 s99480 r8192 d31592 u1048576
[    0.000000] Built 1 zonelists in Node order, mobility grouping on.  Total pages: 257912
[    0.000000] olicy zone: DMA32
[    0.000000] Kernel command line: BOOT_IMAGE=/boot/vmlinuz-4.4.0-146-generic root=LABEL=cloudimg-rootfs ro console=tty1 console=ttyS0
[    0.000000] PID hash table entries: 4096 (order: 3, 32768 bytes)
[    0.000000] Memory: 997736K/1048120K available (8609K kernel code, 1334K rwdata, 4028K rodata, 1484K init, 1284K bss, 50384K reserved, 0K cma-reserved)
[    0.000000] SLUB: HWalign=64, Order=0-3, MinObjects=0, CPUs=2, Nodes=1
[    0.00000] Kernel/User page tables isolation: enabled
[    0.000000] Hierarchical RCU implementation.
[    0.000000] 	Build-time adjustment of leaf fanout o 64.
[    0.0000] 	RCU restricting CPUs from NR_CPUS=512 to nr_cpu_ids=2.
[    0.000000] RCU: Adjusting geometry for rcu_fanout_leaf=64, nr_cpu_ids=2
[    0.000000] NR_IRQS:33024 nr_irqs:440 16
[    0.000000] Console: colour VGA+ 80x25
[    0.000000] console [tty1] enabled
[    0.000000] console [ttyS0] enabled
[    0.000000] tsc: Detected 2700.000 MHz processor
[    1.169292] Calibrating delay loop (skippeed) preset value.. 5400.00 BogoMIPS (lpj=10800000)
[    1.172756] pid_max: default: 32768 minimum: 301
[    1.174594] ACPI: Core revision 20150930
[    1.177225] ACPI: 2 ACPI AML tables successfully acquired and loaded
[    1.179967] Security Framework initialized
[    1.187075] Yama: becoming mindful.
[    1.188585] AppArmor: AppArmor initialized
[    1.190326] Dentry cache hash table entries: 131072 (order: 8, 1048576 bytes)
[    1.195018] Inode-cache hash table entries: 65536 (order: 7, 524288 bytes)
[    1.201566] Mount-cache hash table entries: 2048 (order: 2, 16384 bytes)
[    1.204362] Mountpoint-cache hash table entries: 2048 (order: 2, 16384 bytes)
[    1.207199] Initializing cgroup subsys io
[    1.208899] Initializing cgroup subsys memory
[    1.210793] Initializing cgroup subsys devices
[    1.217941] Initializing cgroup subsys freezer
[    1.219782] Initializing cgroup subsys net_cls
[    1.221552] Initializing cgroup subsys perf_event
[    1.223405] Initializing cgroup subsys net_prio
[    1.225338] Initializing cgroup subsys hugetlb
[    1.227113] Initializing cgroup subsys pids
[    1.229817] mce: CPU supports 0 MCE banks
[    1.231862] Last level iTLB entries: 4KB 64, 2MB 8, 4MB 8
[    1.234126] Last level dTLB entries: 4KB 64, 2MB 0, 4MB 0, 1GB 4
[    1.236482] Spectre V2 : Mitigation: Full generic retpoline
[    1.238626] Spectre V2 : Spectre v2 / SpectreRSB mitigation: Filling RSB on context switch
[    1.241902] Speculative Store Bypass: Vulnerable
[    1.246365] Freeing SMP alternatives memory: 36K
[    1.256447] ftrace: allocating 32287 entries in 127 pages
[    1.322229] smpboot: APIC(0) Converting physical 0 to logical package 0
[    1.324821] smpboot: Max logical packages: 1
[    1.326831] x2apic enabled
[    1.328258] Switched APIC routing to physical x2apic.
[    1.331702] ..TIMER: vector=0x30 apic1=0 pin1=2 apic2=-1 pin2=-1
[    1.444887] smpboot: CPU0: Intel(R) Core(TM) i5-5257U CPU @ 2.70GHz (family: 0x6, model: 0x3d, stepping: 0x4)
[    1.452921] Performance Events: unsupported p6 CPU model 61 no PMU driver, software events only.
[    1.466048] KVM setup paravirtual spinlock
[    1.474354] x86: Booting SMP configuration:
[    1.476110] .... node  #0, CPUs:      #1
[    1.478052] kvm-clock: cpu 1, msr 0:3ffe3041, secondary cpu clock
[    1.481495] mce: CPU supports 0 MCE banks
[    1.494269] x86: Booted up 1 node, 2 CPUs
[    1.500785] smpboot: Total of 2 processors activated (10800.00 BogoMIPS)
[    1.503370] devtmpfs: initialized
[    1.506489] evm: security.selinux
[    1.507939] evm: security.SMACK64
[    1.509322] evm: security.SMACK64EXEC
[    1.510895] evm: security.SMACK64TRANSMUTE
[    1.512561] evm: security.SMACK64MMAP
[    1.514276] evm: security.ima
[    1.518830] evm: security.capability
[    1.530748] clocksource: jiffies: mask: 0xffffffff max_cycles: 0xffffffff, max_idle_ns: 7645041785100000 ns
[    1.550111] futex hash table entries: 512 (order: 3, 32768 bytes)
[    1.552764] pinctrl core: initialized pinctrl subsystem
[    1.555039] RTC time: 17:33:46, date: 08/22/19
[    1.557094] NET: Registered protocol family 16
[    1.567618] cpuidle: using governor ladder
[    1.591235] cpuidle: using governor menu
[    1.594942] PCCT header not found.
[    1.596137] ACPI: bus type PCI registered
[    1.597374] acpiphp: ACPI Hot Plug PCI Controller Driver version: 0.5
[    1.611584] PCI: Using configuration type 1 for base access
[    1.632070] ACPI: Added _OSI(Module Device)
[    1.651479] ACPI: Added _OSI(Processor Device)
[    1.653259] ACPI: Added _OSI(3.0 _SCP Extensions)
[    1.655165] ACPI: Added _OSI(Processor Aggregator Device)
[    1.666878] ACPI: Executed 1 blocks of module-level executable AML code
[    1.671621] ACPI: Interpreter enabled
[    1.685659] ACPI: (supports S0 S5)
[    1.695057] ACPI: Using IOAPIC for interrupt routing
[    1.701893] PCI: Using host bridge windows from ACPI; if necessary, use "pci=nocrs" and report a bug
[    1.712475] ACPI: PCI Root Bridge [PCI0] (domain 0000 [bus 00-ff])
[    1.717261] acpi PNP0A03:00: _OSC: OS supports [ASPM ClockPM Segments MSI]
[    1.733062] acpi PNP0A03:00: _OSC: not requesting OS control; OS requires [ExtendedConfig ASPM ClockPM MSI]
[    1.737019] acpi PNP0A03:00: fail to add MMCONFIG information, can't access extended PCI configuration space under this bridge.
[    1.743088] PCI host bridge to bus 0000:00
[    1.744509] pci_bus 0000:00: root bus resource [io  0x0000-0x0cf7 window]
[    1.752388] pci_bus 0000:00: root bus resource [io  0x0d00-0xffff window]
[    1.759810] pci_bus 0000:00: root bus resource [mem 0x000a0000-0x000bffff window]
[    1.765302] pci_bus 0000:00: root bus resource [mem 0x40000000-0xfdffffff window]
[    1.780255] pci_bus 0000:00: root bus resource [bus 00-ff]
[    1.799186] pci 0000:00:01.1: legacy IDE quirk: reg 0x10: [io  0x01f0-0x01f7]
[    1.802882] pci 0000:00:01.1: legacy IDE quirk: reg 0x14: [io  0x03f6]
[    1.806312] pci 0000:00:01.1: legacy IDE quirk: reg 0x18: [io  0x0170-0x0177]
[    1.810057] pci 0000:00:01.1: legacy IDE quirk: reg 0x1c: [io  0x0376]
[    1.847752] pci 0000:00:07.0: quirk: [io  0x4000-0x403f] claimed by PIIX4 ACPI
[    1.863214] pci 0000:00:07.0: quirk: [io  0x4100-0x410f] claimed by PIIX4 SMB
[    1.898077] ACPI: PCI Interrupt Link [LNKA] (IRQs 5 9 10 *11)
[    1.905644] ACPI: PCI Interrupt Link [LNKB] (IRQs 5 9 *10 11)
[    1.908052] ACPI: PCI Interrupt Link [LNKC] (IRQs 5 *9 10 11)
[    1.917294] ACPI: PCI Interrupt Link [LNKD] (IRQs 5 9 10 *11)
[    1.920265] ACPI: Enabled 2 GPEs in block 00 to 07
[    1.922700] vgaarb: setting as boot device: PCI:0000:00:02.0
[    1.925045] vgaarb: device added: PCI:0000:00:02.0,decodes=io+mem,owns=io+mem,locks=none
[    1.941566] vgaarb: loaded
[    1.951526] vgaarb: bridge control possible 0000:00:02.0
[    1.953866] SCSI subsystem initialized
[    1.955731] ACPI: bus type USB registered
[    1.957405] usbcore: registered new interface driver usbfs
[    1.959567] usbcore: registered new interface driver hub
[    1.967145] usbcore: registered new device driver usb
[    1.969493] PCI: Using ACPI for IRQ routing
[    1.977245] NetLabel: Initializing
[    1.978708] NetLabel:  domain hash size = 128
[    1.980472] NetLabel:  protocols = UNLABELED CIPSOv4
[    1.986465] NetLabel:  unlabeled traffic allowed by default
[    1.996999] amd_nb: Cannot enumerate AMD northbridges
[    2.003627] clocksource: Switched to clocksource kvm-clock
[    2.015140] AppArmor: AppArmoFiesystem Enabled
[    2.090383] pnp: PnP ACPI init
[    2.093552] pnp: PnP ACPI: found 3 devices

[    2.108339] clocksource: acpi_pm: mask: 0xffffff max_cycles: 0xffffff, max_idle_ns: 2085701024 ns
[    2.111933] NET: Registered protocol family 2
[    2.113855] TCP established hash table entries: 8192 (order: 4, 65536 bytes)
[   .132063] TCP bind hash table entries: 8192 (order: 5, 131072 bytes)
[   2.181161] TCP: Hash tables configured (established 8192 bind 8192)
[    2.207069] UDP hash table entries: 512 (order: 2, 16384 bytes)
[    2.209360] UDP-Lite hash table entries: 512 (order: 2, 16384 bytes)
[    2.211874] NET: Registered protocol family 1
[    2.213655] pci 0000:00:00.0: imiting direct PCI/PCI transfers
[    2.239495] pci 0000:00:01.: Activatig ISA DMA hang workarounds
[    2.289780] Unpacking initramfs...

[    2.527431] Freeing initrd memory: 14824K
[    2.529420] RAPL PMU detected, API unit is 2^-32 Joules, 4 fixed counters 10737418240 ms ovfl timer
[    2.533218] hw unit of domain pp0-core 2^-0 Joules
[    2.536698] hw unit of domain package 2^-0 Joules
[    2.540565] hw unit of domain dram 2^-0 Joules
[    2.542350] hw unit of domain pp1-gpu 2^-0 Joules
[    2.548449] platform rtc_cmos: registered platform RTC device (no PNP device found)
[    2.572290] Scanning for low memory corruption every 60 seconds
[    2.575036] audit: initializing netlink subsys (disabled)
[    2.577223] audit: type=2000 audit(1566495232.060:1): initialized
[    2.579845] Initialise system trusted keyring
[    2.582118] HugeTLB registered 2 MB page size, pre-allocated 0 pages
[    2.589148] zbud: loaded
[    2.590693] VFS: Disk quotas dquot_6.6.0
[    2.592438] VFS: Dquot-cache hash table entries: 512 (order 0, 4096 bytes)
[    2.595278] squashfs: version 4.0 (2009/01/31) Phillip Lougher
[    2.598057] fuse init (API version 7.23)
[    2.602165] Key type big_key registered
[    2.603769] Allocating IMA MOK and blacklist keyrings.
[    2.608513] Key type asymmetric registered
[    2.610186] Asymmetric key parser 'x509' registered
[    2.612228] Block layer SCSI generic (bsg) driver version 0.4 loaded (major 249)
[    2.615341] io scheduler noop registered
[    2.620703] io scheduler deadline registered (default)
[    2.622832] io scheduler cfq registered
[    2.624681] pci_hotplug: PCI Hot Plug PCI Core version: 0.5
[    2.626877] pciehp: PCI Express Hot Plug Controller Driver version: 0.4
[    2.629780] ACPI: AC Adapter [AC] (off-line)
[    2.631655] input: Power Button as /devices/LNXSYSTM:00/LNXPWRBN:00/input/input0
[    2.637889] ACPI: Power Button [PWRF]
[    2.639517] input: Sleep Button as /devices/LNXSYSTM:00/LNXSLPBN:00/input/input1
[    2.681661] ACPI: Sleep Button [SLPF]
[    2.690725] ACPI: Battery Slot [BAT0] (battery present)
[    2.697262] GHES: HEST is not enabled!
[    2.712347] Serial: 8250/16550 driver, 32 ports, IRQ sharing enabled
[    2.748949] 00:02: ttyS0 at I/O 0x3f8 (irq = 4, base_baud = 115200) is a 16550A
[    2.775406] Linux agpgart interface v0.103
[    2.787255] oo: modul loade
[    2.90627] scsi host0: ata_piix

[    2.928403] scsi host1: ata_piix
[    2.929973] ata1: PATA max UDMA/33 cmd 0x1f0 ctl 0x3f6 bmdma 0xd000 irq 14
[    2.932772] ata2: PATA max UDMA/33 cmd 0x170 ctl 0x376 bmdma 0xd008 irq 15
[    2.935582] libphy: Fixed MDIO Bus: probed
[    2.9371] tun: Universal TUN/TAP device driver, 1.6
[    3.014670] tun: (C) 1999-2004 Max Krasnyansky <maxk@qualcomm.com>
[    3.019194] PPP generic driver version 2.42
[    3.053204] ehci_hcd: US 2.0 'Enhanced' HostCotroller (EHCI) Driver

[    3.135375 ehc-pi:EHI CIpltform driver
[    3.343172] ehci-platform: ECIgeneri pator diver

[    3.541631] ohci_hcd: US 11 Opn'Host Cntroller (OHCI) Driver
[    3.54703 tc:Reind SC cloksource calibration: 2699.714 MH
   35490] clocsorce: tsc: mask: 0xffffffffffffffff max_cycles: 0x26ea3050b63, max_idle_ns: 440795291157 ns

[    4.076922] ohci-pci: OHCI PCI platform driver
[    4.078760] ohci-platform: OHCI generic platform driver
[    4.080899] uhci_hcd: USB Universal Host Controller Interface driver
[    4.083424] i8042: PNP: PS/2 Controller [PNP0303:PS2K,PNP0f03:PS2M] at 0x60,0x64 irq 1,12
[    4.086958] serio: i8042 KBD port at 0x60,0x64 irq 1
[    4.089463] serio: i8042 AUX ort at 0x600x64 irq 12

[    4.164862] mousedev: PS/2 mouse device common for all mice
[    4.168542] input: AT Translated Set 2 keyboard as /devices/platform/i042/seio0/inpt/npt2

[   4.318968] rtc_cmo rc_mo: tccore: registered rtc_cmo as rtc0

[    4.511712] rtc_cmos rtc_cmos: alarms up to one day, 11 bytes nvram
[    4.547509] i2c /dev entries driver
[    4.549069] device-mapper: uevent: version 1.0.3
[    4.552863] device-mapper: ioctl: 4.34.0-ioctl (2015-10-28) initialised: dm-devel@redhat.com
[    4.574643] ledtrig-cpu: registered to indicate activity on CPUs
[    4.597421] NET: Registered protocol family 10
[    4.616735] NET: Registered protocol family 17
[    4.624666] Key type dns_resolver registered
[    4.644365] registered taskstats version 1
[    4.664267] Lading comiledin X.509cetificaes
[   4.832556] Loaded X.509 cert 'Build im atoenerated krnl ey: 4db2dcc7f4e0204484f68683c2024489'

[    5.220088] zswap: loaded using pool lzo/zbud
[    5.224222] Key type trusted registered
[    5.231099] Key type encrypted registered
[    5.233335] AppArmor: AppArmor sha1 policy hashing enabled
[    5.235755] ima: No TPM chip found, activating TPM-bypass!
[    5.237822] ima: Allocated hash algorithm: sha1
[    5.240380] evm: HMAC attrs: 0x1
[    5.243829]   Magic number: 15:498:593
[    5.246377] rtc_cmos rtc_cmos: setting system clock to 2019-08-22 17:33:50 UTC (1566495230)
[    5.256929] BIOS EDD facility v0.16 2004-Jun-25, 0 devices found
[    5.259771] EDD information not available.
[    5.264485] Freeing unused kernel memory: 1484K
[    5.287745] Write protecting the kernel read-only data: 14336k
[    5.291675] Freeing unused kernel memory: 1620K
[    5.294408] Freeing unused kernel memory: 68K
Loading, please wait...
starting version 229
[    5.328852] random: systemd-udevd: uninitialized urandom read (16 bytes read, 5 bits of entropy available)
[    5.330572] random: udevadm: uninitialized urandom read (16 bytes read, 5 bits of entropy available)
[    5.330592] random: udevadm: uninitialized urandom read (16 bytes read, 5 bits of entropy available)
[    5.339657] random: systemd-udevd: uninitialized urandom read (16 bytes read, 5 bits of entropy available)
[    5.340297] random: udevadm: uninitialized urandom read (16 bytes read, 5 bits of entropy available)
[    5.340357] random: udevadm: uninitialized urandom read (16 bytes read, 5 bits of entropy available)
[    5.340816] random: udevadm: uninitialized urandom read (16 bytes read, 5 bits of entropy available)
[    5.341169] random: udevadm: uninitialized urandom read (16 bytes read, 5 bits of entropy available)
[    5.341257] random: udevadm: uninitialized urandom read (16 bytes read, 5 bits of entropy available)
[    5.341328] random: udevadm: uninitialized urandom read (16 bytes read, 5 bits of entropy available)
[    5.496373] Fusion MPT base driver 3.04.20
[    5.504899] Copyright (c) 1999-2008 LSI Corporation
[    5.506558] e1000: Intel(R) PRO/1000 Network Driver - version 7.3.21-k8-NAPI
[    5.509256] e1000: Copyright (c) 1999-2006 Intel Corporation.
[    5.521338] Fusion MPT SPI Host driver 3.04.20
[    5.527487] AVX2 version of gcm_enc/dec engaged.
[    5.529036] AES CTR mode by8 optimization enabled
[    5.720236] input: ImExPS/2 Generic Explorer Mouse as /devices/platform/i8042/serio1/input/input4
[    5.926021] e1000 0000:00:03.0 eth0: (PCI:33MHz:32-bit) 02:26:7f:6e:ca:81
[    5.930150] e1000 0000:00:03.0 eth0: Intel(R) PRO/1000 Network Connection
[    5.957651] mptbase: ioc0: Initiating bringup
[    5.958377] e1000 0000:00:03.0 enp0s3: renamed from eth0
[    6.330937] ioc0: LSI53C1030 A0: Capabilities={Initiator}
[    7.341274] scsi host2: ioc0: LSI53C1030 A0, FwRev=00000000h, Ports=1, MaxQ=256, IRQ=20
[    8.276982] scsi 2:0:0:0: Direct-Access     VBOX     HARDDISK         1.0  PQ: 0 ANSI: 5
[    8.301280] scsi target2:0:0: Beginning Domain Validation
[    8.357687] scsi target2:0:0: Domain Validation skipping write tests
[    8.359491] scsi target2:0:0: Ending Domain Validation
[    8.361134] scsi target2:0:0: asynchronous
[    8.363310] scsi 2:0:1:0: Direct-Access     VBOX     HARDDISK         1.0  PQ: 0 ANSI: 5
[    8.422891] scsi target2:0:1: Beginning Domain Validation
[    8.450980] scsi target2:0:1: Domain Validation skipping write tests
[    8.452807] scsi target2:0:1: Ending Domain Validation
[    8.454443] scsi target2:0:1: asynchronous
[    8.463822] sd 2:0:0:0: [sda] 20971520 512-byte logical blocks: (10.7 GB/10.0 GiB)
[    8.463944] sd 2:0:0:0: Attached scsi generic sg0 type 0
[    8.468088] sd 2:0:1:0: [sdb] 20480 512-byte logical blocks: (10.5 MB/10.0 MiB)
[    8.468266] sd 2:0:1:0: Attached scsi generic sg1 type 0
[    8.481030] sd 2:0:0:0: [sda] Write Protect is off
[    8.486226] sd 2:0:0:0: [sda] Incomplete mode parameter data
[    8.487943] sd 2:0:0:0: [sda] Assuming drive cache: write through
[    8.489736] sd 2:0:1:0: [sdb] Write Protect is off
[    8.491459] sd 2:0:1:0: [sdb] Incomplete mode parameter data
[    8.493298] sd 2:0:1:0: [sdb] Assuming drive cache: write through
[    8.496888]  sda: sda1
[    8.498809] sd 2:0:0:0: [sda] Attached SCSI disk
[    8.500494] sd 2:0:1:0: [sdb] Attached SCSI disk
Begin: Loading essential drivers ... [    9.863995] md: linear personality registered for level -1
[    9.873039] md: multipath personality registered for level -4
[    9.890819] md: raid0 personality registered for level 0
[    9.909737] md: raid1 personality registered for level 1
[    9.983695] raid6: sse2x1   gen()  9670 MB/s
[   10.063658] raid6: sse2x1   xor()  6784 MB/s
[   10.131822] raid6: sse2x2   gen() 12002 MB/s
[   10.207705] raid6: sse2x2   xor()  7966 MB/s
[   10.287635] raid6: sse2x4   gen() 13910 MB/s
[   10.367926] raid6: sse2x4   xor()  9769 MB/s
[   10.447647] raid6: avx2x1   gen() 18446 MB/s
[   10.527820] raid6: avx2x2   gen() 21799 MB/s
[   10.595760] raid6: avx2x4   gen() 24474 MB/s
[   10.608579] raid6: using algorithm avx2x4 gen() 24474 MB/s
[   10.617558] raid6: using avx2x2 recovery algorithm
[   10.621074] xor: automatically using best checksumming function:
[   10.659926]    avx       : 27362.000 MB/sec
[   10.671956] async_tx: api initialized (async)
[   10.697086] md: raid6 personality registered for level 6
[   10.712809] md: raid5 personality registered for level 5
[   10.719996] md: raid4 personality registered for level 4
[   10.740272] md: raid10 personality registered for level 10
done.
Begin: Running /scripts/init-premount ... done.
Begin: Mounting root file system ... Begin: Running /scripts/local-top ... done.
Begin: Running /scripts/local-premount ... [   10.790120] Btrfs loaded
Scanning for Btrfs filesystems
done.
Warning: fsck not present, so sk[   10.833173] EXT4-fs (sda1): mounted filesystem with ordered data mode. Opts: (null)
ipping root file system
done.
Begin: Running /scripts/local-bottom ... done.
Begin: Running /scripts/init-bottom ... done.
[   10.967360] systemd[1]: systemd 229 running in system mode. (+PAM +AUDIT +SELINUX +IMA +APPARMOR +SMACK +SYSVINIT +UTMP +LIBCRYPTSETUP +GCRYPT +GNUTLS +ACL +XZ -LZ4 +SCCOMP +BLKID +ELFUTILS +KMOD -IDN)
[   1017420] ysem[1: Detected vitualiztion oracle
[   11.2288]systemd[1]: Detected achitecture x86-64.

Welcome to [1mUbuntu 16.04.6 LTS[0m!

[  11.3896] systmd1] St hostname to <ubuntu>

[   11.577510] systemd[1]: Initializing machine ID from random generator.
[   11.580272] systemd[1]: Installed transient /etc/machine-id file.
[   11.822501] systemd[1]: Set up automount Arbitrary Executable File Formats File System Automount Point.
[[0;32m  OK  [0m] Set up automount Arbitrary Executab...ats File System Automount Point.
[   11.842128] systemd[1]: Listening on udev Kernel Socket.
[[0;32m  OK  [0m] Listening on udev Kernel Socket.
[   11.848899] systemd[1]: Started Forward Password Requests to Wall Directory Watch.
[[0;32m  OK  [0m] Started Forward Password Requests to Wall Directory Watch.
[  1.90114] systemd[1]: Listening on LVM2 metadata daemon socket.

[[0;32m  OK  [0m] Listening on LVM2 metadata daemon socket.
[  12.1279] sysemd[1]: Created slice System Slice.

[[0;32m  OK  [0m] Created slice System Slice.
[   12.115342] systemd[1]: Reached target User and Group Name Lookups.
[[0;32m  OK  [0m] Reached target User and Group Name Lookups.
[   12.123902] systemd[1]: Reached target System Time Synchronized.
[[0;32m  OK  [0m] Reached target System Time Synchronized.
[   12.131979] systemd[1]: Listening on /dev/initctl Compatibility Named Pipe.
[[0;32m  OK  [0m] Listening on /dev/initctl Compatibility Named Pipe.
[   12.148503] systemd[1]: Reached target Swap.
[[0;32m  OK  [0m] Reached target Swap.
[   12.156229] systemd[1]: Started Trigger resolvconf update for networkd DNS.
[[0;32m  OK  [0m] Started Trigger resolvconf update for networkd DNS.
[   12.180617] ystemd[1]: Listening on Journal Socket (/dev/log).

[[0;32m  OK  [0m] Listening on Journal Socket (/dev/log).
[   12.24888] ysemd[1]: Created slice User and Session Slice.
[[0;32m  OK  [0m] Created slice User and Session Slice.
[   12.355009] systemd[1]: Listening on Syslog Socket.
[[0;32m  OK  [0m] Listening on Syslog Socket.
[   12.377473] systemd[1]: Listening on Device-mapper event daemon FIFOs.
[[0;32m  OK  [0m] Listening on Device-mapper event daemon FIFOs.
[  12.39621]syted[]: Created slice system-serial\x2dgetty.slice.
[[0;32m  OK  [0m] Created slice system-serial\x2dgetty.slice.
[  1.51197 sstmd1] Lstnig n Journal Audit Socket.
[[0;32m  OK  [0m] Listening on Journal Audit Socket.
[   12.916219] systemd[1]: Reched target Slices.

[[0;32m  OK  [0m] Reached target Slices.
[   12.956787] systed[]:Reachd aretEnrypted Volmes.
[[0;32m  OK  [0m] Reached target Encrypted Volumes.
[   13.198152] systemd[1]: Listening on udev Control Socket.
[[0;32m  OK  [0m] Listening on udev Control Socket.
[   13.221540] systemd[1]: Listening on LVM2 poll daemon socket.
[[0;32m  OK  [0m] Listening on LVM2 poll daemon socket.
[   13.229285] systemd[1]: Listening on Journal Socket.
[[0;32m  OK  [0m] Listening on Journal Socket.
[   13.244089] systemd[1]: Starting Uncomplicated firewall...
[   13.248805] random: nonblocking pool is initialized
         Starting Uncomplicated firewall...
[   13.259804] systemd[1]: Starting Journal Service...
         Starting Journal Service...
[   13.277221] systemd[1]: Mounting Huge Pages File System...
         Mounting Huge Pages File System...
[   13.296304] systemd[1]: Starting Load Kernel Modules...
         Starting Load Kernel Modules...
[   13.311304] systemd[1]: Starting Set console keymap...
[   13.322049] Loading iSCSI transport class v2.0-870.
         Starting Set console keymap...
[   13.346859] systemd[1]: Starting Monitoring of LVM2 mirrors, snapshots etc. using dmeventd or progress polling...
         Starting Monitoring of LVM2 mirrors... dmeventd or progress polling...
[   13.372980] systemd[1]: Mounting POSIX Message Queue File System...
         Mounting POSIX Message Queue File System...
[   13.399386] systemd[1]: Starting Create list of required static device nodes for the current kernel...
[   13.403689] iscsi: registered transport (tcp)
         Starting Create list of required st... nodes for the current kernel...
[   13.413259] systemd[1]: Mounting Debug File System...
         Mounting Debug File System...
[   13.420788] systemd[1]: Starting Nameserver information manager...
         Starting Nameserver information manager...
[   13.474060] systemd[1]: Starting Remount Root and Kernel File Systems...
         Starting Remount Root and Kernel File Systems...
[   13.497714] EXT4-fs (sda1): re-mounted. Opts: (null)
[   13.511483] iscsi: registered transport (iser)
[   13.549386] systemd[1]: Mounted Debug File System.
[[0;32m  OK  [0m] Mounted Debug File System.
[   13.568867] systemd[1]: Mounted Huge Pages File System.
[[0;32m  OK  [0m] Mounted Huge Pages File System.
[   13.590286] systemd[1]: Mounted POSIX Message Queue File System.
[[0;32m  OK  [0m] Mounted POSIX Message Queue File System.
[   13.648714] systemd[1]: Started Journal Service.
[[0;32m  OK  [0m] Started Journal Service.
[[0;32m  OK  [0m] Started Uncomplicated firewall.
[[0;32m  OK  [0m] Started Load Kernel Modules.
[[0;32m  OK  [0m] Started Set console keymap.
[[0;32m  OK  [0m] Started Create list of required sta...ce nodes for the current kernel.
[[0;32m  OK  [0m] Started Remount Root and Kernel File Systems.
[[0;32m  OK  [0m] Started Nameserver information manager.
[[0;32m  OK  [0m] Started LVM2 metadata daemon.
         Starting udev Coldplug all Devices...
         Starting Load/Save Random Seed...
         Starting Create Static Device Nodes in /dev...
         Starting Apply Kernel Variables...
         Mounting FUSE Control File System...
         Starting Flush Journal to Persistent Storage...
[[0;32m  OK  [0m] Mounted FUSE Control File System.
[[0;32m  OK  [0m] Started Load/Save Random Seed.
[[0;32m  OK  [0m] Started Create Static Device Nodes in /dev.
[[0;32m  OK  [0m] Started Apply Kernel Variables.
[[0;32m  OK  [0m] Started Monitoring of LVM2 mirrors,...ng dmeventd or progress polling.
[[0;32m  OK  [0m] Started udev Coldplug all Devices.
[[0;32m  OK  [0m] Started Flush Journal to Persistent Storage.
         Starting udev Kernel Device Manager...
[[0;32m  OK  [0m] Reached target Local File Systems (Pre).
[[0;32m  OK  [0m] Reached target Local File Systems.
         Starting Set console font and keymap...
         Starting Create Volatile Files and Directories...
         Starting Tell Plymouth To Write Out Runtime Data...
         Starting LSB: AppArmor initialization...
         Starting Commit a transient machine-id on disk...
         Starting Initial cloud-init job (pre-networking)...
[[0;32m  OK  [0m] Started udev Kernel Device Manager.
[[0;32m  OK  [0m] Started Create Volatile Files and Directories.
[[0;32m  OK  [0m] Started Tell Plymouth To Write Out Runtime Data.
[[0;32m  OK  [0m] Started Commit a transient machine-id on disk.
         Starting Update UTMP about System Boot/Shutdown...
[[0;32m  OK  [0m] Started Dispatch Password Requests to Console Directory Watch.
[[0;32m  OK  [0m] Started Update UTMP about System Boot/Shutdown.
[[0;32m  OK  [0m] Found device /dev/ttyS0.
[[0;32m  OK  [0m] Listening on Load/Save RF Kill Switch Status /dev/rfkill Watch.
[[0;32m  OK  [0m] Started Set console font and keymap.
[[0;32m  OK  [0m] Created slice system-getty.slice.
[[0;32m  OK  [0m] Started LSB: AppArmor initialization.
[   14.251775] cloud-init[506]: Cloud-init v. 18.5-45-g3554ffe8-0ubuntu1~16.04.1 running 'init-local' at Thu, 22 Aug 2019 17:34:00 +0000. Up 13.76 seconds.
[[0;32m  OK  [0m] Started Initial cloud-init job (pre-networking).
[[0;32m  OK  [0m] Reached target Network (Pre).
         Starting Raise network interfaces...
[[0;32m  OK  [0m] Started Raise network interfaces.
[[0;32m  OK  [0m] Reached target Network.
         Starting Initial cloud-init job (metadata service crawler)...
[   15.530155] cloud-init[918]: Cloud-init v. 18.5-45-g3554ffe8-0ubuntu1~16.04.1 running 'init' at Thu, 22 Aug 2019 17:34:01 +0000. Up 14.94 seconds.
[   15.581006] [[0;32m  OK  [0m] Started Initial cloud-init job (metadata service crawler).
[[0;32m  OK  [0m] Reached target System Initialization.
cloud-init[918]: ci-info: ++++++++++++++++++++++++++++++++++++++Net device info++++++++++++++++++++++++++++++++++++++
[   15.677415]          Starting LXD - unix socket.
[[0;32m  OK  [0m] Listening on UUID daemon activation socket.
[[0;32m  OK  [0m] Listening on ACPID Listen Socket.
cloud-init[918]: ci-info: +--------+------+----------------------------+---------------+--------+-------------------+
[   15.704579] [[0;32m  OK  [0m] Started ACPI Events Check.
cloud-init[[918]: [0;32m  OK  [0mci-info: | Device |  Up  |          Address           |      Mask     | Scope  |     Hw-Address    |] 
Reached target Paths.
[[0;32m  OK  [0m] Listening on D-Bus System Message Bus Socket.
[[0;32m  OK  [0m] Started Daily Cleanup of Temporary Directories.
         Starting Socket activation for snappy daemon.
[[   15.770123] cloud-init[918]: ci-info: +--------+------+----------------------------+---------------+--------+-------------------+[0;32m  OK  [0m
] Started Daily apt download activities.
[[0;32m  OK  [0m] Started Daily apt upgrade and clean activities.
[   15.784555] cloud-init[918]: ci-info: | enp0s3 | True |         10.0.2.15          | 255.255.255.0 | global | 02:26:7f:6e:ca:81 |
[[0;32m  OK  [0m] Reached target Timers.
[[0;32m  OK  [0m] Reached target Cloud-config availability.
[[0;32m  OK  [0m[   15.861674] ] cloud-initReached target Network is Online.[918]: 
ci-info: | enp0s3 | True | fe80::26:7fff:fe6e:ca81/64 |       .       |  link  | 02:26:7f:6e:ca:81 |
[   15.968880]          Starting iSCSI initiator daemon (iscsid)...
cloud-init[[0;32m  OK  [0m] Listening on LXD - unix socket.
[[0;32m  OK  [0m] Listening on Socket activation for snappy daemon.
[918]: ci-info: |   lo   | True |         127.0.0.1          |   255.0.0.0   |  host  |         .         |
[   16.014810] [[0;32m  OK  [0m] Reached target Sockets.
cloud-init[918]: ci-info: |   lo   | True |          ::1/128           |       .       |  host  |         .         |
[[0;32m  OK  [0m] Reached target Basic System.
[   16.016710] cloud-init[918]: ci-info: +--------+------+----------------------------+---------------+--------+-------------------+
[   16.096247] [[0;32m  OK  [0m] Started FUSE filesystem for LXC.
cloud-init[918]: ci-info: +++++++++++++++++++++++++++Route IPv4 info++++++++++++++++++++++++++++
[   16.125156] cloud-init[918]: ci-info: +-------+-------------+----------+---------------+-----------+-------+
[   16.125692]          cloud-initStarting System Logging Service...[918]: 
ci-info: | Route | Destination | Gateway  |    Genmask    | Interface | Flags |
[   16.127156] cloud-init[918]: ci-info: +-------+-------------+----------+---------------+-----------+-------+
[   16.288904] cloud-init[918]: ci-info: |   0   |   0.0.0.0   | 10.0.2.2 |    0.0.0.0    |   enp0s3  |   UG  |
         Starting LSB: MD monitoring daemon...
[   16.289600] cloud-init[918]: ci-info: |   1   |   10.0.2.0  | 0.0.0.0  | 255.255.255.0 |   enp0s3  |   U   |
[   16.318292] cloud-init[918]: ci-info: +-------+-------------+----------+---------------+-----------+-------+
[   16.318922]          cloud-initStarting Snappy daemon...[918]: 
ci-info: +++++++++++++++++++Route IPv6 info+++++++++++++++++++
[   16.319771] cloud-init[918]: ci-info: +-------+-------------+---------+-----------+-------+
[   16.342826] cloud-init[918]: ci-info: | Route | Destination | Gateway | Interface | Flags |
[   16.346759] cloud-init[918]: ci-info: +-------+-------------+---------+-----------+-------+
[   16.347286] cloud-init[918]: ci-info: |   0   |  fe80::/64  |    ::   |   enp0s3  |   U   |
         Starting Virtualbox guest utils...
[   16.349950] cloud-init[918]: ci-info: |   3   |   ff00::/8  |    ::   |   enp0s3  |   U   |
[   16.376851] cloud-init[918]: ci-info: +-------+-------------+---------+-----------+-------+
[   16.378622] cloud-init[918]: Generating public/private rsa key pair.
         Starting Login Service...
[   16.380771] cloud-init[918]: Your identification has been saved in /etc/ssh/ssh_host_rsa_key.
[   16.393152] cloud-init[918]: Your public key has been saved in /etc/ssh/ssh_host_rsa_key.pub.
[   16.398324] cloud-init[918]: The key fingerprint is:
[   16.402518] cloud-init[918]: SHA256:BJmTrqk/9xz4pj5EYP8dXXupFl9inGWRArjTQLrT+n0 root@ubuntu-xenial
[   16.406754] cloud-init[918]: The key's randomart image is:
[   16.407135] cloud-init[918]: +---[RSA 2048]----+
[   16.409670] cloud-init[918]: |      .+.....  .o|
[   16.409970] cloud-init[918]: |    o =..o   ...o|
[   16.413110] cloud-init[918]: |   . + o. +. o.=.|
[   16.413354] cloud-init[918]: |      +.oo....*.o|
[   16.413489] cloud-init[918]: |     + +So.. .+o.|
[   16.413628] cloud-init[918]: |    o ..+ .  o . |
[   16.413844] cloud-init[918]: |   . ....   .    |
         Starting LSB: Record successful boot for GRUB...
[   16.416285] cloud-init[918]: |  . . ooo..  E   |
[   16.452463] cloud-init[918]: |   ..+o=+. ..    |
[[   16.469295] cloud-init[918]: +----[SHA256]-----+
[   16.470725] cloud-init[918]: Generating public/private dsa key pair.
[0;32m  OK  [0m] Started D-Bus System Message Bus.
[   16.471404] cloud-init[918]: Your identification has been saved in /etc/ssh/ssh_host_dsa_key.
[   16.553673]          Starting Accounts Service...
         Starting LXD - container startup/shutdown...
cloud-init[918]: Your public key has been saved in /etc/ssh/ssh_host_dsa_key.pub.
[   16.588463] cloud-init[918]: The key fingerprint is:
[   16.588978] cloud-init[918]: SHA256:m5bXqcK0A2Pyxhu9nETvIPKPxDzL4yYcJHSm53X9roc root@ubuntu-xenial
[[0;32m  OK  [0m] Started Deferred execution scheduler.
[   16.590144] cloud-init[918]: The key's randomart image is:
[   16.630585] cloud-init[918]: +---[DSA 1024]----+
[   16.652845] cloud-init[918]: |                 |
         Starting /etc/rc.local Compatibility...
[   16.653573] cloud-init[918]: |  . o            |
[   16.677721] cloud-init[918]: | . +     .       |
[   16.678327] cloud-init[918]: |  o o . . .      |
[   16.680091] cloud-init[918]: |   = . .S  .     |
[   16.681102] cloud-init[918]: |    +o+o.= ...   |
[   16.682882] cloud-init[918]: |   ..*B=O.ooo    |
[   16.683860] cloud-init[918]: |    o=*X=*E.o    |
[   16.685540] cloud-init[918]: |     =B+=o+o     |
[   16.686558] cloud-init[918]: +----[SHA256]-----+
[   16.687206] cloud-init[918]: Generating public/private ecdsa key pair.
[[0;32m  OK  [0m] Started ACPI event daemon.
[   16.687438] cloud-init[918]: Your identification has been saved in /etc/ssh/ssh_host_ecdsa_key.
[   16.825823] cloud-init[918]: Your public key has been saved in /etc/ssh/ssh_host_ecdsa_key.pub.
[   16.827058] cloud-init[918]: The key fingerprint is:
[[0;32m  OK  [0m] Started Regular background program processing daemon.
[   16.827646] cloud-init[918]: SHA256:sqHbT7mJNyC76/PAVXhMf5AqK4uTwTFeRM8yRHVMB2c root@ubuntu-xenial
[   16.878808] cloud-init[918]: The key's randomart image is:
[   16.888544] cloud-init[918]: +---[ECDSA 256]---+
[   16.889066] cloud-init[918]: |   o+..o=.E.     |         
Starting Pollinate to seed the pseudo random number generator...
[   16.890163] cloud-init[918]: |   ..o =.=..     |
[   16.943605] cloud-init[918]: |   .o + +.. .    |
[   16.944248] [cloud-init[0;32m  OK  [0m[918]: ] |  o .o.o.  .     |Started System Logging Service.

[[   16.944907] cloud-init[918]: | o +  +oS        |
[   16.983286] cloud-init[918]: |  +.ooo+ .       |
[0;32m  OK  [0m] Started Snappy daemon.
[[   16.984338] cloud-init[918]: |   ++=..o        |
[   17.007125] cloud-init[918]: |  + ++ ooo       |
[   17.007651] cloud-init[918]: |   o==+o+.       |
[0;32m  OK  [0m] Started iSCSI initiator daemon (iscsid).
[   17.009628] cloud-init[918]: +----[SHA256]-----+
[   17.073853] cloud-init[918]: Generating public/private ed25519 key pair.
[   17.082087] cloud-init[918]: Your identification has been saved in /etc/ssh/ssh_host_ed25519_key.
[[0;32m  OK  [0m] Started LXD - container startup/shutdown.[   17.096651] cloud-init[918]: Your public key has been saved in /etc/ssh/ssh_host_ed25519_key.pub.
[   17.108297] cloud-init[918]: The key fingerprint is:
[   17.109650] cloud-init[918]: SHA256:6P/CrU4rqlDD5H4cCEu71+OoLwBRvkIBQEAR6PN/ozU root@ubuntu-xenial
[   17.111646] cloud-init[918]: The key's randomart image is:
[   17.112887] cloud-init[918]: +--[ED25519 256]--+
[   17.113954] cloud-init[918]: |@B+              |
[   17.116240] cloud-init[918]: |o..              |
[   17.118393] cloud-init[918]: |o+o              |
[   17.119453] cloud-init[918]: |+O.o   .         |
[   17.122066] cloud-init[918]: |+.X . . S        |
[   17.123646] cloud-init[918]: |.+.+.o           |
[   17.125586] cloud-init[918]: |o...+o.E..       |
[   17.130670] cloud-init[918]: | o..o.+=+..      |
[   17.134579] cloud-init[918]: | .=+.+oo*+.      |
[   17.136612] cloud-init[918]: +----[SHA256]-----+

[[0;32m  OK  [0m] Started /etc/rc.local Compatibility.
[[0;32m  OK  [0m] Started LSB: MD monitoring daemon.
[[0;32m  OK  [0m] Started LSB: Record successful boot for GRUB.
[[0;32m  OK  [0m] Started Login Service.
[[0;32m  OK  [0m] Started Unattended Upgrades Shutdown.
         Starting Authenticate and Authorize Users to Run Privileged Tasks...
         Starting Login to default iSCSI targets...
         Starting Wait until snapd is fully seeded...
[[0;32m  OK  [0m] Started Virtualbox guest utils.
[[0;32m  OK  [0m] Started Authenticate and Authorize Users to Run Privileged Tasks.
[[0;32m  OK  [0m] Started Accounts Service.
[[0;32m  OK  [0m] Started Login to default iSCSI targets.
[[0;32m  OK  [0m] Reached target Remote File Systems (Pre).
[[0;32m  OK  [0m] Reached target Remote File Systems.
         Starting LSB: Set the CPU Frequency Scaling governor to "ondemand"...
         Starting Permit User Sessions...
         Starting LSB: daemon to balance interrupts for SMP systems...
         Starting LSB: automatic crash report generation...
[[0;32m  OK  [0m] Started Pollinate to seed the pseudo random number generator.
[[0;32m  OK  [0m] Started Permit User Sessions.
         Starting Hold until boot process finishes up...
         Starting Terminate Plymouth Boot Screen...
         Starting OpenBSD Secure Shell server...
[[0;32m  OK  [0m] Started LSB: Set the CPU Frequency Scaling governor to "ondemand".
[[0;32m  OK  [0m] Started LSB: daemon to balance interrupts for SMP systems.
[[0;32m  OK  [0m] Started Hold until boot process finishes up.
[[0;32m  OK  [0m] Started Terminate Plymouth Boot Screen.
[[0;32m  OK  [0m] Started OpenBSD Secure Shell server.
[[0;32m  OK  [0m] Started LSB: automatic crash report generation.
         Starting Set console scheme...
[[0;32m  OK  [0m] Started Serial Getty on ttyS0.
[[0;32m  OK  [0m] Started Getty on tty1.
[[0;32m  OK  [0m] Reached target Login Prompts.
[[0;32m  OK  [0m] Started Set console scheme.
[[0;32m  OK  [0m] Created slice User Slice of vagrant.
         Starting User Manager for UID 1000...
[[0;32m  OK  [0m] Started Session 1 of user vagrant.
[[0;32m  OK  [0m] Started User Manager for UID 1000.
[[0;32m  OK  [0m] Started Wait until snapd is fully seeded.
         Starting Apply the settings specified in cloud-config...
[[0;32m  OK  [0m] Reached target Multi-User System.
[[0;32m  OK  [0m] Reached target Graphical Interface.
         Starting Update UTMP about System Runlevel Changes...
[[0;32m  OK  [0m] Started Update UTMP about System Runlevel Changes.
[   19.631758] cloud-init[1334]: Generating locales (this might take a while)...
         Stopping User Manager for UID 1000...
[[0;32m  OK  [0m] Stopped User Manager for UID 1000.
[[0;32m  OK  [0m] Removed slice User Slice of vagrant.
[[0;32m  OK  [0m] Created slice User Slice of vagrant.
         Starting User Manager for UID 1000...
[[0;32m  OK  [0m] Started User Manager for UID 1000.
[[0;32m  OK  [0m] Started Session 2 of user vagrant.
[   20.721166] cloud-init[1334]:   en_US.UTF-8... done
[   20.733785] cloud-init[1334]: Generation complete.
[   21.049835] cloud-init[1334]: Cloud-init v. 18.5-45-g3554ffe8-0ubuntu1~16.04.1 running 'modules:config' at Thu, 22 Aug 2019 17:34:06 +0000. Up 19.50 seconds.
[[0;32m  OK  [0m] Started Apply the settings specified in cloud-config.
         Starting Execute cloud user/final scripts...
ci-info: no authorized ssh keys fingerprints found for user ubuntu.
<14>Aug 22 17:34:08 ec2: 
<14>Aug 22 17:34:08 ec2: #############################################################
<14>Aug 22 17:34:08 ec2: -----BEGIN SSH HOST KEY FINGERPRINTS-----
<14>Aug 22 17:34:08 ec2: 1024 SHA256:m5bXqcK0A2Pyxhu9nETvIPKPxDzL4yYcJHSm53X9roc root@ubuntu-xenial (DSA)
<14>Aug 22 17:34:08 ec2: 256 SHA256:sqHbT7mJNyC76/PAVXhMf5AqK4uTwTFeRM8yRHVMB2c root@ubuntu-xenial (ECDSA)
<14>Aug 22 17:34:08 ec2: 256 SHA256:6P/CrU4rqlDD5H4cCEu71+OoLwBRvkIBQEAR6PN/ozU root@ubuntu-xenial (ED25519)
<14>Aug 22 17:34:08 ec2: 2048 SHA256:BJmTrqk/9xz4pj5EYP8dXXupFl9inGWRArjTQLrT+n0 root@ubuntu-xenial (RSA)
<14>Aug 22 17:34:08 ec2: -----END SSH HOST KEY FINGERPRINTS-----
<14>Aug 22 17:34:08 ec2: #############################################################
-----BEGIN SSH HOST KEY KEYS-----
ecdsa-sha2-nistp256 AAAAE2VjZHNhLXNoYTItbmlzdHAyNTYAAAAIbmlzdHAyNTYAAABBBIFfjDVggPJG5fQtJDAGJIL7QzCmMNPMDteWweTWEgQR3kdE8qzwZa1GLQ3OvMpx3I1MCZW/pliMGPBq6fdy6bk= root@ubuntu-xenial
ssh-ed25519 AAAAC3NzaC1lZDI1NTE5AAAAIId3NxbFS42J7P1kRaBKmQ3XSd4krpXKQJyrgfOrK5Pr root@ubuntu-xenial
ssh-rsa AAAAB3NzaC1yc2EAAAADAQABAAABAQC9NMzD84bj4+HTx1e7af7Dc6RRk8hJYSWlQtKdflkQzp/cNHQwz2cPVBUYr63MYosm1oB+9gGJZMd2hDWOrkfemAUNln57kpkAz1qPs5rG59bTPNhRX0E3QyQ40Y3staSn45OiR/31UuwTY3RL7j3914AUG32IXPKocL8FesQrHEJPNF7cmqgM1KsaeMnf9QLd/7TXvZ4m0ZG1KuD6xu4p0KAR3qvdITGO3mX6RF5GHNPwiv0jlItWUQ6jQuGCGeAqr6gW51O1DFL1Vmi1OIidchPfMCMmzrj5q1b4DQ/AJq9OrOmcm4WGrAV/QfbFRHiEg8k4vaqf/J11pRZkrz87 root@ubuntu-xenial
-----END SSH HOST KEY KEYS-----
[   21.813285] cloud-init[1561]: Cloud-init v. 18.5-45-g3554ffe8-0ubuntu1~16.04.1 running 'modules:final' at Thu, 22 Aug 2019 17:34:08 +0000. Up 21.52 seconds.
[   21.849338] cloud-init[1561]: ci-info: no authorized ssh keys fingerprints found for user ubuntu.
[   21.866282] cloud-init[1561]: Cloud-init v. 18.5-45-g3554ffe8-0ubuntu1~16.04.1 finished at Thu, 22 Aug 2019 17:34:08 +0000. Datasource DataSourceNoCloud [seed=/dev/sdb][dsmode=net].  Up 21.79 seconds
[[0;32m  OK  [0m] Started Execute cloud user/final scripts.
[[0;32m  OK  [0m] Reached target Cloud-init target.

Ubuntu 16.04.6 LTS ubuntu-xenial ttyS0

ubuntu-xenial login: 